Archive member included to satisfy reference by file (symbol)

c:/st/stm32cubeide_1.4.0/stm32cubeide/plugins/com.st.stm32cube.ide.mcu.externaltools.gnu-tools-for-stm32.10.3-2021.10.win32_1.0.200.202301161003/tools/bin/../lib/gcc/arm-none-eabi/10.3.1/../../../../arm-none-eabi/lib/thumb/v7e-m+fp/hard\libc_nano.a(lib_a-errno.o)
                              ./Core/Src/syscalls.o (__errno)
c:/st/stm32cubeide_1.4.0/stm32cubeide/plugins/com.st.stm32cube.ide.mcu.externaltools.gnu-tools-for-stm32.10.3-2021.10.win32_1.0.200.202301161003/tools/bin/../lib/gcc/arm-none-eabi/10.3.1/../../../../arm-none-eabi/lib/thumb/v7e-m+fp/hard\libc_nano.a(lib_a-exit.o)
                              c:/st/stm32cubeide_1.4.0/stm32cubeide/plugins/com.st.stm32cube.ide.mcu.externaltools.gnu-tools-for-stm32.10.3-2021.10.win32_1.0.200.202301161003/tools/bin/../lib/gcc/arm-none-eabi/10.3.1/../../../../arm-none-eabi/lib/thumb/v7e-m+fp/hard/crt0.o (exit)
c:/st/stm32cubeide_1.4.0/stm32cubeide/plugins/com.st.stm32cube.ide.mcu.externaltools.gnu-tools-for-stm32.10.3-2021.10.win32_1.0.200.202301161003/tools/bin/../lib/gcc/arm-none-eabi/10.3.1/../../../../arm-none-eabi/lib/thumb/v7e-m+fp/hard\libc_nano.a(lib_a-impure.o)
                              c:/st/stm32cubeide_1.4.0/stm32cubeide/plugins/com.st.stm32cube.ide.mcu.externaltools.gnu-tools-for-stm32.10.3-2021.10.win32_1.0.200.202301161003/tools/bin/../lib/gcc/arm-none-eabi/10.3.1/../../../../arm-none-eabi/lib/thumb/v7e-m+fp/hard\libc_nano.a(lib_a-exit.o) (_global_impure_ptr)
c:/st/stm32cubeide_1.4.0/stm32cubeide/plugins/com.st.stm32cube.ide.mcu.externaltools.gnu-tools-for-stm32.10.3-2021.10.win32_1.0.200.202301161003/tools/bin/../lib/gcc/arm-none-eabi/10.3.1/../../../../arm-none-eabi/lib/thumb/v7e-m+fp/hard\libc_nano.a(lib_a-init.o)
                              c:/st/stm32cubeide_1.4.0/stm32cubeide/plugins/com.st.stm32cube.ide.mcu.externaltools.gnu-tools-for-stm32.10.3-2021.10.win32_1.0.200.202301161003/tools/bin/../lib/gcc/arm-none-eabi/10.3.1/../../../../arm-none-eabi/lib/thumb/v7e-m+fp/hard/crt0.o (__libc_init_array)
c:/st/stm32cubeide_1.4.0/stm32cubeide/plugins/com.st.stm32cube.ide.mcu.externaltools.gnu-tools-for-stm32.10.3-2021.10.win32_1.0.200.202301161003/tools/bin/../lib/gcc/arm-none-eabi/10.3.1/../../../../arm-none-eabi/lib/thumb/v7e-m+fp/hard\libc_nano.a(lib_a-malloc.o)
                              ./Middlewares/USB_Host_Library/usbh_cdc.o (malloc)
c:/st/stm32cubeide_1.4.0/stm32cubeide/plugins/com.st.stm32cube.ide.mcu.externaltools.gnu-tools-for-stm32.10.3-2021.10.win32_1.0.200.202301161003/tools/bin/../lib/gcc/arm-none-eabi/10.3.1/../../../../arm-none-eabi/lib/thumb/v7e-m+fp/hard\libc_nano.a(lib_a-memcpy-stub.o)
                              ./Middlewares/FreeRTOS/queue.o (memcpy)
c:/st/stm32cubeide_1.4.0/stm32cubeide/plugins/com.st.stm32cube.ide.mcu.externaltools.gnu-tools-for-stm32.10.3-2021.10.win32_1.0.200.202301161003/tools/bin/../lib/gcc/arm-none-eabi/10.3.1/../../../../arm-none-eabi/lib/thumb/v7e-m+fp/hard\libc_nano.a(lib_a-memset.o)
                              c:/st/stm32cubeide_1.4.0/stm32cubeide/plugins/com.st.stm32cube.ide.mcu.externaltools.gnu-tools-for-stm32.10.3-2021.10.win32_1.0.200.202301161003/tools/bin/../lib/gcc/arm-none-eabi/10.3.1/../../../../arm-none-eabi/lib/thumb/v7e-m+fp/hard/crt0.o (memset)
c:/st/stm32cubeide_1.4.0/stm32cubeide/plugins/com.st.stm32cube.ide.mcu.externaltools.gnu-tools-for-stm32.10.3-2021.10.win32_1.0.200.202301161003/tools/bin/../lib/gcc/arm-none-eabi/10.3.1/../../../../arm-none-eabi/lib/thumb/v7e-m+fp/hard\libc_nano.a(lib_a-nano-freer.o)
                              c:/st/stm32cubeide_1.4.0/stm32cubeide/plugins/com.st.stm32cube.ide.mcu.externaltools.gnu-tools-for-stm32.10.3-2021.10.win32_1.0.200.202301161003/tools/bin/../lib/gcc/arm-none-eabi/10.3.1/../../../../arm-none-eabi/lib/thumb/v7e-m+fp/hard\libc_nano.a(lib_a-malloc.o) (_free_r)
c:/st/stm32cubeide_1.4.0/stm32cubeide/plugins/com.st.stm32cube.ide.mcu.externaltools.gnu-tools-for-stm32.10.3-2021.10.win32_1.0.200.202301161003/tools/bin/../lib/gcc/arm-none-eabi/10.3.1/../../../../arm-none-eabi/lib/thumb/v7e-m+fp/hard\libc_nano.a(lib_a-nano-mallocr.o)
                              c:/st/stm32cubeide_1.4.0/stm32cubeide/plugins/com.st.stm32cube.ide.mcu.externaltools.gnu-tools-for-stm32.10.3-2021.10.win32_1.0.200.202301161003/tools/bin/../lib/gcc/arm-none-eabi/10.3.1/../../../../arm-none-eabi/lib/thumb/v7e-m+fp/hard\libc_nano.a(lib_a-malloc.o) (_malloc_r)
c:/st/stm32cubeide_1.4.0/stm32cubeide/plugins/com.st.stm32cube.ide.mcu.externaltools.gnu-tools-for-stm32.10.3-2021.10.win32_1.0.200.202301161003/tools/bin/../lib/gcc/arm-none-eabi/10.3.1/../../../../arm-none-eabi/lib/thumb/v7e-m+fp/hard\libc_nano.a(lib_a-sbrkr.o)
[...]
Memory Configuration

Name             Origin             Length             Attributes
CCMRAM           0x0000000010000000 0x0000000000010000 xrw
RAM              0x0000000020000000 0x0000000000030000 xrw
FLASH            0x0000000008000000 0x0000000000200000 xr
*default*        0x0000000000000000 0xffffffffffffffff

Linker script and memory map

LOAD c:/st/stm32cubeide_1.4.0/stm32cubeide/plugins/com.st.stm32cube.ide.mcu.externaltools.gnu-tools-for-stm32.10.3-2021.10.win32_1.0.200.202301161003/tools/bin/../lib/gcc/arm-none-eabi/10.3.1/thumb/v7e-m+fp/hard/crti.o
LOAD c:/st/stm32cubeide_1.4.0/stm32cubeide/plugins/com.st.stm32cube.ide.mcu.externaltools.gnu-tools-for-stm32.10.3-2021.10.win32_1.0.200.202301161003/tools/bin/../lib/gcc/arm-none-eabi/10.3.1/thumb/v7e-m+fp/hard/crtbegin.o
LOAD c:/st/stm32cubeide_1.4.0/stm32cubeide/plugins/com.st.stm32cube.ide.mcu.externaltools.gnu-tools-for-stm32.10.3-2021.10.win32_1.0.200.202301161003/tools/bin/../lib/gcc/arm-none-eabi/10.3.1/../../../../arm-none-eabi/lib/thumb/v7e-m+fp/hard/crt0.o
LOAD ./Core/Src/freertos.o
LOAD ./Core/Src/ili9341.o
LOAD ./Core/Src/main.o
LOAD ./Core/Src/stm32f429i_discovery.o
LOAD ./Core/Src/stm32f429i_discovery_io.o
LOAD ./Core/Src/stm32f429i_discovery_lcd.o
LOAD ./Core/Src/stm32f429i_discovery_sdram.o
LOAD ./Core/Src/stm32f429i_discovery_ts.o
LOAD ./Core/Src/stm32f4xx_hal_msp.o
LOAD ./Core/Src/stm32f4xx_hal_timebase_tim.o
LOAD ./Core/Src/stm32f4xx_it.o
LOAD ./Core/Src/stmpe811.o
LOAD ./Core/Src/syscalls.o
LOAD ./Core/Src/sysmem.o
LOAD ./Core/Src/system_stm32f4xx.o
LOAD ./Core/Startup/startup_stm32f429zitx.o
LOAD ./Drivers/STM32F4xx_HAL_Driver/stm32f4xx_hal.o
LOAD ./Drivers/STM32F4xx_HAL_Driver/stm32f4xx_hal_adc.o
LOAD ./Drivers/STM32F4xx_HAL_Driver/stm32f4xx_hal_adc_ex.o
LOAD ./Drivers/STM32F4xx_HAL_Driver/stm32f4xx_hal_cortex.o
LOAD ./Drivers/STM32F4xx_HAL_Driver/stm32f4xx_hal_crc.o
LOAD ./Drivers/STM32F4xx_HAL_Driver/stm32f4xx_hal_dma.o
LOAD ./Drivers/STM32F4xx_HAL_Driver/stm32f4xx_hal_dma2d.o
LOAD ./Drivers/STM32F4xx_HAL_Driver/stm32f4xx_hal_dma_ex.o
LOAD ./Drivers/STM32F4xx_HAL_Driver/stm32f4xx_hal_dsi.o
LOAD ./Drivers/STM32F4xx_HAL_Driver/stm32f4xx_hal_exti.o
LOAD ./Drivers/STM32F4xx_HAL_Driver/stm32f4xx_hal_flash.o
LOAD ./Drivers/STM32F4xx_HAL_Driver/stm32f4xx_hal_flash_ex.o
LOAD ./Drivers/STM32F4xx_HAL_Driver/stm32f4xx_hal_flash_ramfunc.o
LOAD ./Drivers/STM32F4xx_HAL_Driver/stm32f4xx_hal_gpio.o
LOAD ./Drivers/STM32F4xx_HAL_Driver/stm32f4xx_hal_hcd.o
LOAD ./Drivers/STM32F4xx_HAL_Driver/stm32f4xx_hal_i2c.o
LOAD ./Drivers/STM32F4xx_HAL_Driver/stm32f4xx_hal_i2c_ex.o
LOAD ./Drivers/STM32F4xx_HAL_Driver/stm32f4xx_hal_ltdc.o
LOAD ./Drivers/STM32F4xx_HAL_Driver/stm32f4xx_hal_ltdc_ex.o
LOAD ./Drivers/STM32F4xx_HAL_Driver/stm32f4xx_hal_pwr.o
LOAD ./Drivers/STM32F4xx_HAL_Driver/stm32f4xx_hal_pwr_ex.o
LOAD ./Drivers/STM32F4xx_HAL_Driver/stm32f4xx_hal_rcc.o
LOAD ./Drivers/STM32F4xx_HAL_Driver/stm32f4xx_hal_rcc_ex.o
LOAD ./Drivers/STM32F4xx_HAL_Driver/stm32f4xx_hal_sdram.o
LOAD ./Drivers/STM32F4xx_HAL_Driver/stm32f4xx_hal_spi.o
LOAD ./Drivers/STM32F4xx_HAL_Driver/stm32f4xx_hal_tim.o
LOAD ./Drivers/STM32F4xx_HAL_Driver/stm32f4xx_hal_tim_ex.o
LOAD ./Drivers/STM32F4xx_HAL_Driver/stm32f4xx_hal_uart.o
LOAD ./Drivers/STM32F4xx_HAL_Driver/stm32f4xx_ll_adc.o
LOAD ./Drivers/STM32F4xx_HAL_Driver/stm32f4xx_ll_fmc.o
LOAD ./Drivers/STM32F4xx_HAL_Driver/stm32f4xx_ll_usb.o
LOAD ./Middlewares/FreeRTOS/cmsis_os.o
LOAD ./Middlewares/FreeRTOS/croutine.o
LOAD ./Middlewares/FreeRTOS/event_groups.o
LOAD ./Middlewares/FreeRTOS/heap_4.o
LOAD ./Middlewares/FreeRTOS/list.o
LOAD ./Middlewares/FreeRTOS/port.o
LOAD ./Middlewares/FreeRTOS/queue.o
LOAD ./Middlewares/FreeRTOS/stream_buffer.o
LOAD ./Middlewares/FreeRTOS/tasks.o
LOAD ./Middlewares/FreeRTOS/timers.o
LOAD ./Middlewares/USB_Host_Library/usbh_cdc.o
LOAD ./Middlewares/USB_Host_Library/usbh_core.o
LOAD ./Middlewares/USB_Host_Library/usbh_ctlreq.o
LOAD ./Middlewares/USB_Host_Library/usbh_ioreq.o
LOAD ./Middlewares/USB_Host_Library/usbh_pipes.o
LOAD ./USB_HOST/App/usb_host.o
LOAD ./USB_HOST/Target/usbh_conf.o
LOAD ./USB_HOST/Target/usbh_platform.o
START GROUP
LOAD c:/st/stm32cubeide_1.4.0/stm32cubeide/plugins/com.st.stm32cube.ide.mcu.externaltools.gnu-tools-for-stm32.10.3-2021.10.win32_1.0.200.202301161003/tools/bin/../lib/gcc/arm-none-eabi/10.3.1/../../../../arm-none-eabi/lib/thumb/v7e-m+fp/hard\libc_nano.a
LOAD c:/st/stm32cubeide_1.4.0/stm32cubeide/plugins/com.st.stm32cube.ide.mcu.externaltools.gnu-tools-for-stm32.10.3-2021.10.win32_1.0.200.202301161003/tools/bin/../lib/gcc/arm-none-eabi/10.3.1/../../../../arm-none-eabi/lib/thumb/v7e-m+fp/hard\libm.a
END GROUP
START GROUP
LOAD c:/st/stm32cubeide_1.4.0/stm32cubeide/plugins/com.st.stm32cube.ide.mcu.externaltools.gnu-tools-for-stm32.10.3-2021.10.win32_1.0.200.202301161003/tools/bin/../lib/gcc/arm-none-eabi/10.3.1/thumb/v7e-m+fp/hard\libgcc.a
LOAD c:/st/stm32cubeide_1.4.0/stm32cubeide/plugins/com.st.stm32cube.ide.mcu.externaltools.gnu-tools-for-stm32.10.3-2021.10.win32_1.0.200.202301161003/tools/bin/../lib/gcc/arm-none-eabi/10.3.1/../../../../arm-none-eabi/lib/thumb/v7e-m+fp/hard\libc_nano.a
END GROUP
START GROUP
LOAD c:/st/stm32cubeide_1.4.0/stm32cubeide/plugins/com.st.stm32cube.ide.mcu.externaltools.gnu-tools-for-stm32.10.3-2021.10.win32_1.0.200.202301161003/tools/bin/../lib/gcc/arm-none-eabi/10.3.1/thumb/v7e-m+fp/hard\libgcc.a
LOAD c:/st/stm32cubeide_1.4.0/stm32cubeide/plugins/com.st.stm32cube.ide.mcu.externaltools.gnu-tools-for-stm32.10.3-2021.10.win32_1.0.200.202301161003/tools/bin/../lib/gcc/arm-none-eabi/10.3.1/../../../../arm-none-eabi/lib/thumb/v7e-m+fp/hard\libc_nano.a
LOAD c:/st/stm32cubeide_1.4.0/stm32cubeide/plugins/com.st.stm32cube.ide.mcu.externaltools.gnu-tools-for-stm32.10.3-2021.10.win32_1.0.200.202301161003/tools/bin/../lib/gcc/arm-none-eabi/10.3.1/../../../../arm-none-eabi/lib/thumb/v7e-m+fp/hard\libnosys.a
END GROUP
START GROUP
LOAD c:/st/stm32cubeide_1.4.0/stm32cubeide/plugins/com.st.stm32cube.ide.mcu.externaltools.gnu-tools-for-stm32.10.3-2021.10.win32_1.0.200.202301161003/tools/bin/../lib/gcc/arm-none-eabi/10.3.1/thumb/v7e-m+fp/hard\libgcc.a
LOAD c:/st/stm32cubeide_1.4.0/stm32cubeide/plugins/com.st.stm32cube.ide.mcu.externaltools.gnu-tools-for-stm32.10.3-2021.10.win32_1.0.200.202301161003/tools/bin/../lib/gcc/arm-none-eabi/10.3.1/../../../../arm-none-eabi/lib/thumb/v7e-m+fp/hard\libc_nano.a
LOAD c:/st/stm32cubeide_1.4.0/stm32cubeide/plugins/com.st.stm32cube.ide.mcu.externaltools.gnu-tools-for-stm32.10.3-2021.10.win32_1.0.200.202301161003/tools/bin/../lib/gcc/arm-none-eabi/10.3.1/../../../../arm-none-eabi/lib/thumb/v7e-m+fp/hard\libnosys.a
END GROUP
LOAD c:/st/stm32cubeide_1.4.0/stm32cubeide/plugins/com.st.stm32cube.ide.mcu.externaltools.gnu-tools-for-stm32.10.3-2021.10.win32_1.0.200.202301161003/tools/bin/../lib/gcc/arm-none-eabi/10.3.1/thumb/v7e-m+fp/hard/crtend.o
LOAD c:/st/stm32cubeide_1.4.0/stm32cubeide/plugins/com.st.stm32cube.ide.mcu.externaltools.gnu-tools-for-stm32.10.3-2021.10.win32_1.0.200.202301161003/tools/bin/../lib/gcc/arm-none-eabi/10.3.1/thumb/v7e-m+fp/hard/crtn.o
                0x0000000020030000                _estack = (ORIGIN (RAM) + LENGTH (RAM))
                0x0000000000000200                _Min_Heap_Size = 0x200
                0x0000000000000400                _Min_Stack_Size = 0x400

.isr_vector     0x0000000008000000      0x1ac
                0x0000000008000000                . = ALIGN (0x4)
 *(.isr_vector)
 .isr_vector    0x0000000008000000      0x1ac ./Core/Startup/startup_stm32f429zitx.o
                0x0000000008000000                g_pfnVectors
                0x00000000080001ac                . = ALIGN (0x4)

.text           0x00000000080001b0     0xf888
                0x00000000080001b0                . = ALIGN (0x4)
 *(.text)
 .text          0x00000000080001b0       0x40 c:/st/stm32cubeide_1.4.0/stm32cubeide/plugins/com.st.stm32cube.ide.mcu.externaltools.gnu-tools-for-stm32.10.3-2021.10.win32_1.0.200.202301161003/tools/bin/../lib/gcc/arm-none-eabi/10.3.1/thumb/v7e-m+fp/hard/crtbegin.o
 .text          0x00000000080001f0       0x30 c:/st/stm32cubeide_1.4.0/stm32cubeide/plugins/com.st.stm32cube.ide.mcu.externaltools.gnu-tools-for-stm32.10.3-2021.10.win32_1.0.200.202301161003/tools/bin/../lib/gcc/arm-none-eabi/10.3.1/thumb/v7e-m+fp/hard\libgcc.a(_aeabi_uldivmod.o)
                0x00000000080001f0                __aeabi_uldivmod
 .text          0x0000000008000220      0x2d0 c:/st/stm32cubeide_1.4.0/stm32cubeide/plugins/com.st.stm32cube.ide.mcu.externaltools.gnu-tools-for-stm32.10.3-2021.10.win32_1.0.200.202301161003/tools/bin/../lib/gcc/arm-none-eabi/10.3.1/thumb/v7e-m+fp/hard\libgcc.a(_udivmoddi4.o)
                0x0000000008000220                __udivmoddi4
 .text          0x00000000080004f0        0x4 c:/st/stm32cubeide_1.4.0/stm32cubeide/plugins/com.st.stm32cube.ide.mcu.externaltools.gnu-tools-for-stm32.10.3-2021.10.win32_1.0.200.202301161003/tools/bin/../lib/gcc/arm-none-eabi/10.3.1/thumb/v7e-m+fp/hard\libgcc.a(_dvmd_tls.o)
                0x00000000080004f0                __aeabi_idiv0
                0x00000000080004f0                __aeabi_ldiv0
 *(.text*)
 .text.vApplicationGetIdleTaskMemory
                0x00000000080004f4       0x34 ./Core/Src/freertos.o
                0x00000000080004f4                vApplicationGetIdleTaskMemory
 .text.ili9341_Init
                0x0000000008000528      0x294 ./Core/Src/ili9341.o
                0x0000000008000528                ili9341_Init
 .text.ili9341_ReadID
                0x00000000080007bc       0x18 ./Core/Src/ili9341.o
                0x00000000080007bc                ili9341_ReadID
 .text.ili9341_DisplayOn
                0x00000000080007d4        0xe ./Core/Src/ili9341.o
                0x00000000080007d4                ili9341_DisplayOn
 .text.ili9341_DisplayOff
                0x00000000080007e2        0xe ./Core/Src/ili9341.o
                0x00000000080007e2                ili9341_DisplayOff
 .text.ili9341_WriteReg
                0x00000000080007f0       0x1a ./Core/Src/ili9341.o
                0x00000000080007f0                ili9341_WriteReg
 .text.ili9341_WriteData
                0x000000000800080a       0x1a ./Core/Src/ili9341.o
                0x000000000800080a                ili9341_WriteData
 .text.ili9341_ReadData
                0x0000000008000824       0x26 ./Core/Src/ili9341.o
                0x0000000008000824                ili9341_ReadData
 .text.ili9341_GetLcdPixelWidth
                0x000000000800084a       0x10 ./Core/Src/ili9341.o
                0x000000000800084a                ili9341_GetLcdPixelWidth
 .text.ili9341_GetLcdPixelHeight
                0x000000000800085a       0x12 ./Core/Src/ili9341.o
                0x000000000800085a                ili9341_GetLcdPixelHeight
 .text.main     0x000000000800086c       0x6c ./Core/Src/main.o
                0x000000000800086c                main
 .text.SystemClock_Config
                0x00000000080008d8       0xd4 ./Core/Src/main.o
                0x00000000080008d8                SystemClock_Config
 .text.MX_ADC1_Init
                0x00000000080009ac       0xa4 ./Core/Src/main.o
 .text.MX_CRC_Init
                0x0000000008000a50       0x28 ./Core/Src/main.o
 .text.MX_DMA2D_Init
                0x0000000008000a78       0x64 ./Core/Src/main.o
 .text.MX_I2C3_Init
                0x0000000008000adc       0x80 ./Core/Src/main.o
 .text.MX_LTDC_Init
                0x0000000008000b5c      0x100 ./Core/Src/main.o
 .text.MX_SPI5_Init
                0x0000000008000c5c       0x6c ./Core/Src/main.o
 .text.MX_TIM1_Init
                0x0000000008000cc8       0xa0 ./Core/Src/main.o
 .text.MX_UART5_Init
                0x0000000008000d68       0x54 ./Core/Src/main.o
 .text.MX_USART1_UART_Init
                0x0000000008000dbc       0x54 ./Core/Src/main.o
 .text.MX_FMC_Init
                0x0000000008000e10       0xa0 ./Core/Src/main.o
 .text.MX_GPIO_Init
                0x0000000008000eb0      0x248 ./Core/Src/main.o
 .text.apaga_leds
                0x00000000080010f8       0x34 ./Core/Src/main.o
                0x00000000080010f8                apaga_leds
 .text.ExecutionTime_task
                0x000000000800112c      0x384 ./Core/Src/main.o
                0x000000000800112c                ExecutionTime_task
 .text.Sequence_task
                0x00000000080014b0       0x64 ./Core/Src/main.o
                0x00000000080014b0                Sequence_task
 .text.StartDefaultTask
                0x0000000008001514       0x6c ./Core/Src/main.o
                0x0000000008001514                StartDefaultTask
 .text.HAL_TIM_PeriodElapsedCallback
                0x0000000008001580       0x24 ./Core/Src/main.o
                0x0000000008001580                HAL_TIM_PeriodElapsedCallback
 .text.Error_Handler
                0x00000000080015a4        0xa ./Core/Src/main.o
                0x00000000080015a4                Error_Handler
 *fill*         0x00000000080015ae        0x2 
 .text.SPIx_Init
                0x00000000080015b0       0x74 ./Core/Src/stm32f429i_discovery.o
 .text.SPIx_Read
                0x0000000008001624       0x40 ./Core/Src/stm32f429i_discovery.o
 .text.SPIx_Write
                0x0000000008001664       0x3c ./Core/Src/stm32f429i_discovery.o
 .text.SPIx_Error
                0x00000000080016a0       0x18 ./Core/Src/stm32f429i_discovery.o
 .text.SPIx_MspInit
                0x00000000080016b8       0x74 ./Core/Src/stm32f429i_discovery.o
 .text.LCD_IO_Init
                0x000000000800172c       0xf0 ./Core/Src/stm32f429i_discovery.o
                0x000000000800172c                LCD_IO_Init
 .text.LCD_IO_WriteData
                0x000000000800181c       0x44 ./Core/Src/stm32f429i_discovery.o
                0x000000000800181c                LCD_IO_WriteData
 .text.LCD_IO_WriteReg
                0x0000000008001860       0x44 ./Core/Src/stm32f429i_discovery.o
                0x0000000008001860                LCD_IO_WriteReg
 .text.LCD_IO_ReadData
                0x00000000080018a4       0x64 ./Core/Src/stm32f429i_discovery.o
                0x00000000080018a4                LCD_IO_ReadData
 .text.LCD_Delay
                0x0000000008001908       0x16 ./Core/Src/stm32f429i_discovery.o
                0x0000000008001908                LCD_Delay
 *fill*         0x000000000800191e        0x2 
 .text.BSP_LCD_Init
                0x0000000008001920       0xd4 ./Core/Src/stm32f429i_discovery_lcd.o
                0x0000000008001920                BSP_LCD_Init
 .text.BSP_LCD_GetXSize
                0x00000000080019f4       0x18 ./Core/Src/stm32f429i_discovery_lcd.o
                0x00000000080019f4                BSP_LCD_GetXSize
 .text.BSP_LCD_GetYSize
                0x0000000008001a0c       0x18 ./Core/Src/stm32f429i_discovery_lcd.o
                0x0000000008001a0c                BSP_LCD_GetYSize
 .text.BSP_LCD_LayerDefaultInit
                0x0000000008001a24       0xc8 ./Core/Src/stm32f429i_discovery_lcd.o
                0x0000000008001a24                BSP_LCD_LayerDefaultInit
 .text.BSP_LCD_SelectLayer
                0x0000000008001aec       0x20 ./Core/Src/stm32f429i_discovery_lcd.o
                0x0000000008001aec                BSP_LCD_SelectLayer
 .text.BSP_LCD_SetLayerVisible
                0x0000000008001b0c       0x7c ./Core/Src/stm32f429i_discovery_lcd.o
                0x0000000008001b0c                BSP_LCD_SetLayerVisible
 .text.BSP_LCD_SetColorKeying
                0x0000000008001b88       0x28 ./Core/Src/stm32f429i_discovery_lcd.o
                0x0000000008001b88                BSP_LCD_SetColorKeying
 .text.BSP_LCD_SetTextColor
                0x0000000008001bb0       0x30 ./Core/Src/stm32f429i_discovery_lcd.o
                0x0000000008001bb0                BSP_LCD_SetTextColor
 .text.BSP_LCD_SetBackColor
                0x0000000008001be0       0x34 ./Core/Src/stm32f429i_discovery_lcd.o
                0x0000000008001be0                BSP_LCD_SetBackColor
 .text.BSP_LCD_SetFont
                0x0000000008001c14       0x34 ./Core/Src/stm32f429i_discovery_lcd.o
                0x0000000008001c14                BSP_LCD_SetFont
 .text.BSP_LCD_Clear
                0x0000000008001c48       0x50 ./Core/Src/stm32f429i_discovery_lcd.o
                0x0000000008001c48                BSP_LCD_Clear
 .text.BSP_LCD_DisplayChar
                0x0000000008001c98       0x88 ./Core/Src/stm32f429i_discovery_lcd.o
                0x0000000008001c98                BSP_LCD_DisplayChar
 .text.BSP_LCD_DisplayStringAt
                0x0000000008001d20      0x17c ./Core/Src/stm32f429i_discovery_lcd.o
                0x0000000008001d20                BSP_LCD_DisplayStringAt
 .text.BSP_LCD_DisplayOn
                0x0000000008001e9c       0x20 ./Core/Src/stm32f429i_discovery_lcd.o
                0x0000000008001e9c                BSP_LCD_DisplayOn
 .text.BSP_LCD_MspInit
                0x0000000008001ebc      0x1ac ./Core/Src/stm32f429i_discovery_lcd.o
                0x0000000008001ebc                BSP_LCD_MspInit
 .text.BSP_LCD_DrawPixel
                0x0000000008002068       0x4c ./Core/Src/stm32f429i_discovery_lcd.o
                0x0000000008002068                BSP_LCD_DrawPixel
 .text.DrawChar
                0x00000000080020b4      0x174 ./Core/Src/stm32f429i_discovery_lcd.o
 .text.FillBuffer
                0x0000000008002228       0x70 ./Core/Src/stm32f429i_discovery_lcd.o
 .text.BSP_SDRAM_Init
                0x0000000008002298       0xbc ./Core/Src/stm32f429i_discovery_sdram.o
                0x0000000008002298                BSP_SDRAM_Init
 .text.BSP_SDRAM_Initialization_sequence
                0x0000000008002354       0xc0 ./Core/Src/stm32f429i_discovery_sdram.o
                0x0000000008002354                BSP_SDRAM_Initialization_sequence
 .text.BSP_SDRAM_MspInit
                0x0000000008002414      0x218 ./Core/Src/stm32f429i_discovery_sdram.o
                0x0000000008002414                BSP_SDRAM_MspInit
 .text.HAL_MspInit
                0x000000000800262c       0x58 ./Core/Src/stm32f4xx_hal_msp.o
                0x000000000800262c                HAL_MspInit
 .text.HAL_ADC_MspInit
                0x0000000008002684       0x88 ./Core/Src/stm32f4xx_hal_msp.o
                0x0000000008002684                HAL_ADC_MspInit
 .text.HAL_CRC_MspInit
                0x000000000800270c       0x44 ./Core/Src/stm32f4xx_hal_msp.o
                0x000000000800270c                HAL_CRC_MspInit
 .text.HAL_DMA2D_MspInit
                0x0000000008002750       0x50 ./Core/Src/stm32f4xx_hal_msp.o
                0x0000000008002750                HAL_DMA2D_MspInit
 .text.HAL_I2C_MspInit
                0x00000000080027a0       0xd4 ./Core/Src/stm32f4xx_hal_msp.o
                0x00000000080027a0                HAL_I2C_MspInit
 .text.HAL_LTDC_MspInit
                0x0000000008002874      0x260 ./Core/Src/stm32f4xx_hal_msp.o
                0x0000000008002874                HAL_LTDC_MspInit
 .text.HAL_SPI_MspInit
                0x0000000008002ad4       0x90 ./Core/Src/stm32f4xx_hal_msp.o
                0x0000000008002ad4                HAL_SPI_MspInit
 .text.HAL_SPI_MspDeInit
                0x0000000008002b64       0x3c ./Core/Src/stm32f4xx_hal_msp.o
                0x0000000008002b64                HAL_SPI_MspDeInit
 .text.HAL_TIM_Base_MspInit
                0x0000000008002ba0       0x44 ./Core/Src/stm32f4xx_hal_msp.o
                0x0000000008002ba0                HAL_TIM_Base_MspInit
 .text.HAL_UART_MspInit
                0x0000000008002be4      0x140 ./Core/Src/stm32f4xx_hal_msp.o
                0x0000000008002be4                HAL_UART_MspInit
 .text.HAL_FMC_MspInit
                0x0000000008002d24      0x124 ./Core/Src/stm32f4xx_hal_msp.o
 .text.HAL_SDRAM_MspInit
                0x0000000008002e48       0x14 ./Core/Src/stm32f4xx_hal_msp.o
                0x0000000008002e48                HAL_SDRAM_MspInit
 .text.HAL_InitTick
                0x0000000008002e5c       0xf8 ./Core/Src/stm32f4xx_hal_timebase_tim.o
                0x0000000008002e5c                HAL_InitTick
 .text.NMI_Handler
                0x0000000008002f54        0x6 ./Core/Src/stm32f4xx_it.o
                0x0000000008002f54                NMI_Handler
 .text.HardFault_Handler
                0x0000000008002f5a        0x6 ./Core/Src/stm32f4xx_it.o
                0x0000000008002f5a                HardFault_Handler
 .text.MemManage_Handler
                0x0000000008002f60        0x6 ./Core/Src/stm32f4xx_it.o
                0x0000000008002f60                MemManage_Handler
 .text.BusFault_Handler
                0x0000000008002f66        0x6 ./Core/Src/stm32f4xx_it.o
                0x0000000008002f66                BusFault_Handler
 .text.UsageFault_Handler
                0x0000000008002f6c        0x6 ./Core/Src/stm32f4xx_it.o
                0x0000000008002f6c                UsageFault_Handler
 .text.DebugMon_Handler
                0x0000000008002f72        0xe ./Core/Src/stm32f4xx_it.o
                0x0000000008002f72                DebugMon_Handler
 .text.TIM6_DAC_IRQHandler
                0x0000000008002f80       0x14 ./Core/Src/stm32f4xx_it.o
                0x0000000008002f80                TIM6_DAC_IRQHandler
 .text.OTG_HS_IRQHandler
                0x0000000008002f94       0x14 ./Core/Src/stm32f4xx_it.o
                0x0000000008002f94                OTG_HS_IRQHandler
 .text.LTDC_IRQHandler
                0x0000000008002fa8       0x14 ./Core/Src/stm32f4xx_it.o
                0x0000000008002fa8                LTDC_IRQHandler
 .text.DMA2D_IRQHandler
                0x0000000008002fbc       0x14 ./Core/Src/stm32f4xx_it.o
                0x0000000008002fbc                DMA2D_IRQHandler
 .text._sbrk    0x0000000008002fd0       0x6c ./Core/Src/sysmem.o
                0x0000000008002fd0                _sbrk
 .text.SystemInit
                0x000000000800303c       0x24 ./Core/Src/system_stm32f4xx.o
                0x000000000800303c                SystemInit
 .text.Reset_Handler
                0x0000000008003060       0x50 ./Core/Startup/startup_stm32f429zitx.o
                0x0000000008003060                Reset_Handler
 .text.Default_Handler
                0x00000000080030b0        0x2 ./Core/Startup/startup_stm32f429zitx.o
                0x00000000080030b0                RTC_Alarm_IRQHandler
                0x00000000080030b0                HASH_RNG_IRQHandler
                0x00000000080030b0                EXTI2_IRQHandler
                0x00000000080030b0                TIM8_CC_IRQHandler
                0x00000000080030b0                UART8_IRQHandler
                0x00000000080030b0                SPI4_IRQHandler
                0x00000000080030b0                TIM1_CC_IRQHandler
                0x00000000080030b0                DMA2_Stream5_IRQHandler
                0x00000000080030b0                DMA1_Stream5_IRQHandler
                0x00000000080030b0                PVD_IRQHandler
                0x00000000080030b0                SDIO_IRQHandler
                0x00000000080030b0                TAMP_STAMP_IRQHandler
                0x00000000080030b0                CAN2_RX1_IRQHandler
                0x00000000080030b0                EXTI3_IRQHandler
                0x00000000080030b0                TIM8_TRG_COM_TIM14_IRQHandler
                0x00000000080030b0                TIM1_UP_TIM10_IRQHandler
                0x00000000080030b0                TIM8_UP_TIM13_IRQHandler
                0x00000000080030b0                I2C3_ER_IRQHandler
                0x00000000080030b0                EXTI0_IRQHandler
                0x00000000080030b0                I2C2_EV_IRQHandler
                0x00000000080030b0                DMA1_Stream2_IRQHandler
                0x00000000080030b0                CAN1_RX0_IRQHandler
                0x00000000080030b0                FPU_IRQHandler
                0x00000000080030b0                OTG_HS_WKUP_IRQHandler
                0x00000000080030b0                LTDC_ER_IRQHandler
                0x00000000080030b0                CAN2_SCE_IRQHandler
                0x00000000080030b0                DMA2_Stream2_IRQHandler
                0x00000000080030b0                SPI1_IRQHandler
                0x00000000080030b0                TIM1_BRK_TIM9_IRQHandler
                0x00000000080030b0                DCMI_IRQHandler
                0x00000000080030b0                CAN2_RX0_IRQHandler
                0x00000000080030b0                DMA2_Stream3_IRQHandler
                0x00000000080030b0                USART6_IRQHandler
                0x00000000080030b0                USART3_IRQHandler
                0x00000000080030b0                CAN1_RX1_IRQHandler
                0x00000000080030b0                UART5_IRQHandler
                0x00000000080030b0                DMA2_Stream0_IRQHandler
                0x00000000080030b0                TIM4_IRQHandler
                0x00000000080030b0                I2C1_EV_IRQHandler
                0x00000000080030b0                DMA1_Stream6_IRQHandler
                0x00000000080030b0                DMA1_Stream1_IRQHandler
                0x00000000080030b0                UART4_IRQHandler
                0x00000000080030b0                TIM3_IRQHandler
                0x00000000080030b0                RCC_IRQHandler
                0x00000000080030b0                TIM8_BRK_TIM12_IRQHandler
                0x00000000080030b0                Default_Handler
                0x00000000080030b0                EXTI15_10_IRQHandler
                0x00000000080030b0                ADC_IRQHandler
                0x00000000080030b0                DMA1_Stream7_IRQHandler
                0x00000000080030b0                SPI5_IRQHandler
                0x00000000080030b0                TIM7_IRQHandler
                0x00000000080030b0                CAN2_TX_IRQHandler
                0x00000000080030b0                TIM5_IRQHandler
                0x00000000080030b0                DMA2_Stream7_IRQHandler
                0x00000000080030b0                I2C3_EV_IRQHandler
                0x00000000080030b0                EXTI9_5_IRQHandler
                0x00000000080030b0                RTC_WKUP_IRQHandler
                0x00000000080030b0                ETH_WKUP_IRQHandler
                0x00000000080030b0                SPI2_IRQHandler
                0x00000000080030b0                OTG_HS_EP1_IN_IRQHandler
                0x00000000080030b0                DMA1_Stream0_IRQHandler
                0x00000000080030b0                CAN1_TX_IRQHandler
                0x00000000080030b0                EXTI4_IRQHandler
                0x00000000080030b0                ETH_IRQHandler
                0x00000000080030b0                OTG_HS_EP1_OUT_IRQHandler
                0x00000000080030b0                WWDG_IRQHandler
                0x00000000080030b0                SPI6_IRQHandler
                0x00000000080030b0                TIM2_IRQHandler
                0x00000000080030b0                OTG_FS_WKUP_IRQHandler
                0x00000000080030b0                TIM1_TRG_COM_TIM11_IRQHandler
                0x00000000080030b0                EXTI1_IRQHandler
                0x00000000080030b0                UART7_IRQHandler
                0x00000000080030b0                USART2_IRQHandler
                0x00000000080030b0                I2C2_ER_IRQHandler
                0x00000000080030b0                DMA2_Stream1_IRQHandler
                0x00000000080030b0                CAN1_SCE_IRQHandler
                0x00000000080030b0                FLASH_IRQHandler
                0x00000000080030b0                DMA2_Stream4_IRQHandler
                0x00000000080030b0                USART1_IRQHandler
                0x00000000080030b0                OTG_FS_IRQHandler
                0x00000000080030b0                SPI3_IRQHandler
                0x00000000080030b0                DMA1_Stream4_IRQHandler
                0x00000000080030b0                I2C1_ER_IRQHandler
                0x00000000080030b0                FMC_IRQHandler
                0x00000000080030b0                DMA2_Stream6_IRQHandler
                0x00000000080030b0                SAI1_IRQHandler
                0x00000000080030b0                DMA1_Stream3_IRQHandler
 *fill*         0x00000000080030b2        0x2 
 .text.HAL_Init
                0x00000000080030b4       0x44 ./Drivers/STM32F4xx_HAL_Driver/stm32f4xx_hal.o
                0x00000000080030b4                HAL_Init
 .text.HAL_IncTick
                0x00000000080030f8       0x28 ./Drivers/STM32F4xx_HAL_Driver/stm32f4xx_hal.o
                0x00000000080030f8                HAL_IncTick
 .text.HAL_GetTick
                0x0000000008003120       0x18 ./Drivers/STM32F4xx_HAL_Driver/stm32f4xx_hal.o
                0x0000000008003120                HAL_GetTick
 .text.HAL_Delay
                0x0000000008003138       0x48 ./Drivers/STM32F4xx_HAL_Driver/stm32f4xx_hal.o
                0x0000000008003138                HAL_Delay
 .text.HAL_ADC_Init
                0x0000000008003180       0x86 ./Drivers/STM32F4xx_HAL_Driver/stm32f4xx_hal_adc.o
                0x0000000008003180                HAL_ADC_Init
 *fill*         0x0000000008003206        0x2 
 .text.HAL_ADC_ConfigChannel
                0x0000000008003208      0x264 ./Drivers/STM32F4xx_HAL_Driver/stm32f4xx_hal_adc.o
                0x0000000008003208                HAL_ADC_ConfigChannel
 .text.ADC_Init
                0x000000000800346c      0x1f8 ./Drivers/STM32F4xx_HAL_Driver/stm32f4xx_hal_adc.o
 .text.__NVIC_SetPriorityGrouping
                0x0000000008003664       0x48 ./Drivers/STM32F4xx_HAL_Driver/stm32f4xx_hal_cortex.o
 .text.__NVIC_GetPriorityGrouping
                0x00000000080036ac       0x1c ./Drivers/STM32F4xx_HAL_Driver/stm32f4xx_hal_cortex.o
 .text.__NVIC_EnableIRQ
                0x00000000080036c8       0x3c ./Drivers/STM32F4xx_HAL_Driver/stm32f4xx_hal_cortex.o
 .text.__NVIC_SetPriority
                0x0000000008003704       0x54 ./Drivers/STM32F4xx_HAL_Driver/stm32f4xx_hal_cortex.o
 .text.NVIC_EncodePriority
                0x0000000008003758       0x66 ./Drivers/STM32F4xx_HAL_Driver/stm32f4xx_hal_cortex.o
 .text.HAL_NVIC_SetPriorityGrouping
                0x00000000080037be       0x16 ./Drivers/STM32F4xx_HAL_Driver/stm32f4xx_hal_cortex.o
                0x00000000080037be                HAL_NVIC_SetPriorityGrouping
 .text.HAL_NVIC_SetPriority
                0x00000000080037d4       0x38 ./Drivers/STM32F4xx_HAL_Driver/stm32f4xx_hal_cortex.o
                0x00000000080037d4                HAL_NVIC_SetPriority
 .text.HAL_NVIC_EnableIRQ
                0x000000000800380c       0x1c ./Drivers/STM32F4xx_HAL_Driver/stm32f4xx_hal_cortex.o
                0x000000000800380c                HAL_NVIC_EnableIRQ
 .text.HAL_CRC_Init
                0x0000000008003828       0x38 ./Drivers/STM32F4xx_HAL_Driver/stm32f4xx_hal_crc.o
                0x0000000008003828                HAL_CRC_Init
 .text.HAL_DMA_Init
                0x0000000008003860      0x15c ./Drivers/STM32F4xx_HAL_Driver/stm32f4xx_hal_dma.o
                0x0000000008003860                HAL_DMA_Init
 .text.HAL_DMA_DeInit
                0x00000000080039bc       0xbc ./Drivers/STM32F4xx_HAL_Driver/stm32f4xx_hal_dma.o
                0x00000000080039bc                HAL_DMA_DeInit
 .text.DMA_CalcBaseAndBitshift
                0x0000000008003a78       0x6c ./Drivers/STM32F4xx_HAL_Driver/stm32f4xx_hal_dma.o
 .text.DMA_CheckFifoParam
                0x0000000008003ae4       0xf8 ./Drivers/STM32F4xx_HAL_Driver/stm32f4xx_hal_dma.o
 .text.HAL_DMA2D_Init
                0x0000000008003bdc       0x92 ./Drivers/STM32F4xx_HAL_Driver/stm32f4xx_hal_dma2d.o
                0x0000000008003bdc                HAL_DMA2D_Init
 .text.HAL_DMA2D_Start
                0x0000000008003c6e       0x56 ./Drivers/STM32F4xx_HAL_Driver/stm32f4xx_hal_dma2d.o
                0x0000000008003c6e                HAL_DMA2D_Start
 .text.HAL_DMA2D_PollForTransfer
                0x0000000008003cc4      0x1d2 ./Drivers/STM32F4xx_HAL_Driver/stm32f4xx_hal_dma2d.o
                0x0000000008003cc4                HAL_DMA2D_PollForTransfer
 .text.HAL_DMA2D_IRQHandler
                0x0000000008003e96      0x1f8 ./Drivers/STM32F4xx_HAL_Driver/stm32f4xx_hal_dma2d.o
                0x0000000008003e96                HAL_DMA2D_IRQHandler
 .text.HAL_DMA2D_LineEventCallback
                0x000000000800408e       0x14 ./Drivers/STM32F4xx_HAL_Driver/stm32f4xx_hal_dma2d.o
                0x000000000800408e                HAL_DMA2D_LineEventCallback
 .text.HAL_DMA2D_CLUTLoadingCpltCallback
                0x00000000080040a2       0x14 ./Drivers/STM32F4xx_HAL_Driver/stm32f4xx_hal_dma2d.o
                0x00000000080040a2                HAL_DMA2D_CLUTLoadingCpltCallback
 *fill*         0x00000000080040b6        0x2 
 .text.HAL_DMA2D_ConfigLayer
                0x00000000080040b8      0x124 ./Drivers/STM32F4xx_HAL_Driver/stm32f4xx_hal_dma2d.o
                0x00000000080040b8                HAL_DMA2D_ConfigLayer
 .text.DMA2D_SetConfig
                0x00000000080041dc      0x138 ./Drivers/STM32F4xx_HAL_Driver/stm32f4xx_hal_dma2d.o
 .text.HAL_GPIO_Init
                0x0000000008004314      0x358 ./Drivers/STM32F4xx_HAL_Driver/stm32f4xx_hal_gpio.o
                0x0000000008004314                HAL_GPIO_Init
 .text.HAL_GPIO_DeInit
                0x000000000800466c      0x218 ./Drivers/STM32F4xx_HAL_Driver/stm32f4xx_hal_gpio.o
                0x000000000800466c                HAL_GPIO_DeInit
 .text.HAL_GPIO_WritePin
                0x0000000008004884       0x32 ./Drivers/STM32F4xx_HAL_Driver/stm32f4xx_hal_gpio.o
                0x0000000008004884                HAL_GPIO_WritePin
 .text.HAL_HCD_Init
                0x00000000080048b6       0xc4 ./Drivers/STM32F4xx_HAL_Driver/stm32f4xx_hal_hcd.o
                0x00000000080048b6                HAL_HCD_Init
 .text.HAL_HCD_HC_Init
                0x000000000800497a      0x11e ./Drivers/STM32F4xx_HAL_Driver/stm32f4xx_hal_hcd.o
                0x000000000800497a                HAL_HCD_HC_Init
 .text.HAL_HCD_HC_Halt
                0x0000000008004a98       0x46 ./Drivers/STM32F4xx_HAL_Driver/stm32f4xx_hal_hcd.o
                0x0000000008004a98                HAL_HCD_HC_Halt
 *fill*         0x0000000008004ade        0x2 
 .text.HAL_HCD_HC_SubmitRequest
                0x0000000008004ae0      0x2ac ./Drivers/STM32F4xx_HAL_Driver/stm32f4xx_hal_hcd.o
                0x0000000008004ae0                HAL_HCD_HC_SubmitRequest
 .text.HAL_HCD_IRQHandler
                0x0000000008004d8c      0x216 ./Drivers/STM32F4xx_HAL_Driver/stm32f4xx_hal_hcd.o
                0x0000000008004d8c                HAL_HCD_IRQHandler
 .text.HAL_HCD_Start
                0x0000000008004fa2       0x46 ./Drivers/STM32F4xx_HAL_Driver/stm32f4xx_hal_hcd.o
                0x0000000008004fa2                HAL_HCD_Start
 .text.HAL_HCD_Stop
                0x0000000008004fe8       0x3a ./Drivers/STM32F4xx_HAL_Driver/stm32f4xx_hal_hcd.o
                0x0000000008004fe8                HAL_HCD_Stop
 .text.HAL_HCD_ResetPort
                0x0000000008005022       0x1c ./Drivers/STM32F4xx_HAL_Driver/stm32f4xx_hal_hcd.o
                0x0000000008005022                HAL_HCD_ResetPort
 .text.HAL_HCD_HC_GetURBState
                0x000000000800503e       0x28 ./Drivers/STM32F4xx_HAL_Driver/stm32f4xx_hal_hcd.o
                0x000000000800503e                HAL_HCD_HC_GetURBState
 .text.HAL_HCD_HC_GetXferCount
                0x0000000008005066       0x28 ./Drivers/STM32F4xx_HAL_Driver/stm32f4xx_hal_hcd.o
                0x0000000008005066                HAL_HCD_HC_GetXferCount
 .text.HAL_HCD_GetCurrentFrame
                0x000000000800508e       0x1c ./Drivers/STM32F4xx_HAL_Driver/stm32f4xx_hal_hcd.o
                0x000000000800508e                HAL_HCD_GetCurrentFrame
 .text.HAL_HCD_GetCurrentSpeed
                0x00000000080050aa       0x1c ./Drivers/STM32F4xx_HAL_Driver/stm32f4xx_hal_hcd.o
                0x00000000080050aa                HAL_HCD_GetCurrentSpeed
 .text.HCD_HC_IN_IRQHandler
                0x00000000080050c6      0x6aa ./Drivers/STM32F4xx_HAL_Driver/stm32f4xx_hal_hcd.o
 .text.HCD_HC_OUT_IRQHandler
                0x0000000008005770      0x6d2 ./Drivers/STM32F4xx_HAL_Driver/stm32f4xx_hal_hcd.o
 .text.HCD_RXQLVL_IRQHandler
                0x0000000008005e42      0x1a4 ./Drivers/STM32F4xx_HAL_Driver/stm32f4xx_hal_hcd.o
 .text.HCD_Port_IRQHandler
                0x0000000008005fe6       0xe6 ./Drivers/STM32F4xx_HAL_Driver/stm32f4xx_hal_hcd.o
 .text.HAL_I2C_Init
                0x00000000080060cc      0x288 ./Drivers/STM32F4xx_HAL_Driver/stm32f4xx_hal_i2c.o
                0x00000000080060cc                HAL_I2C_Init
 .text.HAL_I2CEx_ConfigAnalogFilter
                0x0000000008006354       0x78 ./Drivers/STM32F4xx_HAL_Driver/stm32f4xx_hal_i2c_ex.o
                0x0000000008006354                HAL_I2CEx_ConfigAnalogFilter
 .text.HAL_I2CEx_ConfigDigitalFilter
                0x00000000080063cc       0x7e ./Drivers/STM32F4xx_HAL_Driver/stm32f4xx_hal_i2c_ex.o
                0x00000000080063cc                HAL_I2CEx_ConfigDigitalFilter
 *fill*         0x000000000800644a        0x2 
 .text.HAL_LTDC_Init
                0x000000000800644c      0x1a0 ./Drivers/STM32F4xx_HAL_Driver/stm32f4xx_hal_ltdc.o
                0x000000000800644c                HAL_LTDC_Init
 .text.HAL_LTDC_IRQHandler
                0x00000000080065ec      0x148 ./Drivers/STM32F4xx_HAL_Driver/stm32f4xx_hal_ltdc.o
                0x00000000080065ec                HAL_LTDC_IRQHandler
 .text.HAL_LTDC_ErrorCallback
                0x0000000008006734       0x14 ./Drivers/STM32F4xx_HAL_Driver/stm32f4xx_hal_ltdc.o
                0x0000000008006734                HAL_LTDC_ErrorCallback
 .text.HAL_LTDC_LineEventCallback
                0x0000000008006748       0x14 ./Drivers/STM32F4xx_HAL_Driver/stm32f4xx_hal_ltdc.o
                0x0000000008006748                HAL_LTDC_LineEventCallback
 .text.HAL_LTDC_ReloadEventCallback
                0x000000000800675c       0x14 ./Drivers/STM32F4xx_HAL_Driver/stm32f4xx_hal_ltdc.o
                0x000000000800675c                HAL_LTDC_ReloadEventCallback
 .text.HAL_LTDC_ConfigLayer
                0x0000000008006770       0x7c ./Drivers/STM32F4xx_HAL_Driver/stm32f4xx_hal_ltdc.o
                0x0000000008006770                HAL_LTDC_ConfigLayer
 .text.HAL_LTDC_ConfigColorKeying
                0x00000000080067ec       0x88 ./Drivers/STM32F4xx_HAL_Driver/stm32f4xx_hal_ltdc.o
                0x00000000080067ec                HAL_LTDC_ConfigColorKeying
 .text.HAL_LTDC_EnableColorKeying
                0x0000000008006874       0x72 ./Drivers/STM32F4xx_HAL_Driver/stm32f4xx_hal_ltdc.o
                0x0000000008006874                HAL_LTDC_EnableColorKeying
 *fill*         0x00000000080068e6        0x2 
 .text.HAL_LTDC_EnableDither
                0x00000000080068e8       0x54 ./Drivers/STM32F4xx_HAL_Driver/stm32f4xx_hal_ltdc.o
                0x00000000080068e8                HAL_LTDC_EnableDither
 .text.LTDC_SetConfig
                0x000000000800693c      0x32e ./Drivers/STM32F4xx_HAL_Driver/stm32f4xx_hal_ltdc.o
 *fill*         0x0000000008006c6a        0x2 
 .text.HAL_RCC_OscConfig
                0x0000000008006c6c      0x4f0 ./Drivers/STM32F4xx_HAL_Driver/stm32f4xx_hal_rcc.o
                0x0000000008006c6c                HAL_RCC_OscConfig
 .text.HAL_RCC_ClockConfig
                0x000000000800715c      0x1cc ./Drivers/STM32F4xx_HAL_Driver/stm32f4xx_hal_rcc.o
                0x000000000800715c                HAL_RCC_ClockConfig
 .text.HAL_RCC_GetSysClockFreq
                0x0000000008007328      0x20c ./Drivers/STM32F4xx_HAL_Driver/stm32f4xx_hal_rcc.o
                0x0000000008007328                HAL_RCC_GetSysClockFreq
 .text.HAL_RCC_GetHCLKFreq
                0x0000000008007534       0x18 ./Drivers/STM32F4xx_HAL_Driver/stm32f4xx_hal_rcc.o
                0x0000000008007534                HAL_RCC_GetHCLKFreq
 .text.HAL_RCC_GetPCLK1Freq
                0x000000000800754c       0x28 ./Drivers/STM32F4xx_HAL_Driver/stm32f4xx_hal_rcc.o
                0x000000000800754c                HAL_RCC_GetPCLK1Freq
 .text.HAL_RCC_GetPCLK2Freq
                0x0000000008007574       0x28 ./Drivers/STM32F4xx_HAL_Driver/stm32f4xx_hal_rcc.o
                0x0000000008007574                HAL_RCC_GetPCLK2Freq
 .text.HAL_RCC_GetClockConfig
                0x000000000800759c       0x64 ./Drivers/STM32F4xx_HAL_Driver/stm32f4xx_hal_rcc.o
                0x000000000800759c                HAL_RCC_GetClockConfig
 .text.HAL_RCCEx_PeriphCLKConfig
                0x0000000008007600      0x380 ./Drivers/STM32F4xx_HAL_Driver/stm32f4xx_hal_rcc_ex.o
                0x0000000008007600                HAL_RCCEx_PeriphCLKConfig
 .text.HAL_SDRAM_Init
                0x0000000008007980       0x68 ./Drivers/STM32F4xx_HAL_Driver/stm32f4xx_hal_sdram.o
                0x0000000008007980                HAL_SDRAM_Init
 .text.HAL_SDRAM_SendCommand
                0x00000000080079e8       0x6a ./Drivers/STM32F4xx_HAL_Driver/stm32f4xx_hal_sdram.o
                0x00000000080079e8                HAL_SDRAM_SendCommand
 .text.HAL_SDRAM_ProgramRefreshRate
                0x0000000008007a52       0x50 ./Drivers/STM32F4xx_HAL_Driver/stm32f4xx_hal_sdram.o
                0x0000000008007a52                HAL_SDRAM_ProgramRefreshRate
 .text.HAL_SPI_Init
                0x0000000008007aa2      0x112 ./Drivers/STM32F4xx_HAL_Driver/stm32f4xx_hal_spi.o
                0x0000000008007aa2                HAL_SPI_Init
 .text.HAL_SPI_DeInit
                0x0000000008007bb4       0x50 ./Drivers/STM32F4xx_HAL_Driver/stm32f4xx_hal_spi.o
                0x0000000008007bb4                HAL_SPI_DeInit
 .text.HAL_SPI_Transmit
                0x0000000008007c04      0x278 ./Drivers/STM32F4xx_HAL_Driver/stm32f4xx_hal_spi.o
                0x0000000008007c04                HAL_SPI_Transmit
 .text.HAL_SPI_Receive
                0x0000000008007e7c      0x222 ./Drivers/STM32F4xx_HAL_Driver/stm32f4xx_hal_spi.o
                0x0000000008007e7c                HAL_SPI_Receive
 .text.HAL_SPI_TransmitReceive
                0x000000000800809e      0x344 ./Drivers/STM32F4xx_HAL_Driver/stm32f4xx_hal_spi.o
                0x000000000800809e                HAL_SPI_TransmitReceive
 .text.HAL_SPI_GetState
                0x00000000080083e2       0x1c ./Drivers/STM32F4xx_HAL_Driver/stm32f4xx_hal_spi.o
                0x00000000080083e2                HAL_SPI_GetState
 *fill*         0x00000000080083fe        0x2 
 .text.SPI_WaitFlagStateUntilTimeout
                0x0000000008008400      0x110 ./Drivers/STM32F4xx_HAL_Driver/stm32f4xx_hal_spi.o
 .text.SPI_EndRxTransaction
                0x0000000008008510       0xca ./Drivers/STM32F4xx_HAL_Driver/stm32f4xx_hal_spi.o
 *fill*         0x00000000080085da        0x2 
 .text.SPI_EndRxTxTransaction
                0x00000000080085dc       0x84 ./Drivers/STM32F4xx_HAL_Driver/stm32f4xx_hal_spi.o
 .text.HAL_TIM_Base_Init
                0x0000000008008660       0x9e ./Drivers/STM32F4xx_HAL_Driver/stm32f4xx_hal_tim.o
                0x0000000008008660                HAL_TIM_Base_Init
 *fill*         0x00000000080086fe        0x2 
 .text.HAL_TIM_Base_Start_IT
                0x0000000008008700       0xe0 ./Drivers/STM32F4xx_HAL_Driver/stm32f4xx_hal_tim.o
                0x0000000008008700                HAL_TIM_Base_Start_IT
 .text.HAL_TIM_IRQHandler
                0x00000000080087e0      0x210 ./Drivers/STM32F4xx_HAL_Driver/stm32f4xx_hal_tim.o
                0x00000000080087e0                HAL_TIM_IRQHandler
 .text.HAL_TIM_ConfigClockSource
                0x00000000080089f0      0x18e ./Drivers/STM32F4xx_HAL_Driver/stm32f4xx_hal_tim.o
                0x00000000080089f0                HAL_TIM_ConfigClockSource
 .text.HAL_TIM_OC_DelayElapsedCallback
                0x0000000008008b7e       0x14 ./Drivers/STM32F4xx_HAL_Driver/stm32f4xx_hal_tim.o
                0x0000000008008b7e                HAL_TIM_OC_DelayElapsedCallback
 .text.HAL_TIM_IC_CaptureCallback
                0x0000000008008b92       0x14 ./Drivers/STM32F4xx_HAL_Driver/stm32f4xx_hal_tim.o
                0x0000000008008b92                HAL_TIM_IC_CaptureCallback
 .text.HAL_TIM_PWM_PulseFinishedCallback
                0x0000000008008ba6       0x14 ./Drivers/STM32F4xx_HAL_Driver/stm32f4xx_hal_tim.o
                0x0000000008008ba6                HAL_TIM_PWM_PulseFinishedCallback
 .text.HAL_TIM_TriggerCallback
                0x0000000008008bba       0x14 ./Drivers/STM32F4xx_HAL_Driver/stm32f4xx_hal_tim.o
                0x0000000008008bba                HAL_TIM_TriggerCallback
 *fill*         0x0000000008008bce        0x2 
 .text.TIM_Base_SetConfig
                0x0000000008008bd0      0x140 ./Drivers/STM32F4xx_HAL_Driver/stm32f4xx_hal_tim.o
                0x0000000008008bd0                TIM_Base_SetConfig
 .text.TIM_TI1_ConfigInputStage
                0x0000000008008d10       0x5e ./Drivers/STM32F4xx_HAL_Driver/stm32f4xx_hal_tim.o
 .text.TIM_TI2_ConfigInputStage
                0x0000000008008d6e       0x60 ./Drivers/STM32F4xx_HAL_Driver/stm32f4xx_hal_tim.o
 .text.TIM_ITRx_SetConfig
                0x0000000008008dce       0x36 ./Drivers/STM32F4xx_HAL_Driver/stm32f4xx_hal_tim.o
 .text.TIM_ETR_SetConfig
                0x0000000008008e04       0x40 ./Drivers/STM32F4xx_HAL_Driver/stm32f4xx_hal_tim.o
                0x0000000008008e04                TIM_ETR_SetConfig
 .text.HAL_TIMEx_MasterConfigSynchronization
                0x0000000008008e44       0xf8 ./Drivers/STM32F4xx_HAL_Driver/stm32f4xx_hal_tim_ex.o
                0x0000000008008e44                HAL_TIMEx_MasterConfigSynchronization
 .text.HAL_TIMEx_CommutCallback
                0x0000000008008f3c       0x14 ./Drivers/STM32F4xx_HAL_Driver/stm32f4xx_hal_tim_ex.o
                0x0000000008008f3c                HAL_TIMEx_CommutCallback
 .text.HAL_TIMEx_BreakCallback
                0x0000000008008f50       0x14 ./Drivers/STM32F4xx_HAL_Driver/stm32f4xx_hal_tim_ex.o
                0x0000000008008f50                HAL_TIMEx_BreakCallback
 .text.HAL_UART_Init
                0x0000000008008f64       0x9a ./Drivers/STM32F4xx_HAL_Driver/stm32f4xx_hal_uart.o
                0x0000000008008f64                HAL_UART_Init
 *fill*         0x0000000008008ffe        0x2 
 .text.UART_SetConfig
                0x0000000008009000      0x4e8 ./Drivers/STM32F4xx_HAL_Driver/stm32f4xx_hal_uart.o
 .text.FMC_SDRAM_Init
                0x00000000080094e8       0xba ./Drivers/STM32F4xx_HAL_Driver/stm32f4xx_ll_fmc.o
                0x00000000080094e8                FMC_SDRAM_Init
 .text.FMC_SDRAM_Timing_Init
                0x00000000080095a2       0xd2 ./Drivers/STM32F4xx_HAL_Driver/stm32f4xx_ll_fmc.o
                0x00000000080095a2                FMC_SDRAM_Timing_Init
 .text.FMC_SDRAM_SendCommand
                0x0000000008009674       0x7a ./Drivers/STM32F4xx_HAL_Driver/stm32f4xx_ll_fmc.o
                0x0000000008009674                FMC_SDRAM_SendCommand
 .text.FMC_SDRAM_ProgramRefreshRate
                0x00000000080096ee       0x2e ./Drivers/STM32F4xx_HAL_Driver/stm32f4xx_ll_fmc.o
                0x00000000080096ee                FMC_SDRAM_ProgramRefreshRate
 .text.USB_CoreInit
                0x000000000800971c       0xc2 ./Drivers/STM32F4xx_HAL_Driver/stm32f4xx_ll_usb.o
                0x000000000800971c                USB_CoreInit
 .text.USB_EnableGlobalInt
                0x00000000080097de       0x22 ./Drivers/STM32F4xx_HAL_Driver/stm32f4xx_ll_usb.o
                0x00000000080097de                USB_EnableGlobalInt
 .text.USB_DisableGlobalInt
                0x0000000008009800       0x22 ./Drivers/STM32F4xx_HAL_Driver/stm32f4xx_ll_usb.o
                0x0000000008009800                USB_DisableGlobalInt
 .text.USB_SetCurrentMode
                0x0000000008009822       0x98 ./Drivers/STM32F4xx_HAL_Driver/stm32f4xx_ll_usb.o
                0x0000000008009822                USB_SetCurrentMode
 *fill*         0x00000000080098ba        0x2 
 .text.USB_FlushTxFifo
                0x00000000080098bc       0x68 ./Drivers/STM32F4xx_HAL_Driver/stm32f4xx_ll_usb.o
                0x00000000080098bc                USB_FlushTxFifo
 .text.USB_FlushRxFifo
                0x0000000008009924       0x60 ./Drivers/STM32F4xx_HAL_Driver/stm32f4xx_ll_usb.o
                0x0000000008009924                USB_FlushRxFifo
 .text.USB_WritePacket
                0x0000000008009984       0x7c ./Drivers/STM32F4xx_HAL_Driver/stm32f4xx_ll_usb.o
                0x0000000008009984                USB_WritePacket
 .text.USB_ReadPacket
                0x0000000008009a00       0xb0 ./Drivers/STM32F4xx_HAL_Driver/stm32f4xx_ll_usb.o
                0x0000000008009a00                USB_ReadPacket
 .text.USB_ReadInterrupts
                0x0000000008009ab0       0x26 ./Drivers/STM32F4xx_HAL_Driver/stm32f4xx_ll_usb.o
                0x0000000008009ab0                USB_ReadInterrupts
 .text.USB_GetMode
                0x0000000008009ad6       0x1c ./Drivers/STM32F4xx_HAL_Driver/stm32f4xx_ll_usb.o
                0x0000000008009ad6                USB_GetMode
 *fill*         0x0000000008009af2        0x2 
 .text.USB_CoreReset
                0x0000000008009af4       0x68 ./Drivers/STM32F4xx_HAL_Driver/stm32f4xx_ll_usb.o
 .text.USB_HostInit
                0x0000000008009b5c      0x180 ./Drivers/STM32F4xx_HAL_Driver/stm32f4xx_ll_usb.o
                0x0000000008009b5c                USB_HostInit
 .text.USB_InitFSLSPClkSel
                0x0000000008009cdc       0x74 ./Drivers/STM32F4xx_HAL_Driver/stm32f4xx_ll_usb.o
                0x0000000008009cdc                USB_InitFSLSPClkSel
 .text.USB_ResetPort
                0x0000000008009d50       0x54 ./Drivers/STM32F4xx_HAL_Driver/stm32f4xx_ll_usb.o
                0x0000000008009d50                USB_ResetPort
 .text.USB_DriveVbus
                0x0000000008009da4       0x72 ./Drivers/STM32F4xx_HAL_Driver/stm32f4xx_ll_usb.o
                0x0000000008009da4                USB_DriveVbus
 .text.USB_GetHostSpeed
                0x0000000008009e16       0x2e ./Drivers/STM32F4xx_HAL_Driver/stm32f4xx_ll_usb.o
                0x0000000008009e16                USB_GetHostSpeed
 .text.USB_GetCurrentFrame
                0x0000000008009e44       0x22 ./Drivers/STM32F4xx_HAL_Driver/stm32f4xx_ll_usb.o
                0x0000000008009e44                USB_GetCurrentFrame
 *fill*         0x0000000008009e66        0x2 
 .text.USB_HC_Init
                0x0000000008009e68      0x244 ./Drivers/STM32F4xx_HAL_Driver/stm32f4xx_ll_usb.o
                0x0000000008009e68                USB_HC_Init
 .text.USB_HC_StartXfer
                0x000000000800a0ac      0x284 ./Drivers/STM32F4xx_HAL_Driver/stm32f4xx_ll_usb.o
                0x000000000800a0ac                USB_HC_StartXfer
 .text.USB_HC_ReadInterrupt
                0x000000000800a330       0x22 ./Drivers/STM32F4xx_HAL_Driver/stm32f4xx_ll_usb.o
                0x000000000800a330                USB_HC_ReadInterrupt
 .text.USB_HC_Halt
                0x000000000800a352      0x1f8 ./Drivers/STM32F4xx_HAL_Driver/stm32f4xx_ll_usb.o
                0x000000000800a352                USB_HC_Halt
 *fill*         0x000000000800a54a        0x2 
 .text.USB_DoPing
                0x000000000800a54c       0x78 ./Drivers/STM32F4xx_HAL_Driver/stm32f4xx_ll_usb.o
                0x000000000800a54c                USB_DoPing
 .text.USB_StopHost
                0x000000000800a5c4      0x124 ./Drivers/STM32F4xx_HAL_Driver/stm32f4xx_ll_usb.o
                0x000000000800a5c4                USB_StopHost
 .text.makeFreeRtosPriority
                0x000000000800a6e8       0x30 ./Middlewares/FreeRTOS/cmsis_os.o
 .text.inHandlerMode
                0x000000000800a718       0x24 ./Middlewares/FreeRTOS/cmsis_os.o
 .text.osKernelStart
                0x000000000800a73c        0xe ./Middlewares/FreeRTOS/cmsis_os.o
                0x000000000800a73c                osKernelStart
 .text.osThreadCreate
                0x000000000800a74a       0x98 ./Middlewares/FreeRTOS/cmsis_os.o
                0x000000000800a74a                osThreadCreate
 .text.osDelay  0x000000000800a7e2       0x28 ./Middlewares/FreeRTOS/cmsis_os.o
                0x000000000800a7e2                osDelay
 .text.osMessageCreate
                0x000000000800a80a       0x50 ./Middlewares/FreeRTOS/cmsis_os.o
                0x000000000800a80a                osMessageCreate
 *fill*         0x000000000800a85a        0x2 
 .text.osMessagePut
                0x000000000800a85c       0x80 ./Middlewares/FreeRTOS/cmsis_os.o
                0x000000000800a85c                osMessagePut
 .text.osMessageGet
                0x000000000800a8dc       0xe8 ./Middlewares/FreeRTOS/cmsis_os.o
                0x000000000800a8dc                osMessageGet
 .text.pvPortMalloc
                0x000000000800a9c4      0x198 ./Middlewares/FreeRTOS/heap_4.o
                0x000000000800a9c4                pvPortMalloc
 .text.vPortFree
                0x000000000800ab5c       0xc4 ./Middlewares/FreeRTOS/heap_4.o
                0x000000000800ab5c                vPortFree
 .text.prvHeapInit
                0x000000000800ac20       0xc4 ./Middlewares/FreeRTOS/heap_4.o
 .text.prvInsertBlockIntoFreeList
                0x000000000800ace4       0xb4 ./Middlewares/FreeRTOS/heap_4.o
 .text.vListInitialise
                0x000000000800ad98       0x40 ./Middlewares/FreeRTOS/list.o
                0x000000000800ad98                vListInitialise
 .text.vListInitialiseItem
                0x000000000800add8       0x1a ./Middlewares/FreeRTOS/list.o
                0x000000000800add8                vListInitialiseItem
 .text.vListInsertEnd
                0x000000000800adf2       0x48 ./Middlewares/FreeRTOS/list.o
                0x000000000800adf2                vListInsertEnd
 .text.vListInsert
                0x000000000800ae3a       0x72 ./Middlewares/FreeRTOS/list.o
                0x000000000800ae3a                vListInsert
 .text.uxListRemove
                0x000000000800aeac       0x54 ./Middlewares/FreeRTOS/list.o
                0x000000000800aeac                uxListRemove
 .text.pxPortInitialiseStack
                0x000000000800af00       0x68 ./Middlewares/FreeRTOS/port.o
                0x000000000800af00                pxPortInitialiseStack
 .text.prvTaskExitError
                0x000000000800af68       0x58 ./Middlewares/FreeRTOS/port.o
 .text.SVC_Handler
                0x000000000800afc0       0x28 ./Middlewares/FreeRTOS/port.o
                0x000000000800afc0                SVC_Handler
 .text.prvPortStartFirstTask
                0x000000000800afe8       0x28 ./Middlewares/FreeRTOS/port.o
 .text.xPortStartScheduler
                0x000000000800b010      0x144 ./Middlewares/FreeRTOS/port.o
                0x000000000800b010                xPortStartScheduler
 .text.vPortEnterCritical
                0x000000000800b154       0x60 ./Middlewares/FreeRTOS/port.o
                0x000000000800b154                vPortEnterCritical
 .text.vPortExitCritical
                0x000000000800b1b4       0x54 ./Middlewares/FreeRTOS/port.o
                0x000000000800b1b4                vPortExitCritical
 *fill*         0x000000000800b208        0x8 
 .text.PendSV_Handler
                0x000000000800b210       0x68 ./Middlewares/FreeRTOS/port.o
                0x000000000800b210                PendSV_Handler
 .text.SysTick_Handler
                0x000000000800b278       0x44 ./Middlewares/FreeRTOS/port.o
                0x000000000800b278                SysTick_Handler
 .text.vPortSetupTimerInterrupt
                0x000000000800b2bc       0x48 ./Middlewares/FreeRTOS/port.o
                0x000000000800b2bc                vPortSetupTimerInterrupt
 .text.vPortEnableVFP
                0x000000000800b304       0x14 ./Middlewares/FreeRTOS/port.o
 .text.vPortValidateInterruptPriority
                0x000000000800b318       0x80 ./Middlewares/FreeRTOS/port.o
                0x000000000800b318                vPortValidateInterruptPriority
 .text.xQueueGenericReset
                0x000000000800b398       0xd0 ./Middlewares/FreeRTOS/queue.o
                0x000000000800b398                xQueueGenericReset
 .text.xQueueGenericCreateStatic
                0x000000000800b468       0xf0 ./Middlewares/FreeRTOS/queue.o
                0x000000000800b468                xQueueGenericCreateStatic
 .text.xQueueGenericCreate
                0x000000000800b558       0x74 ./Middlewares/FreeRTOS/queue.o
                0x000000000800b558                xQueueGenericCreate
 .text.prvInitialiseNewQueue
                0x000000000800b5cc       0x3e ./Middlewares/FreeRTOS/queue.o
 *fill*         0x000000000800b60a        0x2 
 .text.xQueueGenericSend
                0x000000000800b60c      0x1fc ./Middlewares/FreeRTOS/queue.o
                0x000000000800b60c                xQueueGenericSend
 .text.xQueueGenericSendFromISR
                0x000000000800b808      0x136 ./Middlewares/FreeRTOS/queue.o
                0x000000000800b808                xQueueGenericSendFromISR
 *fill*         0x000000000800b93e        0x2 
 .text.xQueueReceive
                0x000000000800b940      0x1c0 ./Middlewares/FreeRTOS/queue.o
                0x000000000800b940                xQueueReceive
 .text.xQueueReceiveFromISR
                0x000000000800bb00      0x100 ./Middlewares/FreeRTOS/queue.o
                0x000000000800bb00                xQueueReceiveFromISR
 .text.prvCopyDataToQueue
                0x000000000800bc00       0xd4 ./Middlewares/FreeRTOS/queue.o
 .text.prvCopyDataFromQueue
                0x000000000800bcd4       0x4c ./Middlewares/FreeRTOS/queue.o
 .text.prvUnlockQueue
                0x000000000800bd20       0xa4 ./Middlewares/FreeRTOS/queue.o
 .text.prvIsQueueEmpty
                0x000000000800bdc4       0x2c ./Middlewares/FreeRTOS/queue.o
 .text.prvIsQueueFull
                0x000000000800bdf0       0x30 ./Middlewares/FreeRTOS/queue.o
 .text.xTaskCreateStatic
                0x000000000800be20       0xba ./Middlewares/FreeRTOS/tasks.o
                0x000000000800be20                xTaskCreateStatic
 .text.xTaskCreate
                0x000000000800beda       0x8a ./Middlewares/FreeRTOS/tasks.o
                0x000000000800beda                xTaskCreate
 .text.prvInitialiseNewTask
                0x000000000800bf64      0x10e ./Middlewares/FreeRTOS/tasks.o
 *fill*         0x000000000800c072        0x2 
 .text.prvAddNewTaskToReadyList
                0x000000000800c074       0xd4 ./Middlewares/FreeRTOS/tasks.o
 .text.vTaskDelete
                0x000000000800c148      0x120 ./Middlewares/FreeRTOS/tasks.o
                0x000000000800c148                vTaskDelete
 .text.vTaskDelay
                0x000000000800c268       0x68 ./Middlewares/FreeRTOS/tasks.o
                0x000000000800c268                vTaskDelay
 .text.vTaskStartScheduler
                0x000000000800c2d0       0xc0 ./Middlewares/FreeRTOS/tasks.o
                0x000000000800c2d0                vTaskStartScheduler
 .text.vTaskSuspendAll
                0x000000000800c390       0x1c ./Middlewares/FreeRTOS/tasks.o
                0x000000000800c390                vTaskSuspendAll
 .text.xTaskResumeAll
                0x000000000800c3ac      0x138 ./Middlewares/FreeRTOS/tasks.o
                0x000000000800c3ac                xTaskResumeAll
 .text.xTaskIncrementTick
                0x000000000800c4e4      0x170 ./Middlewares/FreeRTOS/tasks.o
                0x000000000800c4e4                xTaskIncrementTick
 .text.vTaskSwitchContext
                0x000000000800c654       0xb8 ./Middlewares/FreeRTOS/tasks.o
                0x000000000800c654                vTaskSwitchContext
 .text.vTaskPlaceOnEventList
                0x000000000800c70c       0x48 ./Middlewares/FreeRTOS/tasks.o
                0x000000000800c70c                vTaskPlaceOnEventList
 .text.xTaskRemoveFromEventList
                0x000000000800c754       0xc4 ./Middlewares/FreeRTOS/tasks.o
                0x000000000800c754                xTaskRemoveFromEventList
 .text.vTaskInternalSetTimeOutState
                0x000000000800c818       0x2c ./Middlewares/FreeRTOS/tasks.o
                0x000000000800c818                vTaskInternalSetTimeOutState
 .text.xTaskCheckForTimeOut
                0x000000000800c844       0xc4 ./Middlewares/FreeRTOS/tasks.o
                0x000000000800c844                xTaskCheckForTimeOut
 .text.vTaskMissedYield
                0x000000000800c908       0x18 ./Middlewares/FreeRTOS/tasks.o
                0x000000000800c908                vTaskMissedYield
 .text.prvIdleTask
                0x000000000800c920       0x30 ./Middlewares/FreeRTOS/tasks.o
 .text.prvInitialiseTaskLists
                0x000000000800c950       0x80 ./Middlewares/FreeRTOS/tasks.o
 .text.prvCheckTasksWaitingTermination
                0x000000000800c9d0       0x5c ./Middlewares/FreeRTOS/tasks.o
 .text.prvDeleteTCB
                0x000000000800ca2c       0x5e ./Middlewares/FreeRTOS/tasks.o
 *fill*         0x000000000800ca8a        0x2 
 .text.prvResetNextTaskUnblockTime
                0x000000000800ca8c       0x40 ./Middlewares/FreeRTOS/tasks.o
 .text.xTaskGetSchedulerState
                0x000000000800cacc       0x3c ./Middlewares/FreeRTOS/tasks.o
                0x000000000800cacc                xTaskGetSchedulerState
 .text.xTaskPriorityDisinherit
                0x000000000800cb08      0x10c ./Middlewares/FreeRTOS/tasks.o
                0x000000000800cb08                xTaskPriorityDisinherit
 .text.prvAddCurrentTaskToDelayedList
                0x000000000800cc14       0xcc ./Middlewares/FreeRTOS/tasks.o
 .text.USBH_CDC_InterfaceInit
                0x000000000800cce0      0x2ac ./Middlewares/USB_Host_Library/usbh_cdc.o
 .text.USBH_CDC_InterfaceDeInit
                0x000000000800cf8c       0xb2 ./Middlewares/USB_Host_Library/usbh_cdc.o
 .text.USBH_CDC_ClassRequest
                0x000000000800d03e       0x3e ./Middlewares/USB_Host_Library/usbh_cdc.o
 .text.USBH_CDC_Process
                0x000000000800d07c      0x12c ./Middlewares/USB_Host_Library/usbh_cdc.o
 .text.USBH_CDC_SOFProcess
                0x000000000800d1a8       0x16 ./Middlewares/USB_Host_Library/usbh_cdc.o
 .text.GetLineCoding
                0x000000000800d1be       0x3e ./Middlewares/USB_Host_Library/usbh_cdc.o
 .text.SetLineCoding
                0x000000000800d1fc       0x3e ./Middlewares/USB_Host_Library/usbh_cdc.o
 .text.CDC_ProcessTransmission
                0x000000000800d23a      0x124 ./Middlewares/USB_Host_Library/usbh_cdc.o
 .text.CDC_ProcessReception
                0x000000000800d35e       0xd2 ./Middlewares/USB_Host_Library/usbh_cdc.o
 .text.USBH_CDC_TransmitCallback
                0x000000000800d430       0x14 ./Middlewares/USB_Host_Library/usbh_cdc.o
                0x000000000800d430                USBH_CDC_TransmitCallback
 .text.USBH_CDC_ReceiveCallback
                0x000000000800d444       0x14 ./Middlewares/USB_Host_Library/usbh_cdc.o
                0x000000000800d444                USBH_CDC_ReceiveCallback
 .text.USBH_CDC_LineCodingChanged
                0x000000000800d458       0x14 ./Middlewares/USB_Host_Library/usbh_cdc.o
                0x000000000800d458                USBH_CDC_LineCodingChanged
 .text.USBH_Init
                0x000000000800d46c       0xc4 ./Middlewares/USB_Host_Library/usbh_core.o
                0x000000000800d46c                USBH_Init
 .text.DeInitStateMachine
                0x000000000800d530       0xa8 ./Middlewares/USB_Host_Library/usbh_core.o
 .text.USBH_RegisterClass
                0x000000000800d5d8       0x54 ./Middlewares/USB_Host_Library/usbh_core.o
                0x000000000800d5d8                USBH_RegisterClass
 .text.USBH_SelectInterface
                0x000000000800d62c       0x38 ./Middlewares/USB_Host_Library/usbh_core.o
                0x000000000800d62c                USBH_SelectInterface
 .text.USBH_FindInterface
                0x000000000800d664       0x8c ./Middlewares/USB_Host_Library/usbh_core.o
                0x000000000800d664                USBH_FindInterface
 .text.USBH_Start
                0x000000000800d6f0       0x20 ./Middlewares/USB_Host_Library/usbh_core.o
                0x000000000800d6f0                USBH_Start
 .text.USBH_Process
                0x000000000800d710      0x4d8 ./Middlewares/USB_Host_Library/usbh_core.o
                0x000000000800d710                USBH_Process
 .text.USBH_HandleEnum
                0x000000000800dbe8      0x458 ./Middlewares/USB_Host_Library/usbh_core.o
 .text.USBH_LL_SetTimer
                0x000000000800e040       0x1e ./Middlewares/USB_Host_Library/usbh_core.o
                0x000000000800e040                USBH_LL_SetTimer
 .text.USBH_LL_IncTimer
                0x000000000800e05e       0x24 ./Middlewares/USB_Host_Library/usbh_core.o
                0x000000000800e05e                USBH_LL_IncTimer
 .text.USBH_HandleSof
                0x000000000800e082       0x30 ./Middlewares/USB_Host_Library/usbh_core.o
 .text.USBH_LL_PortEnabled
                0x000000000800e0b2       0x34 ./Middlewares/USB_Host_Library/usbh_core.o
                0x000000000800e0b2                USBH_LL_PortEnabled
 .text.USBH_LL_PortDisabled
                0x000000000800e0e6       0x1c ./Middlewares/USB_Host_Library/usbh_core.o
                0x000000000800e0e6                USBH_LL_PortDisabled
 .text.USBH_LL_Connect
                0x000000000800e102       0x46 ./Middlewares/USB_Host_Library/usbh_core.o
                0x000000000800e102                USBH_LL_Connect
 .text.USBH_LL_Disconnect
                0x000000000800e148       0x64 ./Middlewares/USB_Host_Library/usbh_core.o
                0x000000000800e148                USBH_LL_Disconnect
 .text.USBH_Process_OS
                0x000000000800e1ac       0x2a ./Middlewares/USB_Host_Library/usbh_core.o
 .text.USBH_LL_NotifyURBChange
                0x000000000800e1d6       0x2e ./Middlewares/USB_Host_Library/usbh_core.o
                0x000000000800e1d6                USBH_LL_NotifyURBChange
 .text.USBH_Get_DevDesc
                0x000000000800e204       0x50 ./Middlewares/USB_Host_Library/usbh_ctlreq.o
                0x000000000800e204                USBH_Get_DevDesc
 .text.USBH_Get_CfgDesc
                0x000000000800e254       0x48 ./Middlewares/USB_Host_Library/usbh_ctlreq.o
                0x000000000800e254                USBH_Get_CfgDesc
 .text.USBH_Get_StringDesc
                0x000000000800e29c       0x56 ./Middlewares/USB_Host_Library/usbh_ctlreq.o
                0x000000000800e29c                USBH_Get_StringDesc
 .text.USBH_GetDescriptor
                0x000000000800e2f2       0x6a ./Middlewares/USB_Host_Library/usbh_ctlreq.o
                0x000000000800e2f2                USBH_GetDescriptor
 .text.USBH_SetAddress
                0x000000000800e35c       0x48 ./Middlewares/USB_Host_Library/usbh_ctlreq.o
                0x000000000800e35c                USBH_SetAddress
 .text.USBH_SetCfg
                0x000000000800e3a4       0x46 ./Middlewares/USB_Host_Library/usbh_ctlreq.o
                0x000000000800e3a4                USBH_SetCfg
 .text.USBH_SetFeature
                0x000000000800e3ea       0x48 ./Middlewares/USB_Host_Library/usbh_ctlreq.o
                0x000000000800e3ea                USBH_SetFeature
 .text.USBH_ClrFeature
                0x000000000800e432       0x48 ./Middlewares/USB_Host_Library/usbh_ctlreq.o
                0x000000000800e432                USBH_ClrFeature
 .text.USBH_ParseDevDesc
                0x000000000800e47a      0x122 ./Middlewares/USB_Host_Library/usbh_ctlreq.o
 .text.USBH_ParseCfgDesc
                0x000000000800e59c      0x1ec ./Middlewares/USB_Host_Library/usbh_ctlreq.o
 .text.USBH_ParseInterfaceDesc
                0x000000000800e788       0x5e ./Middlewares/USB_Host_Library/usbh_ctlreq.o
 .text.USBH_ParseEPDesc
                0x000000000800e7e6      0x14a ./Middlewares/USB_Host_Library/usbh_ctlreq.o
 .text.USBH_ParseStringDesc
                0x000000000800e930       0x66 ./Middlewares/USB_Host_Library/usbh_ctlreq.o
 .text.USBH_GetNextDesc
                0x000000000800e996       0x36 ./Middlewares/USB_Host_Library/usbh_ctlreq.o
                0x000000000800e996                USBH_GetNextDesc
 .text.USBH_CtlReq
                0x000000000800e9cc       0xb2 ./Middlewares/USB_Host_Library/usbh_ctlreq.o
                0x000000000800e9cc                USBH_CtlReq
 *fill*         0x000000000800ea7e        0x2 
 .text.USBH_HandleControl
                0x000000000800ea80      0x490 ./Middlewares/USB_Host_Library/usbh_ctlreq.o
 .text.USBH_CtlSendSetup
                0x000000000800ef10       0x34 ./Middlewares/USB_Host_Library/usbh_ioreq.o
                0x000000000800ef10                USBH_CtlSendSetup
 .text.USBH_CtlSendData
                0x000000000800ef44       0x4a ./Middlewares/USB_Host_Library/usbh_ioreq.o
                0x000000000800ef44                USBH_CtlSendData
 .text.USBH_CtlReceiveData
                0x000000000800ef8e       0x3c ./Middlewares/USB_Host_Library/usbh_ioreq.o
                0x000000000800ef8e                USBH_CtlReceiveData
 .text.USBH_BulkSendData
                0x000000000800efca       0x4a ./Middlewares/USB_Host_Library/usbh_ioreq.o
                0x000000000800efca                USBH_BulkSendData
 .text.USBH_BulkReceiveData
                0x000000000800f014       0x3c ./Middlewares/USB_Host_Library/usbh_ioreq.o
                0x000000000800f014                USBH_BulkReceiveData
 .text.USBH_OpenPipe
                0x000000000800f050       0x3e ./Middlewares/USB_Host_Library/usbh_pipes.o
                0x000000000800f050                USBH_OpenPipe
 .text.USBH_ClosePipe
                0x000000000800f08e       0x20 ./Middlewares/USB_Host_Library/usbh_pipes.o
                0x000000000800f08e                USBH_ClosePipe
 .text.USBH_AllocPipe
                0x000000000800f0ae       0x42 ./Middlewares/USB_Host_Library/usbh_pipes.o
                0x000000000800f0ae                USBH_AllocPipe
 .text.USBH_FreePipe
                0x000000000800f0f0       0x3c ./Middlewares/USB_Host_Library/usbh_pipes.o
                0x000000000800f0f0                USBH_FreePipe
 .text.USBH_GetFreePipe
                0x000000000800f12c       0x48 ./Middlewares/USB_Host_Library/usbh_pipes.o
 .text.MX_USB_HOST_Init
                0x000000000800f174       0x4c ./USB_HOST/App/usb_host.o
                0x000000000800f174                MX_USB_HOST_Init
 .text.USBH_UserProcess
                0x000000000800f1c0       0x5c ./USB_HOST/App/usb_host.o
 .text.HAL_HCD_MspInit
                0x000000000800f21c       0xbc ./USB_HOST/Target/usbh_conf.o
                0x000000000800f21c                HAL_HCD_MspInit
 .text.HAL_HCD_SOF_Callback
                0x000000000800f2d8       0x1c ./USB_HOST/Target/usbh_conf.o
                0x000000000800f2d8                HAL_HCD_SOF_Callback
 .text.HAL_HCD_Connect_Callback
                0x000000000800f2f4       0x1c ./USB_HOST/Target/usbh_conf.o
                0x000000000800f2f4                HAL_HCD_Connect_Callback
 .text.HAL_HCD_Disconnect_Callback
                0x000000000800f310       0x1c ./USB_HOST/Target/usbh_conf.o
                0x000000000800f310                HAL_HCD_Disconnect_Callback
 .text.HAL_HCD_HC_NotifyURBChange_Callback
                0x000000000800f32c       0x24 ./USB_HOST/Target/usbh_conf.o
                0x000000000800f32c                HAL_HCD_HC_NotifyURBChange_Callback
 .text.HAL_HCD_PortEnabled_Callback
                0x000000000800f350       0x1c ./USB_HOST/Target/usbh_conf.o
                0x000000000800f350                HAL_HCD_PortEnabled_Callback
 .text.HAL_HCD_PortDisabled_Callback
                0x000000000800f36c       0x1c ./USB_HOST/Target/usbh_conf.o
                0x000000000800f36c                HAL_HCD_PortDisabled_Callback
 .text.USBH_LL_Init
                0x000000000800f388       0x8c ./USB_HOST/Target/usbh_conf.o
                0x000000000800f388                USBH_LL_Init
 .text.USBH_LL_Start
                0x000000000800f414       0x36 ./USB_HOST/Target/usbh_conf.o
                0x000000000800f414                USBH_LL_Start
 .text.USBH_LL_Stop
                0x000000000800f44a       0x36 ./USB_HOST/Target/usbh_conf.o
                0x000000000800f44a                USBH_LL_Stop
 .text.USBH_LL_GetSpeed
                0x000000000800f480       0x4e ./USB_HOST/Target/usbh_conf.o
                0x000000000800f480                USBH_LL_GetSpeed
 .text.USBH_LL_ResetPort
                0x000000000800f4ce       0x36 ./USB_HOST/Target/usbh_conf.o
                0x000000000800f4ce                USBH_LL_ResetPort
 .text.USBH_LL_GetLastXferSize
                0x000000000800f504       0x26 ./USB_HOST/Target/usbh_conf.o
                0x000000000800f504                USBH_LL_GetLastXferSize
 .text.USBH_LL_OpenPipe
                0x000000000800f52a       0x5e ./USB_HOST/Target/usbh_conf.o
                0x000000000800f52a                USBH_LL_OpenPipe
 .text.USBH_LL_ClosePipe
                0x000000000800f588       0x3e ./USB_HOST/Target/usbh_conf.o
                0x000000000800f588                USBH_LL_ClosePipe
 .text.USBH_LL_SubmitURB
                0x000000000800f5c6       0x62 ./USB_HOST/Target/usbh_conf.o
                0x000000000800f5c6                USBH_LL_SubmitURB
 .text.USBH_LL_GetURBState
                0x000000000800f628       0x26 ./USB_HOST/Target/usbh_conf.o
                0x000000000800f628                USBH_LL_GetURBState
 .text.USBH_LL_DriverVBUS
                0x000000000800f64e       0x2e ./USB_HOST/Target/usbh_conf.o
                0x000000000800f64e                USBH_LL_DriverVBUS
 .text.USBH_LL_SetToggle
                0x000000000800f67c       0x60 ./USB_HOST/Target/usbh_conf.o
                0x000000000800f67c                USBH_LL_SetToggle
 .text.USBH_Delay
                0x000000000800f6dc       0x16 ./USB_HOST/Target/usbh_conf.o
                0x000000000800f6dc                USBH_Delay
 *fill*         0x000000000800f6f2        0x2 
 .text.USBH_Get_USB_Status
                0x000000000800f6f4       0x58 ./USB_HOST/Target/usbh_conf.o
                0x000000000800f6f4                USBH_Get_USB_Status
 .text.MX_DriverVbusHS
                0x000000000800f74c       0x38 ./USB_HOST/Target/usbh_platform.o
                0x000000000800f74c                MX_DriverVbusHS
 .text.__errno  0x000000000800f784        0xc c:/st/stm32cubeide_1.4.0/stm32cubeide/plugins/com.st.stm32cube.ide.mcu.externaltools.gnu-tools-for-stm32.10.3-2021.10.win32_1.0.200.202301161003/tools/bin/../lib/gcc/arm-none-eabi/10.3.1/../../../../arm-none-eabi/lib/thumb/v7e-m+fp/hard\libc_nano.a(lib_a-errno.o)
                0x000000000800f784                __errno
 .text.__libc_init_array
                0x000000000800f790       0x48 c:/st/stm32cubeide_1.4.0/stm32cubeide/plugins/com.st.stm32cube.ide.mcu.externaltools.gnu-tools-for-stm32.10.3-2021.10.win32_1.0.200.202301161003/tools/bin/../lib/gcc/arm-none-eabi/10.3.1/../../../../arm-none-eabi/lib/thumb/v7e-m+fp/hard\libc_nano.a(lib_a-init.o)
                0x000000000800f790                __libc_init_array
 .text.malloc   0x000000000800f7d8       0x10 c:/st/stm32cubeide_1.4.0/stm32cubeide/plugins/com.st.stm32cube.ide.mcu.externaltools.gnu-tools-for-stm32.10.3-2021.10.win32_1.0.200.202301161003/tools/bin/../lib/gcc/arm-none-eabi/10.3.1/../../../../arm-none-eabi/lib/thumb/v7e-m+fp/hard\libc_nano.a(lib_a-malloc.o)
                0x000000000800f7d8                malloc
 .text.free     0x000000000800f7e8       0x10 c:/st/stm32cubeide_1.4.0/stm32cubeide/plugins/com.st.stm32cube.ide.mcu.externaltools.gnu-tools-for-stm32.10.3-2021.10.win32_1.0.200.202301161003/tools/bin/../lib/gcc/arm-none-eabi/10.3.1/../../../../arm-none-eabi/lib/thumb/v7e-m+fp/hard\libc_nano.a(lib_a-malloc.o)
                0x000000000800f7e8                free
 .text.memcpy   0x000000000800f7f8       0x1c c:/st/stm32cubeide_1.4.0/stm32cubeide/plugins/com.st.stm32cube.ide.mcu.externaltools.gnu-tools-for-stm32.10.3-2021.10.win32_1.0.200.202301161003/tools/bin/../lib/gcc/arm-none-eabi/10.3.1/../../../../arm-none-eabi/lib/thumb/v7e-m+fp/hard\libc_nano.a(lib_a-memcpy-stub.o)
                0x000000000800f7f8                memcpy
 .text.memset   0x000000000800f814       0x10 c:/st/stm32cubeide_1.4.0/stm32cubeide/plugins/com.st.stm32cube.ide.mcu.externaltools.gnu-tools-for-stm32.10.3-2021.10.win32_1.0.200.202301161003/tools/bin/../lib/gcc/arm-none-eabi/10.3.1/../../../../arm-none-eabi/lib/thumb/v7e-m+fp/hard\libc_nano.a(lib_a-memset.o)
                0x000000000800f814                memset
 .text._free_r  0x000000000800f824       0x98 c:/st/stm32cubeide_1.4.0/stm32cubeide/plugins/com.st.stm32cube.ide.mcu.externaltools.gnu-tools-for-stm32.10.3-2021.10.win32_1.0.200.202301161003/tools/bin/../lib/gcc/arm-none-eabi/10.3.1/../../../../arm-none-eabi/lib/thumb/v7e-m+fp/hard\libc_nano.a(lib_a-nano-freer.o)
                0x000000000800f824                _free_r
 .text.sbrk_aligned
                0x000000000800f8bc       0x40 c:/st/stm32cubeide_1.4.0/stm32cubeide/plugins/com.st.stm32cube.ide.mcu.externaltools.gnu-tools-for-stm32.10.3-2021.10.win32_1.0.200.202301161003/tools/bin/../lib/gcc/arm-none-eabi/10.3.1/../../../../arm-none-eabi/lib/thumb/v7e-m+fp/hard\libc_nano.a(lib_a-nano-mallocr.o)
 .text._malloc_r
                0x000000000800f8fc       0xe8 c:/st/stm32cubeide_1.4.0/stm32cubeide/plugins/com.st.stm32cube.ide.mcu.externaltools.gnu-tools-for-stm32.10.3-2021.10.win32_1.0.200.202301161003/tools/bin/../lib/gcc/arm-none-eabi/10.3.1/../../../../arm-none-eabi/lib/thumb/v7e-m+fp/hard\libc_nano.a(lib_a-nano-mallocr.o)
                0x000000000800f8fc                _malloc_r
 .text._sbrk_r  0x000000000800f9e4       0x20 c:/st/stm32cubeide_1.4.0/stm32cubeide/plugins/com.st.stm32cube.ide.mcu.externaltools.gnu-tools-for-stm32.10.3-2021.10.win32_1.0.200.202301161003/tools/bin/../lib/gcc/arm-none-eabi/10.3.1/../../../../arm-none-eabi/lib/thumb/v7e-m+fp/hard\libc_nano.a(lib_a-sbrkr.o)
                0x000000000800f9e4                _sbrk_r
 .text.__malloc_lock
                0x000000000800fa04        0xc c:/st/stm32cubeide_1.4.0/stm32cubeide/plugins/com.st.stm32cube.ide.mcu.externaltools.gnu-tools-for-stm32.10.3-2021.10.win32_1.0.200.202301161003/tools/bin/../lib/gcc/arm-none-eabi/10.3.1/../../../../arm-none-eabi/lib/thumb/v7e-m+fp/hard\libc_nano.a(lib_a-mlock.o)
                0x000000000800fa04                __malloc_lock
 .text.__malloc_unlock
                0x000000000800fa10        0xc c:/st/stm32cubeide_1.4.0/stm32cubeide/plugins/com.st.stm32cube.ide.mcu.externaltools.gnu-tools-for-stm32.10.3-2021.10.win32_1.0.200.202301161003/tools/bin/../lib/gcc/arm-none-eabi/10.3.1/../../../../arm-none-eabi/lib/thumb/v7e-m+fp/hard\libc_nano.a(lib_a-mlock.o)
                0x000000000800fa10                __malloc_unlock
 .text.__retarget_lock_acquire_recursive
                0x000000000800fa1c        0x2 c:/st/stm32cubeide_1.4.0/stm32cubeide/plugins/com.st.stm32cube.ide.mcu.externaltools.gnu-tools-for-stm32.10.3-2021.10.win32_1.0.200.202301161003/tools/bin/../lib/gcc/arm-none-eabi/10.3.1/../../../../arm-none-eabi/lib/thumb/v7e-m+fp/hard\libc_nano.a(lib_a-lock.o)
                0x000000000800fa1c                __retarget_lock_acquire_recursive
 .text.__retarget_lock_release_recursive
                0x000000000800fa1e        0x2 c:/st/stm32cubeide_1.4.0/stm32cubeide/plugins/com.st.stm32cube.ide.mcu.externaltools.gnu-tools-for-stm32.10.3-2021.10.win32_1.0.200.202301161003/tools/bin/../lib/gcc/arm-none-eabi/10.3.1/../../../../arm-none-eabi/lib/thumb/v7e-m+fp/hard\libc_nano.a(lib_a-lock.o)
                0x000000000800fa1e                __retarget_lock_release_recursive
 *(.glue_7)
 .glue_7        0x000000000800fa20        0x0 linker stubs
 *(.glue_7t)
 .glue_7t       0x000000000800fa20        0x0 linker stubs
 *(.eh_frame)
 .eh_frame      0x000000000800fa20        0x0 c:/st/stm32cubeide_1.4.0/stm32cubeide/plugins/com.st.stm32cube.ide.mcu.externaltools.gnu-tools-for-stm32.10.3-2021.10.win32_1.0.200.202301161003/tools/bin/../lib/gcc/arm-none-eabi/10.3.1/thumb/v7e-m+fp/hard/crtbegin.o
 *(.init)
 .init          0x000000000800fa20        0x4 c:/st/stm32cubeide_1.4.0/stm32cubeide/plugins/com.st.stm32cube.ide.mcu.externaltools.gnu-tools-for-stm32.10.3-2021.10.win32_1.0.200.202301161003/tools/bin/../lib/gcc/arm-none-eabi/10.3.1/thumb/v7e-m+fp/hard/crti.o
                0x000000000800fa20                _init
 .init          0x000000000800fa24        0x8 c:/st/stm32cubeide_1.4.0/stm32cubeide/plugins/com.st.stm32cube.ide.mcu.externaltools.gnu-tools-for-stm32.10.3-2021.10.win32_1.0.200.202301161003/tools/bin/../lib/gcc/arm-none-eabi/10.3.1/thumb/v7e-m+fp/hard/crtn.o
 *(.fini)
 .fini          0x000000000800fa2c        0x4 c:/st/stm32cubeide_1.4.0/stm32cubeide/plugins/com.st.stm32cube.ide.mcu.externaltools.gnu-tools-for-stm32.10.3-2021.10.win32_1.0.200.202301161003/tools/bin/../lib/gcc/arm-none-eabi/10.3.1/thumb/v7e-m+fp/hard/crti.o
                0x000000000800fa2c                _fini
 .fini          0x000000000800fa30        0x8 c:/st/stm32cubeide_1.4.0/stm32cubeide/plugins/com.st.stm32cube.ide.mcu.externaltools.gnu-tools-for-stm32.10.3-2021.10.win32_1.0.200.202301161003/tools/bin/../lib/gcc/arm-none-eabi/10.3.1/thumb/v7e-m+fp/hard/crtn.o
                0x000000000800fa38                . = ALIGN (0x4)
                0x000000000800fa38                _etext = .

.vfp11_veneer   0x000000000800fa38        0x0
 .vfp11_veneer  0x000000000800fa38        0x0 linker stubs

.v4_bx          0x000000000800fa38        0x0
 .v4_bx         0x000000000800fa38        0x0 linker stubs

.iplt           0x000000000800fa38        0x0
 .iplt          0x000000000800fa38        0x0 c:/st/stm32cubeide_1.4.0/stm32cubeide/plugins/com.st.stm32cube.ide.mcu.externaltools.gnu-tools-for-stm32.10.3-2021.10.win32_1.0.200.202301161003/tools/bin/../lib/gcc/arm-none-eabi/10.3.1/thumb/v7e-m+fp/hard/crtbegin.o

.rodata         0x000000000800fa38     0x2a50
                0x000000000800fa38                . = ALIGN (0x4)
 *(.rodata)
 .rodata        0x000000000800fa38       0x5a ./Core/Src/main.o
 *fill*         0x000000000800fa92        0x2 
 .rodata        0x000000000800fa94        0x5 ./Middlewares/FreeRTOS/tasks.o
 *fill*         0x000000000800fa99        0x3 
 .rodata        0x000000000800fa9c        0x4 ./Middlewares/USB_Host_Library/usbh_cdc.o
 .rodata        0x000000000800faa0       0x38 ./Middlewares/USB_Host_Library/usbh_core.o
 *(.rodata*)
 .rodata.Font24_Table
                0x000000000800fad8     0x1ab8 ./Core/Src/stm32f429i_discovery_lcd.o
                0x000000000800fad8                Font24_Table
 .rodata.Font20_Table
                0x0000000008011590      0xed8 ./Core/Src/stm32f429i_discovery_lcd.o
                0x0000000008011590                Font20_Table
 .rodata.AHBPrescTable
                0x0000000008012468       0x10 ./Core/Src/system_stm32f4xx.o
                0x0000000008012468                AHBPrescTable
 .rodata.APBPrescTable
                0x0000000008012478        0x8 ./Core/Src/system_stm32f4xx.o
                0x0000000008012478                APBPrescTable
 .rodata.flagBitshiftOffset.0
                0x0000000008012480        0x8 ./Drivers/STM32F4xx_HAL_Driver/stm32f4xx_hal_dma.o
                0x0000000008012488                . = ALIGN (0x4)

.ARM.extab      0x0000000008012488        0x0
                0x0000000008012488                . = ALIGN (0x4)
 *(.ARM.extab* .gnu.linkonce.armextab.*)
                0x0000000008012488                . = ALIGN (0x4)

.ARM            0x0000000008012488        0x8
                0x0000000008012488                . = ALIGN (0x4)
                0x0000000008012488                __exidx_start = .
 *(.ARM.exidx*)
 .ARM.exidx     0x0000000008012488        0x8 c:/st/stm32cubeide_1.4.0/stm32cubeide/plugins/com.st.stm32cube.ide.mcu.externaltools.gnu-tools-for-stm32.10.3-2021.10.win32_1.0.200.202301161003/tools/bin/../lib/gcc/arm-none-eabi/10.3.1/thumb/v7e-m+fp/hard\libgcc.a(_udivmoddi4.o)
                0x0000000008012490                __exidx_end = .
                0x0000000008012490                . = ALIGN (0x4)

.rel.dyn        0x0000000008012490        0x0
 .rel.iplt      0x0000000008012490        0x0 c:/st/stm32cubeide_1.4.0/stm32cubeide/plugins/com.st.stm32cube.ide.mcu.externaltools.gnu-tools-for-stm32.10.3-2021.10.win32_1.0.200.202301161003/tools/bin/../lib/gcc/arm-none-eabi/10.3.1/thumb/v7e-m+fp/hard/crtbegin.o

.preinit_array  0x0000000008012490        0x0
                0x0000000008012490                . = ALIGN (0x4)
                0x0000000008012490                PROVIDE (__preinit_array_start = .)
 *(.preinit_array*)
                0x0000000008012490                PROVIDE (__preinit_array_end = .)
                0x0000000008012490                . = ALIGN (0x4)

.init_array     0x0000000008012490        0x4
                0x0000000008012490                . = ALIGN (0x4)
                0x0000000008012490                PROVIDE (__init_array_start = .)
 *(SORT_BY_NAME(.init_array.*))
 *(.init_array*)
 .init_array    0x0000000008012490        0x4 c:/st/stm32cubeide_1.4.0/stm32cubeide/plugins/com.st.stm32cube.ide.mcu.externaltools.gnu-tools-for-stm32.10.3-2021.10.win32_1.0.200.202301161003/tools/bin/../lib/gcc/arm-none-eabi/10.3.1/thumb/v7e-m+fp/hard/crtbegin.o
                0x0000000008012494                PROVIDE (__init_array_end = .)
                0x0000000008012494                . = ALIGN (0x4)

.fini_array     0x0000000008012494        0x4
                0x0000000008012494                . = ALIGN (0x4)
                [!provide]                        PROVIDE (__fini_array_start = .)
 *(SORT_BY_NAME(.fini_array.*))
 *(.fini_array*)
 .fini_array    0x0000000008012494        0x4 c:/st/stm32cubeide_1.4.0/stm32cubeide/plugins/com.st.stm32cube.ide.mcu.externaltools.gnu-tools-for-stm32.10.3-2021.10.win32_1.0.200.202301161003/tools/bin/../lib/gcc/arm-none-eabi/10.3.1/thumb/v7e-m+fp/hard/crtbegin.o
                [!provide]                        PROVIDE (__fini_array_end = .)
                0x0000000008012498                . = ALIGN (0x4)
                0x0000000008012498                _sidata = LOADADDR (.data)

.data           0x0000000020000000       0xf0 load address 0x0000000008012498
                0x0000000020000000                . = ALIGN (0x4)
                0x0000000020000000                _sdata = .
 *(.data)
 *(.data*)
 .data.ili9341_drv
                0x0000000020000000       0x38 ./Core/Src/ili9341.o
                0x0000000020000000                ili9341_drv
 .data.sec      0x0000000020000038        0x2 ./Core/Src/main.o
                0x0000000020000038                sec
 *fill*         0x000000002000003a        0x2 
 .data.min      0x000000002000003c        0x2 ./Core/Src/main.o
                0x000000002000003c                min
 *fill*         0x000000002000003e        0x2 
 .data.hora     0x0000000020000040        0x2 ./Core/Src/main.o
                0x0000000020000040                hora
 *fill*         0x0000000020000042        0x2 
 .data.SpixTimeout
                0x0000000020000044        0x4 ./Core/Src/stm32f429i_discovery.o
                0x0000000020000044                SpixTimeout
 .data.Font24   0x0000000020000048        0x8 ./Core/Src/stm32f429i_discovery_lcd.o
                0x0000000020000048                Font24
 .data.Font20   0x0000000020000050        0x8 ./Core/Src/stm32f429i_discovery_lcd.o
                0x0000000020000050                Font20
 .data.sdramstatus.2
                0x0000000020000058        0x1 ./Core/Src/stm32f429i_discovery_sdram.o
 *fill*         0x0000000020000059        0x3 
 .data.SystemCoreClock
                0x000000002000005c        0x4 ./Core/Src/system_stm32f4xx.o
                0x000000002000005c                SystemCoreClock
 .data.uwTickPrio
                0x0000000020000060        0x4 ./Drivers/STM32F4xx_HAL_Driver/stm32f4xx_hal.o
                0x0000000020000060                uwTickPrio
 .data.uwTickFreq
                0x0000000020000064        0x1 ./Drivers/STM32F4xx_HAL_Driver/stm32f4xx_hal.o
                0x0000000020000064                uwTickFreq
 *fill*         0x0000000020000065        0x3 
 .data.uxCriticalNesting
                0x0000000020000068        0x4 ./Middlewares/FreeRTOS/port.o
 .data.CDC_Class
                0x000000002000006c       0x20 ./Middlewares/USB_Host_Library/usbh_cdc.o
                0x000000002000006c                CDC_Class
 .data._impure_ptr
                0x000000002000008c        0x4 c:/st/stm32cubeide_1.4.0/stm32cubeide/plugins/com.st.stm32cube.ide.mcu.externaltools.gnu-tools-for-stm32.10.3-2021.10.win32_1.0.200.202301161003/tools/bin/../lib/gcc/arm-none-eabi/10.3.1/../../../../arm-none-eabi/lib/thumb/v7e-m+fp/hard\libc_nano.a(lib_a-impure.o)
                0x000000002000008c                _impure_ptr
 .data.impure_data
                0x0000000020000090       0x60 c:/st/stm32cubeide_1.4.0/stm32cubeide/plugins/com.st.stm32cube.ide.mcu.externaltools.gnu-tools-for-stm32.10.3-2021.10.win32_1.0.200.202301161003/tools/bin/../lib/gcc/arm-none-eabi/10.3.1/../../../../arm-none-eabi/lib/thumb/v7e-m+fp/hard\libc_nano.a(lib_a-impure.o)
 *(.RamFunc)
 *(.RamFunc*)
                0x00000000200000f0                . = ALIGN (0x4)
                0x00000000200000f0                _edata = .
                0x0000000008012588                _siccmram = LOADADDR (.ccmram)

.igot.plt       0x00000000200000f0        0x0 load address 0x0000000008012588
 .igot.plt      0x00000000200000f0        0x0 c:/st/stm32cubeide_1.4.0/stm32cubeide/plugins/com.st.stm32cube.ide.mcu.externaltools.gnu-tools-for-stm32.10.3-2021.10.win32_1.0.200.202301161003/tools/bin/../lib/gcc/arm-none-eabi/10.3.1/thumb/v7e-m+fp/hard/crtbegin.o

.ccmram         0x0000000010000000        0x0 load address 0x0000000008012588
                0x0000000010000000                . = ALIGN (0x4)
                0x0000000010000000                _sccmram = .
 *(.ccmram)
 *(.ccmram*)
                0x0000000010000000                . = ALIGN (0x4)
                0x0000000010000000                _eccmram = .
                0x0000000010000000                . = ALIGN (0x4)

.bss            0x00000000200000f0     0x4c60
                0x00000000200000f0                _sbss = .
                0x00000000200000f0                __bss_start__ = _sbss
 *(.bss)
 .bss           0x00000000200000f0       0x1c c:/st/stm32cubeide_1.4.0/stm32cubeide/plugins/com.st.stm32cube.ide.mcu.externaltools.gnu-tools-for-stm32.10.3-2021.10.win32_1.0.200.202301161003/tools/bin/../lib/gcc/arm-none-eabi/10.3.1/thumb/v7e-m+fp/hard/crtbegin.o
 *(.bss*)
 .bss.xIdleTaskTCBBuffer
                0x000000002000010c       0x54 ./Core/Src/freertos.o
 .bss.xIdleStack
                0x0000000020000160      0x200 ./Core/Src/freertos.o
 .bss.hadc1     0x0000000020000360       0x48 ./Core/Src/main.o
                0x0000000020000360                hadc1
 .bss.hcrc      0x00000000200003a8        0x8 ./Core/Src/main.o
                0x00000000200003a8                hcrc
 .bss.hdma2d    0x00000000200003b0       0x40 ./Core/Src/main.o
                0x00000000200003b0                hdma2d
 .bss.hi2c3     0x00000000200003f0       0x54 ./Core/Src/main.o
                0x00000000200003f0                hi2c3
 .bss.hltdc     0x0000000020000444       0xa8 ./Core/Src/main.o
                0x0000000020000444                hltdc
 .bss.hspi5     0x00000000200004ec       0x58 ./Core/Src/main.o
                0x00000000200004ec                hspi5
 .bss.htim1     0x0000000020000544       0x48 ./Core/Src/main.o
                0x0000000020000544                htim1
 .bss.huart5    0x000000002000058c       0x44 ./Core/Src/main.o
                0x000000002000058c                huart5
 .bss.huart1    0x00000000200005d0       0x44 ./Core/Src/main.o
                0x00000000200005d0                huart1
 .bss.hsdram1   0x0000000020000614       0x34 ./Core/Src/main.o
                0x0000000020000614                hsdram1
 .bss.defaultTaskHandle
                0x0000000020000648        0x4 ./Core/Src/main.o
                0x0000000020000648                defaultTaskHandle
 .bss.ExecutionTime_Handler
                0x000000002000064c        0x4 ./Core/Src/main.o
                0x000000002000064c                ExecutionTime_Handler
 .bss.SequenceTask_Handler
                0x0000000020000650        0x4 ./Core/Src/main.o
                0x0000000020000650                SequenceTask_Handler
 .bss.cont_sec  0x0000000020000654        0x1 ./Core/Src/main.o
                0x0000000020000654                cont_sec
 .bss.cont_min  0x0000000020000655        0x1 ./Core/Src/main.o
                0x0000000020000655                cont_min
 .bss.cont_hora
                0x0000000020000656        0x1 ./Core/Src/main.o
                0x0000000020000656                cont_hora
 *fill*         0x0000000020000657        0x1 
 .bss.SpiHandle
                0x0000000020000658       0x58 ./Core/Src/stm32f429i_discovery.o
 .bss.Is_LCD_IO_Initialized
                0x00000000200006b0        0x1 ./Core/Src/stm32f429i_discovery.o
 *fill*         0x00000000200006b1        0x3 
 .bss.LtdcHandler
                0x00000000200006b4       0xa8 ./Core/Src/stm32f429i_discovery_lcd.o
                0x00000000200006b4                LtdcHandler
 .bss.Dma2dHandler
                0x000000002000075c       0x40 ./Core/Src/stm32f429i_discovery_lcd.o
 .bss.PeriphClkInitStruct
                0x000000002000079c       0x30 ./Core/Src/stm32f429i_discovery_lcd.o
 .bss.ActiveLayer
                0x00000000200007cc        0x4 ./Core/Src/stm32f429i_discovery_lcd.o
 .bss.DrawProp  0x00000000200007d0       0x18 ./Core/Src/stm32f429i_discovery_lcd.o
 .bss.LcdDrv    0x00000000200007e8        0x4 ./Core/Src/stm32f429i_discovery_lcd.o
                0x00000000200007e8                LcdDrv
 .bss.SdramHandle
                0x00000000200007ec       0x34 ./Core/Src/stm32f429i_discovery_sdram.o
 .bss.Timing    0x0000000020000820       0x1c ./Core/Src/stm32f429i_discovery_sdram.o
 .bss.Command   0x000000002000083c       0x10 ./Core/Src/stm32f429i_discovery_sdram.o
 .bss.dmaHandle.1
                0x000000002000084c       0x60 ./Core/Src/stm32f429i_discovery_sdram.o
 .bss.FMC_Initialized
                0x00000000200008ac        0x4 ./Core/Src/stm32f4xx_hal_msp.o
 .bss.htim6     0x00000000200008b0       0x48 ./Core/Src/stm32f4xx_hal_timebase_tim.o
                0x00000000200008b0                htim6