Archive member included to satisfy reference by file (symbol)

c:/st/stm32cubeide_1.4.0/stm32cubeide/plugins/com.st.stm32cube.ide.mcu.externaltools.gnu-tools-for-stm32.10.3-2021.10.win32_1.0.200.202301161003/tools/bin/../lib/gcc/arm-none-eabi/10.3.1/../../../../arm-none-eabi/lib/thumb/v7e-m+fp/hard\libc_nano.a(lib_a-errno.o)
                              ./Core/Src/syscalls.o (__errno)
c:/st/stm32cubeide_1.4.0/stm32cubeide/plugins/com.st.stm32cube.ide.mcu.externaltools.gnu-tools-for-stm32.10.3-2021.10.win32_1.0.200.202301161003/tools/bin/../lib/gcc/arm-none-eabi/10.3.1/../../../../arm-none-eabi/lib/thumb/v7e-m+fp/hard\libc_nano.a(lib_a-exit.o)
                              c:/st/stm32cubeide_1.4.0/stm32cubeide/plugins/com.st.stm32cube.ide.mcu.externaltools.gnu-tools-for-stm32.10.3-2021.10.win32_1.0.200.202301161003/tools/bin/../lib/gcc/arm-none-eabi/10.3.1/../../../../arm-none-eabi/lib/thumb/v7e-m+fp/hard/crt0.o (exit)
c:/st/stm32cubeide_1.4.0/stm32cubeide/plugins/com.st.stm32cube.ide.mcu.externaltools.gnu-tools-for-stm32.10.3-2021.10.win32_1.0.200.202301161003/tools/bin/../lib/gcc/arm-none-eabi/10.3.1/../../../../arm-none-eabi/lib/thumb/v7e-m+fp/hard\libc_nano.a(lib_a-impure.o)
                              c:/st/stm32cubeide_1.4.0/stm32cubeide/plugins/com.st.stm32cube.ide.mcu.externaltools.gnu-tools-for-stm32.10.3-2021.10.win32_1.0.200.202301161003/tools/bin/../lib/gcc/arm-none-eabi/10.3.1/../../../../arm-none-eabi/lib/thumb/v7e-m+fp/hard\libc_nano.a(lib_a-exit.o) (_global_impure_ptr)
c:/st/stm32cubeide_1.4.0/stm32cubeide/plugins/com.st.stm32cube.ide.mcu.externaltools.gnu-tools-for-stm32.10.3-2021.10.win32_1.0.200.202301161003/tools/bin/../lib/gcc/arm-none-eabi/10.3.1/../../../../arm-none-eabi/lib/thumb/v7e-m+fp/hard\libc_nano.a(lib_a-init.o)
                              c:/st/stm32cubeide_1.4.0/stm32cubeide/plugins/com.st.stm32cube.ide.mcu.externaltools.gnu-tools-for-stm32.10.3-2021.10.win32_1.0.200.202301161003/tools/bin/../lib/gcc/arm-none-eabi/10.3.1/../../../../arm-none-eabi/lib/thumb/v7e-m+fp/hard/crt0.o (__libc_init_array)
c:/st/stm32cubeide_1.4.0/stm32cubeide/plugins/com.st.stm32cube.ide.mcu.externaltools.gnu-tools-for-stm32.10.3-2021.10.win32_1.0.200.202301161003/tools/bin/../lib/gcc/arm-none-eabi/10.3.1/../../../../arm-none-eabi/lib/thumb/v7e-m+fp/hard\libc_nano.a(lib_a-malloc.o)
                              ./Middlewares/USB_Host_Library/usbh_cdc.o (malloc)
c:/st/stm32cubeide_1.4.0/stm32cubeide/plugins/com.st.stm32cube.ide.mcu.externaltools.gnu-tools-for-stm32.10.3-2021.10.win32_1.0.200.202301161003/tools/bin/../lib/gcc/arm-none-eabi/10.3.1/../../../../arm-none-eabi/lib/thumb/v7e-m+fp/hard\libc_nano.a(lib_a-memcpy-stub.o)
                              ./Middlewares/FreeRTOS/queue.o (memcpy)
c:/st/stm32cubeide_1.4.0/stm32cubeide/plugins/com.st.stm32cube.ide.mcu.externaltools.gnu-tools-for-stm32.10.3-2021.10.win32_1.0.200.202301161003/tools/bin/../lib/gcc/arm-none-eabi/10.3.1/../../../../arm-none-eabi/lib/thumb/v7e-m+fp/hard\libc_nano.a(lib_a-memset.o)
                              c:/st/stm32cubeide_1.4.0/stm32cubeide/plugins/com.st.stm32cube.ide.mcu.externaltools.gnu-tools-for-stm32.10.3-2021.10.win32_1.0.200.202301161003/tools/bin/../lib/gcc/arm-none-eabi/10.3.1/../../../../arm-none-eabi/lib/thumb/v7e-m+fp/hard/crt0.o (memset)
c:/st/stm32cubeide_1.4.0/stm32cubeide/plugins/com.st.stm32cube.ide.mcu.externaltools.gnu-tools-for-stm32.10.3-2021.10.win32_1.0.200.202301161003/tools/bin/../lib/gcc/arm-none-eabi/10.3.1/../../../../arm-none-eabi/lib/thumb/v7e-m+fp/hard\libc_nano.a(lib_a-nano-freer.o)
                              c:/st/stm32cubeide_1.4.0/stm32cubeide/plugins/com.st.stm32cube.ide.mcu.externaltools.gnu-tools-for-stm32.10.3-2021.10.win32_1.0.200.202301161003/tools/bin/../lib/gcc/arm-none-eabi/10.3.1/../../../../arm-none-eabi/lib/thumb/v7e-m+fp/hard\libc_nano.a(lib_a-malloc.o) (_free_r)
c:/st/stm32cubeide_1.4.0/stm32cubeide/plugins/com.st.stm32cube.ide.mcu.externaltools.gnu-tools-for-stm32.10.3-2021.10.win32_1.0.200.202301161003/tools/bin/../lib/gcc/arm-none-eabi/10.3.1/../../../../arm-none-eabi/lib/thumb/v7e-m+fp/hard\libc_nano.a(lib_a-nano-mallocr.o)
                              c:/st/stm32cubeide_1.4.0/stm32cubeide/plugins/com.st.stm32cube.ide.mcu.externaltools.gnu-tools-for-stm32.10.3-2021.10.win32_1.0.200.202301161003/tools/bin/../lib/gcc/arm-none-eabi/10.3.1/../../../../arm-none-eabi/lib/thumb/v7e-m+fp/hard\libc_nano.a(lib_a-malloc.o) (_malloc_r)
c:/st/stm32cubeide_1.4.0/stm32cubeide/plugins/com.st.stm32cube.ide.mcu.externaltools.gnu-tools-for-stm32.10.3-2021.10.win32_1.0.200.202301161003/tools/bin/../lib/gcc/arm-none-eabi/10.3.1/../../../../arm-none-eabi/lib/thumb/v7e-m+fp/hard\libc_nano.a(lib_a-sbrkr.o)
[...]
Memory Configuration

Name             Origin             Length             Attributes
CCMRAM           0x0000000010000000 0x0000000000010000 xrw
RAM              0x0000000020000000 0x0000000000030000 xrw
FLASH            0x0000000008000000 0x0000000000200000 xr
*default*        0x0000000000000000 0xffffffffffffffff

Linker script and memory map

LOAD c:/st/stm32cubeide_1.4.0/stm32cubeide/plugins/com.st.stm32cube.ide.mcu.externaltools.gnu-tools-for-stm32.10.3-2021.10.win32_1.0.200.202301161003/tools/bin/../lib/gcc/arm-none-eabi/10.3.1/thumb/v7e-m+fp/hard/crti.o
LOAD c:/st/stm32cubeide_1.4.0/stm32cubeide/plugins/com.st.stm32cube.ide.mcu.externaltools.gnu-tools-for-stm32.10.3-2021.10.win32_1.0.200.202301161003/tools/bin/../lib/gcc/arm-none-eabi/10.3.1/thumb/v7e-m+fp/hard/crtbegin.o
LOAD c:/st/stm32cubeide_1.4.0/stm32cubeide/plugins/com.st.stm32cube.ide.mcu.externaltools.gnu-tools-for-stm32.10.3-2021.10.win32_1.0.200.202301161003/tools/bin/../lib/gcc/arm-none-eabi/10.3.1/../../../../arm-none-eabi/lib/thumb/v7e-m+fp/hard/crt0.o
LOAD ./Core/Src/freertos.o
LOAD ./Core/Src/ili9341.o
LOAD ./Core/Src/main.o
LOAD ./Core/Src/stm32f429i_discovery.o
LOAD ./Core/Src/stm32f429i_discovery_io.o
LOAD ./Core/Src/stm32f429i_discovery_lcd.o
LOAD ./Core/Src/stm32f429i_discovery_sdram.o
LOAD ./Core/Src/stm32f429i_discovery_ts.o
LOAD ./Core/Src/stm32f4xx_hal_msp.o
LOAD ./Core/Src/stm32f4xx_hal_timebase_tim.o
LOAD ./Core/Src/stm32f4xx_it.o
LOAD ./Core/Src/stmpe811.o
LOAD ./Core/Src/syscalls.o
LOAD ./Core/Src/sysmem.o
LOAD ./Core/Src/system_stm32f4xx.o
LOAD ./Core/Startup/startup_stm32f429zitx.o
LOAD ./Drivers/STM32F4xx_HAL_Driver/stm32f4xx_hal.o
LOAD ./Drivers/STM32F4xx_HAL_Driver/stm32f4xx_hal_adc.o
LOAD ./Drivers/STM32F4xx_HAL_Driver/stm32f4xx_hal_adc_ex.o
LOAD ./Drivers/STM32F4xx_HAL_Driver/stm32f4xx_hal_cortex.o
LOAD ./Drivers/STM32F4xx_HAL_Driver/stm32f4xx_hal_crc.o
LOAD ./Drivers/STM32F4xx_HAL_Driver/stm32f4xx_hal_dma.o
LOAD ./Drivers/STM32F4xx_HAL_Driver/stm32f4xx_hal_dma2d.o
LOAD ./Drivers/STM32F4xx_HAL_Driver/stm32f4xx_hal_dma_ex.o
LOAD ./Drivers/STM32F4xx_HAL_Driver/stm32f4xx_hal_dsi.o
LOAD ./Drivers/STM32F4xx_HAL_Driver/stm32f4xx_hal_exti.o
LOAD ./Drivers/STM32F4xx_HAL_Driver/stm32f4xx_hal_flash.o
LOAD ./Drivers/STM32F4xx_HAL_Driver/stm32f4xx_hal_flash_ex.o
LOAD ./Drivers/STM32F4xx_HAL_Driver/stm32f4xx_hal_flash_ramfunc.o
LOAD ./Drivers/STM32F4xx_HAL_Driver/stm32f4xx_hal_gpio.o
LOAD ./Drivers/STM32F4xx_HAL_Driver/stm32f4xx_hal_hcd.o
LOAD ./Drivers/STM32F4xx_HAL_Driver/stm32f4xx_hal_i2c.o
LOAD ./Drivers/STM32F4xx_HAL_Driver/stm32f4xx_hal_i2c_ex.o
LOAD ./Drivers/STM32F4xx_HAL_Driver/stm32f4xx_hal_ltdc.o
LOAD ./Drivers/STM32F4xx_HAL_Driver/stm32f4xx_hal_ltdc_ex.o
LOAD ./Drivers/STM32F4xx_HAL_Driver/stm32f4xx_hal_pwr.o
LOAD ./Drivers/STM32F4xx_HAL_Driver/stm32f4xx_hal_pwr_ex.o
LOAD ./Drivers/STM32F4xx_HAL_Driver/stm32f4xx_hal_rcc.o
LOAD ./Drivers/STM32F4xx_HAL_Driver/stm32f4xx_hal_rcc_ex.o
LOAD ./Drivers/STM32F4xx_HAL_Driver/stm32f4xx_hal_sdram.o
LOAD ./Drivers/STM32F4xx_HAL_Driver/stm32f4xx_hal_spi.o
LOAD ./Drivers/STM32F4xx_HAL_Driver/stm32f4xx_hal_tim.o
LOAD ./Drivers/STM32F4xx_HAL_Driver/stm32f4xx_hal_tim_ex.o
LOAD ./Drivers/STM32F4xx_HAL_Driver/stm32f4xx_hal_uart.o
LOAD ./Drivers/STM32F4xx_HAL_Driver/stm32f4xx_ll_adc.o
LOAD ./Drivers/STM32F4xx_HAL_Driver/stm32f4xx_ll_fmc.o
LOAD ./Drivers/STM32F4xx_HAL_Driver/stm32f4xx_ll_usb.o
LOAD ./Middlewares/FreeRTOS/cmsis_os.o
LOAD ./Middlewares/FreeRTOS/croutine.o
LOAD ./Middlewares/FreeRTOS/event_groups.o
LOAD ./Middlewares/FreeRTOS/heap_4.o
LOAD ./Middlewares/FreeRTOS/list.o
LOAD ./Middlewares/FreeRTOS/port.o
LOAD ./Middlewares/FreeRTOS/queue.o
LOAD ./Middlewares/FreeRTOS/stream_buffer.o
LOAD ./Middlewares/FreeRTOS/tasks.o
LOAD ./Middlewares/FreeRTOS/timers.o
LOAD ./Middlewares/USB_Host_Library/usbh_cdc.o
LOAD ./Middlewares/USB_Host_Library/usbh_core.o
LOAD ./Middlewares/USB_Host_Library/usbh_ctlreq.o
LOAD ./Middlewares/USB_Host_Library/usbh_ioreq.o
LOAD ./Middlewares/USB_Host_Library/usbh_pipes.o
LOAD ./USB_HOST/App/usb_host.o
LOAD ./USB_HOST/Target/usbh_conf.o
LOAD ./USB_HOST/Target/usbh_platform.o
START GROUP
LOAD c:/st/stm32cubeide_1.4.0/stm32cubeide/plugins/com.st.stm32cube.ide.mcu.externaltools.gnu-tools-for-stm32.10.3-2021.10.win32_1.0.200.202301161003/tools/bin/../lib/gcc/arm-none-eabi/10.3.1/../../../../arm-none-eabi/lib/thumb/v7e-m+fp/hard\libc_nano.a
LOAD c:/st/stm32cubeide_1.4.0/stm32cubeide/plugins/com.st.stm32cube.ide.mcu.externaltools.gnu-tools-for-stm32.10.3-2021.10.win32_1.0.200.202301161003/tools/bin/../lib/gcc/arm-none-eabi/10.3.1/../../../../arm-none-eabi/lib/thumb/v7e-m+fp/hard\libm.a
END GROUP
START GROUP
LOAD c:/st/stm32cubeide_1.4.0/stm32cubeide/plugins/com.st.stm32cube.ide.mcu.externaltools.gnu-tools-for-stm32.10.3-2021.10.win32_1.0.200.202301161003/tools/bin/../lib/gcc/arm-none-eabi/10.3.1/thumb/v7e-m+fp/hard\libgcc.a
LOAD c:/st/stm32cubeide_1.4.0/stm32cubeide/plugins/com.st.stm32cube.ide.mcu.externaltools.gnu-tools-for-stm32.10.3-2021.10.win32_1.0.200.202301161003/tools/bin/../lib/gcc/arm-none-eabi/10.3.1/../../../../arm-none-eabi/lib/thumb/v7e-m+fp/hard\libc_nano.a
END GROUP
START GROUP
LOAD c:/st/stm32cubeide_1.4.0/stm32cubeide/plugins/com.st.stm32cube.ide.mcu.externaltools.gnu-tools-for-stm32.10.3-2021.10.win32_1.0.200.202301161003/tools/bin/../lib/gcc/arm-none-eabi/10.3.1/thumb/v7e-m+fp/hard\libgcc.a
LOAD c:/st/stm32cubeide_1.4.0/stm32cubeide/plugins/com.st.stm32cube.ide.mcu.externaltools.gnu-tools-for-stm32.10.3-2021.10.win32_1.0.200.202301161003/tools/bin/../lib/gcc/arm-none-eabi/10.3.1/../../../../arm-none-eabi/lib/thumb/v7e-m+fp/hard\libc_nano.a
LOAD c:/st/stm32cubeide_1.4.0/stm32cubeide/plugins/com.st.stm32cube.ide.mcu.externaltools.gnu-tools-for-stm32.10.3-2021.10.win32_1.0.200.202301161003/tools/bin/../lib/gcc/arm-none-eabi/10.3.1/../../../../arm-none-eabi/lib/thumb/v7e-m+fp/hard\libnosys.a
END GROUP
START GROUP
LOAD c:/st/stm32cubeide_1.4.0/stm32cubeide/plugins/com.st.stm32cube.ide.mcu.externaltools.gnu-tools-for-stm32.10.3-2021.10.win32_1.0.200.202301161003/tools/bin/../lib/gcc/arm-none-eabi/10.3.1/thumb/v7e-m+fp/hard\libgcc.a
LOAD c:/st/stm32cubeide_1.4.0/stm32cubeide/plugins/com.st.stm32cube.ide.mcu.externaltools.gnu-tools-for-stm32.10.3-2021.10.win32_1.0.200.202301161003/tools/bin/../lib/gcc/arm-none-eabi/10.3.1/../../../../arm-none-eabi/lib/thumb/v7e-m+fp/hard\libc_nano.a
LOAD c:/st/stm32cubeide_1.4.0/stm32cubeide/plugins/com.st.stm32cube.ide.mcu.externaltools.gnu-tools-for-stm32.10.3-2021.10.win32_1.0.200.202301161003/tools/bin/../lib/gcc/arm-none-eabi/10.3.1/../../../../arm-none-eabi/lib/thumb/v7e-m+fp/hard\libnosys.a
END GROUP
LOAD c:/st/stm32cubeide_1.4.0/stm32cubeide/plugins/com.st.stm32cube.ide.mcu.externaltools.gnu-tools-for-stm32.10.3-2021.10.win32_1.0.200.202301161003/tools/bin/../lib/gcc/arm-none-eabi/10.3.1/thumb/v7e-m+fp/hard/crtend.o
LOAD c:/st/stm32cubeide_1.4.0/stm32cubeide/plugins/com.st.stm32cube.ide.mcu.externaltools.gnu-tools-for-stm32.10.3-2021.10.win32_1.0.200.202301161003/tools/bin/../lib/gcc/arm-none-eabi/10.3.1/thumb/v7e-m+fp/hard/crtn.o
                0x0000000020030000                _estack = (ORIGIN (RAM) + LENGTH (RAM))
                0x0000000000000200                _Min_Heap_Size = 0x200
                0x0000000000000400                _Min_Stack_Size = 0x400

.isr_vector     0x0000000008000000      0x1ac
                0x0000000008000000                . = ALIGN (0x4)
 *(.isr_vector)
 .isr_vector    0x0000000008000000      0x1ac ./Core/Startup/startup_stm32f429zitx.o
                0x0000000008000000                g_pfnVectors
                0x00000000080001ac                . = ALIGN (0x4)

.text           0x00000000080001b0    0x100f8
                0x00000000080001b0                . = ALIGN (0x4)
 *(.text)
 .text          0x00000000080001b0       0x40 c:/st/stm32cubeide_1.4.0/stm32cubeide/plugins/com.st.stm32cube.ide.mcu.externaltools.gnu-tools-for-stm32.10.3-2021.10.win32_1.0.200.202301161003/tools/bin/../lib/gcc/arm-none-eabi/10.3.1/thumb/v7e-m+fp/hard/crtbegin.o
 .text          0x00000000080001f0       0x10 c:/st/stm32cubeide_1.4.0/stm32cubeide/plugins/com.st.stm32cube.ide.mcu.externaltools.gnu-tools-for-stm32.10.3-2021.10.win32_1.0.200.202301161003/tools/bin/../lib/gcc/arm-none-eabi/10.3.1/../../../../arm-none-eabi/lib/thumb/v7e-m+fp/hard\libc_nano.a(lib_a-strlen.o)
                0x00000000080001f0                strlen
 .text          0x0000000008000200       0x30 c:/st/stm32cubeide_1.4.0/stm32cubeide/plugins/com.st.stm32cube.ide.mcu.externaltools.gnu-tools-for-stm32.10.3-2021.10.win32_1.0.200.202301161003/tools/bin/../lib/gcc/arm-none-eabi/10.3.1/thumb/v7e-m+fp/hard\libgcc.a(_aeabi_uldivmod.o)
                0x0000000008000200                __aeabi_uldivmod
 .text          0x0000000008000230      0x2d0 c:/st/stm32cubeide_1.4.0/stm32cubeide/plugins/com.st.stm32cube.ide.mcu.externaltools.gnu-tools-for-stm32.10.3-2021.10.win32_1.0.200.202301161003/tools/bin/../lib/gcc/arm-none-eabi/10.3.1/thumb/v7e-m+fp/hard\libgcc.a(_udivmoddi4.o)
                0x0000000008000230                __udivmoddi4
 .text          0x0000000008000500        0x4 c:/st/stm32cubeide_1.4.0/stm32cubeide/plugins/com.st.stm32cube.ide.mcu.externaltools.gnu-tools-for-stm32.10.3-2021.10.win32_1.0.200.202301161003/tools/bin/../lib/gcc/arm-none-eabi/10.3.1/thumb/v7e-m+fp/hard\libgcc.a(_dvmd_tls.o)
                0x0000000008000500                __aeabi_idiv0
                0x0000000008000500                __aeabi_ldiv0
 *(.text*)
 .text.vApplicationGetIdleTaskMemory
                0x0000000008000504       0x34 ./Core/Src/freertos.o
                0x0000000008000504                vApplicationGetIdleTaskMemory
 .text.ili9341_Init
                0x0000000008000538      0x294 ./Core/Src/ili9341.o
                0x0000000008000538                ili9341_Init
 .text.ili9341_ReadID
                0x00000000080007cc       0x18 ./Core/Src/ili9341.o
                0x00000000080007cc                ili9341_ReadID
 .text.ili9341_DisplayOn
                0x00000000080007e4        0xe ./Core/Src/ili9341.o
                0x00000000080007e4                ili9341_DisplayOn
 .text.ili9341_DisplayOff
                0x00000000080007f2        0xe ./Core/Src/ili9341.o
                0x00000000080007f2                ili9341_DisplayOff
 .text.ili9341_WriteReg
                0x0000000008000800       0x1a ./Core/Src/ili9341.o
                0x0000000008000800                ili9341_WriteReg
 .text.ili9341_WriteData
                0x000000000800081a       0x1a ./Core/Src/ili9341.o
                0x000000000800081a                ili9341_WriteData
 .text.ili9341_ReadData
                0x0000000008000834       0x26 ./Core/Src/ili9341.o
                0x0000000008000834                ili9341_ReadData
 .text.ili9341_GetLcdPixelWidth
                0x000000000800085a       0x10 ./Core/Src/ili9341.o
                0x000000000800085a                ili9341_GetLcdPixelWidth
 .text.ili9341_GetLcdPixelHeight
                0x000000000800086a       0x12 ./Core/Src/ili9341.o
                0x000000000800086a                ili9341_GetLcdPixelHeight
 .text.main     0x000000000800087c       0x6c ./Core/Src/main.o
                0x000000000800087c                main
 .text.SystemClock_Config
                0x00000000080008e8       0xd4 ./Core/Src/main.o
                0x00000000080008e8                SystemClock_Config
 .text.MX_ADC1_Init
                0x00000000080009bc       0xa4 ./Core/Src/main.o
 .text.MX_CRC_Init
                0x0000000008000a60       0x28 ./Core/Src/main.o
 .text.MX_DMA2D_Init
                0x0000000008000a88       0x64 ./Core/Src/main.o
 .text.MX_I2C3_Init
                0x0000000008000aec       0x80 ./Core/Src/main.o
 .text.MX_LTDC_Init
                0x0000000008000b6c      0x100 ./Core/Src/main.o
 .text.MX_SPI5_Init
                0x0000000008000c6c       0x6c ./Core/Src/main.o
 .text.MX_TIM1_Init
                0x0000000008000cd8       0xa0 ./Core/Src/main.o
 .text.MX_UART5_Init
                0x0000000008000d78       0x54 ./Core/Src/main.o
 .text.MX_USART1_UART_Init
                0x0000000008000dcc       0x54 ./Core/Src/main.o
 .text.MX_FMC_Init
                0x0000000008000e20       0xa0 ./Core/Src/main.o
 .text.MX_GPIO_Init
                0x0000000008000ec0      0x248 ./Core/Src/main.o
 .text.apaga_leds
                0x0000000008001108       0x34 ./Core/Src/main.o
                0x0000000008001108                apaga_leds
 .text.float_to_char
                0x000000000800113c      0x214 ./Core/Src/main.o
                0x000000000800113c                float_to_char
 .text.ExecutionTime_task
                0x0000000008001350      0x384 ./Core/Src/main.o
                0x0000000008001350                ExecutionTime_task
 .text.Sequence_task
                0x00000000080016d4       0x64 ./Core/Src/main.o
                0x00000000080016d4                Sequence_task
 .text.ADC1_IN5_task
                0x0000000008001738       0xe4 ./Core/Src/main.o
                0x0000000008001738                ADC1_IN5_task
 .text.StartDefaultTask
                0x000000000800181c       0x8c ./Core/Src/main.o
                0x000000000800181c                StartDefaultTask
 .text.HAL_TIM_PeriodElapsedCallback
                0x00000000080018a8       0x24 ./Core/Src/main.o
                0x00000000080018a8                HAL_TIM_PeriodElapsedCallback
 .text.Error_Handler
                0x00000000080018cc        0xa ./Core/Src/main.o
                0x00000000080018cc                Error_Handler
 *fill*         0x00000000080018d6        0x2 
 .text.SPIx_Init
                0x00000000080018d8       0x74 ./Core/Src/stm32f429i_discovery.o
 .text.SPIx_Read
                0x000000000800194c       0x40 ./Core/Src/stm32f429i_discovery.o
 .text.SPIx_Write
                0x000000000800198c       0x3c ./Core/Src/stm32f429i_discovery.o
 .text.SPIx_Error
                0x00000000080019c8       0x18 ./Core/Src/stm32f429i_discovery.o
 .text.SPIx_MspInit
                0x00000000080019e0       0x74 ./Core/Src/stm32f429i_discovery.o
 .text.LCD_IO_Init
                0x0000000008001a54       0xf0 ./Core/Src/stm32f429i_discovery.o
                0x0000000008001a54                LCD_IO_Init
 .text.LCD_IO_WriteData
                0x0000000008001b44       0x44 ./Core/Src/stm32f429i_discovery.o
                0x0000000008001b44                LCD_IO_WriteData
 .text.LCD_IO_WriteReg
                0x0000000008001b88       0x44 ./Core/Src/stm32f429i_discovery.o
                0x0000000008001b88                LCD_IO_WriteReg
 .text.LCD_IO_ReadData
                0x0000000008001bcc       0x64 ./Core/Src/stm32f429i_discovery.o
                0x0000000008001bcc                LCD_IO_ReadData
 .text.LCD_Delay
                0x0000000008001c30       0x16 ./Core/Src/stm32f429i_discovery.o
                0x0000000008001c30                LCD_Delay
 *fill*         0x0000000008001c46        0x2 
 .text.BSP_LCD_Init
                0x0000000008001c48       0xd4 ./Core/Src/stm32f429i_discovery_lcd.o
                0x0000000008001c48                BSP_LCD_Init
 .text.BSP_LCD_GetXSize
                0x0000000008001d1c       0x18 ./Core/Src/stm32f429i_discovery_lcd.o
                0x0000000008001d1c                BSP_LCD_GetXSize
 .text.BSP_LCD_GetYSize
                0x0000000008001d34       0x18 ./Core/Src/stm32f429i_discovery_lcd.o
                0x0000000008001d34                BSP_LCD_GetYSize
 .text.BSP_LCD_LayerDefaultInit
                0x0000000008001d4c       0xc8 ./Core/Src/stm32f429i_discovery_lcd.o
                0x0000000008001d4c                BSP_LCD_LayerDefaultInit
 .text.BSP_LCD_SelectLayer
                0x0000000008001e14       0x20 ./Core/Src/stm32f429i_discovery_lcd.o
                0x0000000008001e14                BSP_LCD_SelectLayer
 .text.BSP_LCD_SetLayerVisible
                0x0000000008001e34       0x7c ./Core/Src/stm32f429i_discovery_lcd.o
                0x0000000008001e34                BSP_LCD_SetLayerVisible
 .text.BSP_LCD_SetColorKeying
                0x0000000008001eb0       0x28 ./Core/Src/stm32f429i_discovery_lcd.o
                0x0000000008001eb0                BSP_LCD_SetColorKeying
 .text.BSP_LCD_SetTextColor
                0x0000000008001ed8       0x30 ./Core/Src/stm32f429i_discovery_lcd.o
                0x0000000008001ed8                BSP_LCD_SetTextColor
 .text.BSP_LCD_SetBackColor
                0x0000000008001f08       0x34 ./Core/Src/stm32f429i_discovery_lcd.o
                0x0000000008001f08                BSP_LCD_SetBackColor
 .text.BSP_LCD_SetFont
                0x0000000008001f3c       0x34 ./Core/Src/stm32f429i_discovery_lcd.o
                0x0000000008001f3c                BSP_LCD_SetFont
 .text.BSP_LCD_Clear
                0x0000000008001f70       0x50 ./Core/Src/stm32f429i_discovery_lcd.o
                0x0000000008001f70                BSP_LCD_Clear
 .text.BSP_LCD_DisplayChar
                0x0000000008001fc0       0x88 ./Core/Src/stm32f429i_discovery_lcd.o
                0x0000000008001fc0                BSP_LCD_DisplayChar
 .text.BSP_LCD_DisplayStringAt
                0x0000000008002048      0x17c ./Core/Src/stm32f429i_discovery_lcd.o
                0x0000000008002048                BSP_LCD_DisplayStringAt
 .text.BSP_LCD_DisplayOn
                0x00000000080021c4       0x20 ./Core/Src/stm32f429i_discovery_lcd.o
                0x00000000080021c4                BSP_LCD_DisplayOn
 .text.BSP_LCD_MspInit
                0x00000000080021e4      0x1ac ./Core/Src/stm32f429i_discovery_lcd.o
                0x00000000080021e4                BSP_LCD_MspInit
 .text.BSP_LCD_DrawPixel
                0x0000000008002390       0x4c ./Core/Src/stm32f429i_discovery_lcd.o
                0x0000000008002390                BSP_LCD_DrawPixel
 .text.DrawChar
                0x00000000080023dc      0x174 ./Core/Src/stm32f429i_discovery_lcd.o
 .text.FillBuffer
                0x0000000008002550       0x70 ./Core/Src/stm32f429i_discovery_lcd.o
 .text.BSP_SDRAM_Init
                0x00000000080025c0       0xbc ./Core/Src/stm32f429i_discovery_sdram.o
                0x00000000080025c0                BSP_SDRAM_Init
 .text.BSP_SDRAM_Initialization_sequence
                0x000000000800267c       0xc0 ./Core/Src/stm32f429i_discovery_sdram.o
                0x000000000800267c                BSP_SDRAM_Initialization_sequence
 .text.BSP_SDRAM_MspInit
                0x000000000800273c      0x218 ./Core/Src/stm32f429i_discovery_sdram.o
                0x000000000800273c                BSP_SDRAM_MspInit
 .text.HAL_MspInit
                0x0000000008002954       0x58 ./Core/Src/stm32f4xx_hal_msp.o
                0x0000000008002954                HAL_MspInit
 .text.HAL_ADC_MspInit
                0x00000000080029ac       0x88 ./Core/Src/stm32f4xx_hal_msp.o
                0x00000000080029ac                HAL_ADC_MspInit
 .text.HAL_CRC_MspInit
                0x0000000008002a34       0x44 ./Core/Src/stm32f4xx_hal_msp.o
                0x0000000008002a34                HAL_CRC_MspInit
 .text.HAL_DMA2D_MspInit
                0x0000000008002a78       0x50 ./Core/Src/stm32f4xx_hal_msp.o
                0x0000000008002a78                HAL_DMA2D_MspInit
 .text.HAL_I2C_MspInit
                0x0000000008002ac8       0xd4 ./Core/Src/stm32f4xx_hal_msp.o
                0x0000000008002ac8                HAL_I2C_MspInit
 .text.HAL_LTDC_MspInit
                0x0000000008002b9c      0x260 ./Core/Src/stm32f4xx_hal_msp.o
                0x0000000008002b9c                HAL_LTDC_MspInit
 .text.HAL_SPI_MspInit
                0x0000000008002dfc       0x90 ./Core/Src/stm32f4xx_hal_msp.o
                0x0000000008002dfc                HAL_SPI_MspInit
 .text.HAL_SPI_MspDeInit
                0x0000000008002e8c       0x3c ./Core/Src/stm32f4xx_hal_msp.o
                0x0000000008002e8c                HAL_SPI_MspDeInit
 .text.HAL_TIM_Base_MspInit
                0x0000000008002ec8       0x44 ./Core/Src/stm32f4xx_hal_msp.o
                0x0000000008002ec8                HAL_TIM_Base_MspInit
 .text.HAL_UART_MspInit
                0x0000000008002f0c      0x140 ./Core/Src/stm32f4xx_hal_msp.o
                0x0000000008002f0c                HAL_UART_MspInit
 .text.HAL_FMC_MspInit
                0x000000000800304c      0x124 ./Core/Src/stm32f4xx_hal_msp.o
 .text.HAL_SDRAM_MspInit
                0x0000000008003170       0x14 ./Core/Src/stm32f4xx_hal_msp.o
                0x0000000008003170                HAL_SDRAM_MspInit
 .text.HAL_InitTick
                0x0000000008003184       0xf8 ./Core/Src/stm32f4xx_hal_timebase_tim.o
                0x0000000008003184                HAL_InitTick
 .text.NMI_Handler
                0x000000000800327c        0x6 ./Core/Src/stm32f4xx_it.o
                0x000000000800327c                NMI_Handler
 .text.HardFault_Handler
                0x0000000008003282        0x6 ./Core/Src/stm32f4xx_it.o
                0x0000000008003282                HardFault_Handler
 .text.MemManage_Handler
                0x0000000008003288        0x6 ./Core/Src/stm32f4xx_it.o
                0x0000000008003288                MemManage_Handler
 .text.BusFault_Handler
                0x000000000800328e        0x6 ./Core/Src/stm32f4xx_it.o
                0x000000000800328e                BusFault_Handler
 .text.UsageFault_Handler
                0x0000000008003294        0x6 ./Core/Src/stm32f4xx_it.o
                0x0000000008003294                UsageFault_Handler
 .text.DebugMon_Handler
                0x000000000800329a        0xe ./Core/Src/stm32f4xx_it.o
                0x000000000800329a                DebugMon_Handler
 .text.TIM6_DAC_IRQHandler
                0x00000000080032a8       0x14 ./Core/Src/stm32f4xx_it.o
                0x00000000080032a8                TIM6_DAC_IRQHandler
 .text.OTG_HS_IRQHandler
                0x00000000080032bc       0x14 ./Core/Src/stm32f4xx_it.o
                0x00000000080032bc                OTG_HS_IRQHandler
 .text.LTDC_IRQHandler
                0x00000000080032d0       0x14 ./Core/Src/stm32f4xx_it.o
                0x00000000080032d0                LTDC_IRQHandler
 .text.DMA2D_IRQHandler
                0x00000000080032e4       0x14 ./Core/Src/stm32f4xx_it.o
                0x00000000080032e4                DMA2D_IRQHandler
 .text._sbrk    0x00000000080032f8       0x6c ./Core/Src/sysmem.o
                0x00000000080032f8                _sbrk
 .text.SystemInit
                0x0000000008003364       0x24 ./Core/Src/system_stm32f4xx.o
                0x0000000008003364                SystemInit
 .text.Reset_Handler
                0x0000000008003388       0x50 ./Core/Startup/startup_stm32f429zitx.o
                0x0000000008003388                Reset_Handler
 .text.Default_Handler
                0x00000000080033d8        0x2 ./Core/Startup/startup_stm32f429zitx.o
                0x00000000080033d8                RTC_Alarm_IRQHandler
                0x00000000080033d8                HASH_RNG_IRQHandler
                0x00000000080033d8                EXTI2_IRQHandler
                0x00000000080033d8                TIM8_CC_IRQHandler
                0x00000000080033d8                UART8_IRQHandler
                0x00000000080033d8                SPI4_IRQHandler
                0x00000000080033d8                TIM1_CC_IRQHandler
                0x00000000080033d8                DMA2_Stream5_IRQHandler
                0x00000000080033d8                DMA1_Stream5_IRQHandler
                0x00000000080033d8                PVD_IRQHandler
                0x00000000080033d8                SDIO_IRQHandler
                0x00000000080033d8                TAMP_STAMP_IRQHandler
                0x00000000080033d8                CAN2_RX1_IRQHandler
                0x00000000080033d8                EXTI3_IRQHandler
                0x00000000080033d8                TIM8_TRG_COM_TIM14_IRQHandler
                0x00000000080033d8                TIM1_UP_TIM10_IRQHandler
                0x00000000080033d8                TIM8_UP_TIM13_IRQHandler
                0x00000000080033d8                I2C3_ER_IRQHandler
                0x00000000080033d8                EXTI0_IRQHandler
                0x00000000080033d8                I2C2_EV_IRQHandler
                0x00000000080033d8                DMA1_Stream2_IRQHandler
                0x00000000080033d8                CAN1_RX0_IRQHandler
                0x00000000080033d8                FPU_IRQHandler
                0x00000000080033d8                OTG_HS_WKUP_IRQHandler
                0x00000000080033d8                LTDC_ER_IRQHandler
                0x00000000080033d8                CAN2_SCE_IRQHandler
                0x00000000080033d8                DMA2_Stream2_IRQHandler
                0x00000000080033d8                SPI1_IRQHandler
                0x00000000080033d8                TIM1_BRK_TIM9_IRQHandler
                0x00000000080033d8                DCMI_IRQHandler
                0x00000000080033d8                CAN2_RX0_IRQHandler
                0x00000000080033d8                DMA2_Stream3_IRQHandler
                0x00000000080033d8                USART6_IRQHandler
                0x00000000080033d8                USART3_IRQHandler
                0x00000000080033d8                CAN1_RX1_IRQHandler
                0x00000000080033d8                UART5_IRQHandler
                0x00000000080033d8                DMA2_Stream0_IRQHandler
                0x00000000080033d8                TIM4_IRQHandler
                0x00000000080033d8                I2C1_EV_IRQHandler
                0x00000000080033d8                DMA1_Stream6_IRQHandler
                0x00000000080033d8                DMA1_Stream1_IRQHandler
                0x00000000080033d8                UART4_IRQHandler
                0x00000000080033d8                TIM3_IRQHandler
                0x00000000080033d8                RCC_IRQHandler
                0x00000000080033d8                TIM8_BRK_TIM12_IRQHandler
                0x00000000080033d8                Default_Handler
                0x00000000080033d8                EXTI15_10_IRQHandler
                0x00000000080033d8                ADC_IRQHandler
                0x00000000080033d8                DMA1_Stream7_IRQHandler
                0x00000000080033d8                SPI5_IRQHandler
                0x00000000080033d8                TIM7_IRQHandler
                0x00000000080033d8                CAN2_TX_IRQHandler
                0x00000000080033d8                TIM5_IRQHandler
                0x00000000080033d8                DMA2_Stream7_IRQHandler
                0x00000000080033d8                I2C3_EV_IRQHandler
                0x00000000080033d8                EXTI9_5_IRQHandler
                0x00000000080033d8                RTC_WKUP_IRQHandler
                0x00000000080033d8                ETH_WKUP_IRQHandler
                0x00000000080033d8                SPI2_IRQHandler
                0x00000000080033d8                OTG_HS_EP1_IN_IRQHandler
                0x00000000080033d8                DMA1_Stream0_IRQHandler
                0x00000000080033d8                CAN1_TX_IRQHandler
                0x00000000080033d8                EXTI4_IRQHandler
                0x00000000080033d8                ETH_IRQHandler
                0x00000000080033d8                OTG_HS_EP1_OUT_IRQHandler
                0x00000000080033d8                WWDG_IRQHandler
                0x00000000080033d8                SPI6_IRQHandler
                0x00000000080033d8                TIM2_IRQHandler
                0x00000000080033d8                OTG_FS_WKUP_IRQHandler
                0x00000000080033d8                TIM1_TRG_COM_TIM11_IRQHandler
                0x00000000080033d8                EXTI1_IRQHandler
                0x00000000080033d8                UART7_IRQHandler
                0x00000000080033d8                USART2_IRQHandler
                0x00000000080033d8                I2C2_ER_IRQHandler
                0x00000000080033d8                DMA2_Stream1_IRQHandler
                0x00000000080033d8                CAN1_SCE_IRQHandler
                0x00000000080033d8                FLASH_IRQHandler
                0x00000000080033d8                DMA2_Stream4_IRQHandler
                0x00000000080033d8                USART1_IRQHandler
                0x00000000080033d8                OTG_FS_IRQHandler
                0x00000000080033d8                SPI3_IRQHandler
                0x00000000080033d8                DMA1_Stream4_IRQHandler
                0x00000000080033d8                I2C1_ER_IRQHandler
                0x00000000080033d8                FMC_IRQHandler
                0x00000000080033d8                DMA2_Stream6_IRQHandler
                0x00000000080033d8                SAI1_IRQHandler
                0x00000000080033d8                DMA1_Stream3_IRQHandler
 *fill*         0x00000000080033da        0x2 
 .text.HAL_Init
                0x00000000080033dc       0x44 ./Drivers/STM32F4xx_HAL_Driver/stm32f4xx_hal.o
                0x00000000080033dc                HAL_Init
 .text.HAL_IncTick
                0x0000000008003420       0x28 ./Drivers/STM32F4xx_HAL_Driver/stm32f4xx_hal.o
                0x0000000008003420                HAL_IncTick
 .text.HAL_GetTick
                0x0000000008003448       0x18 ./Drivers/STM32F4xx_HAL_Driver/stm32f4xx_hal.o
                0x0000000008003448                HAL_GetTick
 .text.HAL_Delay
                0x0000000008003460       0x48 ./Drivers/STM32F4xx_HAL_Driver/stm32f4xx_hal.o
                0x0000000008003460                HAL_Delay
 .text.HAL_ADC_Init
                0x00000000080034a8       0x86 ./Drivers/STM32F4xx_HAL_Driver/stm32f4xx_hal_adc.o
                0x00000000080034a8                HAL_ADC_Init
 *fill*         0x000000000800352e        0x2 
 .text.HAL_ADC_Start
                0x0000000008003530      0x1a4 ./Drivers/STM32F4xx_HAL_Driver/stm32f4xx_hal_adc.o
                0x0000000008003530                HAL_ADC_Start
 .text.HAL_ADC_Stop
                0x00000000080036d4       0x66 ./Drivers/STM32F4xx_HAL_Driver/stm32f4xx_hal_adc.o
                0x00000000080036d4                HAL_ADC_Stop
 .text.HAL_ADC_PollForConversion
                0x000000000800373a      0x116 ./Drivers/STM32F4xx_HAL_Driver/stm32f4xx_hal_adc.o
                0x000000000800373a                HAL_ADC_PollForConversion
 .text.HAL_ADC_GetValue
                0x0000000008003850       0x1a ./Drivers/STM32F4xx_HAL_Driver/stm32f4xx_hal_adc.o
                0x0000000008003850                HAL_ADC_GetValue
 *fill*         0x000000000800386a        0x2 
 .text.HAL_ADC_ConfigChannel
                0x000000000800386c      0x264 ./Drivers/STM32F4xx_HAL_Driver/stm32f4xx_hal_adc.o
                0x000000000800386c                HAL_ADC_ConfigChannel
 .text.ADC_Init
                0x0000000008003ad0      0x1f8 ./Drivers/STM32F4xx_HAL_Driver/stm32f4xx_hal_adc.o
 .text.__NVIC_SetPriorityGrouping
                0x0000000008003cc8       0x48 ./Drivers/STM32F4xx_HAL_Driver/stm32f4xx_hal_cortex.o
 .text.__NVIC_GetPriorityGrouping
                0x0000000008003d10       0x1c ./Drivers/STM32F4xx_HAL_Driver/stm32f4xx_hal_cortex.o
 .text.__NVIC_EnableIRQ
                0x0000000008003d2c       0x3c ./Drivers/STM32F4xx_HAL_Driver/stm32f4xx_hal_cortex.o
 .text.__NVIC_SetPriority
                0x0000000008003d68       0x54 ./Drivers/STM32F4xx_HAL_Driver/stm32f4xx_hal_cortex.o
 .text.NVIC_EncodePriority
                0x0000000008003dbc       0x66 ./Drivers/STM32F4xx_HAL_Driver/stm32f4xx_hal_cortex.o
 .text.HAL_NVIC_SetPriorityGrouping
                0x0000000008003e22       0x16 ./Drivers/STM32F4xx_HAL_Driver/stm32f4xx_hal_cortex.o
                0x0000000008003e22                HAL_NVIC_SetPriorityGrouping
 .text.HAL_NVIC_SetPriority
                0x0000000008003e38       0x38 ./Drivers/STM32F4xx_HAL_Driver/stm32f4xx_hal_cortex.o
                0x0000000008003e38                HAL_NVIC_SetPriority
 .text.HAL_NVIC_EnableIRQ
                0x0000000008003e70       0x1c ./Drivers/STM32F4xx_HAL_Driver/stm32f4xx_hal_cortex.o
                0x0000000008003e70                HAL_NVIC_EnableIRQ
 .text.HAL_CRC_Init
                0x0000000008003e8c       0x38 ./Drivers/STM32F4xx_HAL_Driver/stm32f4xx_hal_crc.o
                0x0000000008003e8c                HAL_CRC_Init
 .text.HAL_DMA_Init
                0x0000000008003ec4      0x15c ./Drivers/STM32F4xx_HAL_Driver/stm32f4xx_hal_dma.o
                0x0000000008003ec4                HAL_DMA_Init
 .text.HAL_DMA_DeInit
                0x0000000008004020       0xbc ./Drivers/STM32F4xx_HAL_Driver/stm32f4xx_hal_dma.o
                0x0000000008004020                HAL_DMA_DeInit
 .text.DMA_CalcBaseAndBitshift
                0x00000000080040dc       0x6c ./Drivers/STM32F4xx_HAL_Driver/stm32f4xx_hal_dma.o
 .text.DMA_CheckFifoParam
                0x0000000008004148       0xf8 ./Drivers/STM32F4xx_HAL_Driver/stm32f4xx_hal_dma.o
 .text.HAL_DMA2D_Init
                0x0000000008004240       0x92 ./Drivers/STM32F4xx_HAL_Driver/stm32f4xx_hal_dma2d.o
                0x0000000008004240                HAL_DMA2D_Init
 .text.HAL_DMA2D_Start
                0x00000000080042d2       0x56 ./Drivers/STM32F4xx_HAL_Driver/stm32f4xx_hal_dma2d.o
                0x00000000080042d2                HAL_DMA2D_Start
 .text.HAL_DMA2D_PollForTransfer
                0x0000000008004328      0x1d2 ./Drivers/STM32F4xx_HAL_Driver/stm32f4xx_hal_dma2d.o
                0x0000000008004328                HAL_DMA2D_PollForTransfer
 .text.HAL_DMA2D_IRQHandler
                0x00000000080044fa      0x1f8 ./Drivers/STM32F4xx_HAL_Driver/stm32f4xx_hal_dma2d.o
                0x00000000080044fa                HAL_DMA2D_IRQHandler
 .text.HAL_DMA2D_LineEventCallback
                0x00000000080046f2       0x14 ./Drivers/STM32F4xx_HAL_Driver/stm32f4xx_hal_dma2d.o
                0x00000000080046f2                HAL_DMA2D_LineEventCallback
 .text.HAL_DMA2D_CLUTLoadingCpltCallback
                0x0000000008004706       0x14 ./Drivers/STM32F4xx_HAL_Driver/stm32f4xx_hal_dma2d.o
                0x0000000008004706                HAL_DMA2D_CLUTLoadingCpltCallback
 *fill*         0x000000000800471a        0x2 
 .text.HAL_DMA2D_ConfigLayer
                0x000000000800471c      0x124 ./Drivers/STM32F4xx_HAL_Driver/stm32f4xx_hal_dma2d.o
                0x000000000800471c                HAL_DMA2D_ConfigLayer
 .text.DMA2D_SetConfig
                0x0000000008004840      0x138 ./Drivers/STM32F4xx_HAL_Driver/stm32f4xx_hal_dma2d.o
 .text.HAL_GPIO_Init
                0x0000000008004978      0x358 ./Drivers/STM32F4xx_HAL_Driver/stm32f4xx_hal_gpio.o
                0x0000000008004978                HAL_GPIO_Init
 .text.HAL_GPIO_DeInit
                0x0000000008004cd0      0x218 ./Drivers/STM32F4xx_HAL_Driver/stm32f4xx_hal_gpio.o
                0x0000000008004cd0                HAL_GPIO_DeInit
 .text.HAL_GPIO_WritePin
                0x0000000008004ee8       0x32 ./Drivers/STM32F4xx_HAL_Driver/stm32f4xx_hal_gpio.o
                0x0000000008004ee8                HAL_GPIO_WritePin
 .text.HAL_HCD_Init
                0x0000000008004f1a       0xc4 ./Drivers/STM32F4xx_HAL_Driver/stm32f4xx_hal_hcd.o
                0x0000000008004f1a                HAL_HCD_Init
 .text.HAL_HCD_HC_Init
                0x0000000008004fde      0x11e ./Drivers/STM32F4xx_HAL_Driver/stm32f4xx_hal_hcd.o
                0x0000000008004fde                HAL_HCD_HC_Init
 .text.HAL_HCD_HC_Halt
                0x00000000080050fc       0x46 ./Drivers/STM32F4xx_HAL_Driver/stm32f4xx_hal_hcd.o
                0x00000000080050fc                HAL_HCD_HC_Halt
 *fill*         0x0000000008005142        0x2 
 .text.HAL_HCD_HC_SubmitRequest
                0x0000000008005144      0x2ac ./Drivers/STM32F4xx_HAL_Driver/stm32f4xx_hal_hcd.o
                0x0000000008005144                HAL_HCD_HC_SubmitRequest
 .text.HAL_HCD_IRQHandler
                0x00000000080053f0      0x216 ./Drivers/STM32F4xx_HAL_Driver/stm32f4xx_hal_hcd.o
                0x00000000080053f0                HAL_HCD_IRQHandler
 .text.HAL_HCD_Start
                0x0000000008005606       0x46 ./Drivers/STM32F4xx_HAL_Driver/stm32f4xx_hal_hcd.o
                0x0000000008005606                HAL_HCD_Start
 .text.HAL_HCD_Stop
                0x000000000800564c       0x3a ./Drivers/STM32F4xx_HAL_Driver/stm32f4xx_hal_hcd.o
                0x000000000800564c                HAL_HCD_Stop
 .text.HAL_HCD_ResetPort
                0x0000000008005686       0x1c ./Drivers/STM32F4xx_HAL_Driver/stm32f4xx_hal_hcd.o
                0x0000000008005686                HAL_HCD_ResetPort
 .text.HAL_HCD_HC_GetURBState
                0x00000000080056a2       0x28 ./Drivers/STM32F4xx_HAL_Driver/stm32f4xx_hal_hcd.o
                0x00000000080056a2                HAL_HCD_HC_GetURBState
 .text.HAL_HCD_HC_GetXferCount
                0x00000000080056ca       0x28 ./Drivers/STM32F4xx_HAL_Driver/stm32f4xx_hal_hcd.o
                0x00000000080056ca                HAL_HCD_HC_GetXferCount
 .text.HAL_HCD_GetCurrentFrame
                0x00000000080056f2       0x1c ./Drivers/STM32F4xx_HAL_Driver/stm32f4xx_hal_hcd.o
                0x00000000080056f2                HAL_HCD_GetCurrentFrame
 .text.HAL_HCD_GetCurrentSpeed
                0x000000000800570e       0x1c ./Drivers/STM32F4xx_HAL_Driver/stm32f4xx_hal_hcd.o
                0x000000000800570e                HAL_HCD_GetCurrentSpeed
 .text.HCD_HC_IN_IRQHandler
                0x000000000800572a      0x6aa ./Drivers/STM32F4xx_HAL_Driver/stm32f4xx_hal_hcd.o
 .text.HCD_HC_OUT_IRQHandler
                0x0000000008005dd4      0x6d2 ./Drivers/STM32F4xx_HAL_Driver/stm32f4xx_hal_hcd.o
 .text.HCD_RXQLVL_IRQHandler
                0x00000000080064a6      0x1a4 ./Drivers/STM32F4xx_HAL_Driver/stm32f4xx_hal_hcd.o
 .text.HCD_Port_IRQHandler
                0x000000000800664a       0xe6 ./Drivers/STM32F4xx_HAL_Driver/stm32f4xx_hal_hcd.o
 .text.HAL_I2C_Init
                0x0000000008006730      0x288 ./Drivers/STM32F4xx_HAL_Driver/stm32f4xx_hal_i2c.o
                0x0000000008006730                HAL_I2C_Init
 .text.HAL_I2CEx_ConfigAnalogFilter
                0x00000000080069b8       0x78 ./Drivers/STM32F4xx_HAL_Driver/stm32f4xx_hal_i2c_ex.o
                0x00000000080069b8                HAL_I2CEx_ConfigAnalogFilter
 .text.HAL_I2CEx_ConfigDigitalFilter
                0x0000000008006a30       0x7e ./Drivers/STM32F4xx_HAL_Driver/stm32f4xx_hal_i2c_ex.o
                0x0000000008006a30                HAL_I2CEx_ConfigDigitalFilter
 *fill*         0x0000000008006aae        0x2 
 .text.HAL_LTDC_Init
                0x0000000008006ab0      0x1a0 ./Drivers/STM32F4xx_HAL_Driver/stm32f4xx_hal_ltdc.o
                0x0000000008006ab0                HAL_LTDC_Init
 .text.HAL_LTDC_IRQHandler
                0x0000000008006c50      0x148 ./Drivers/STM32F4xx_HAL_Driver/stm32f4xx_hal_ltdc.o
                0x0000000008006c50                HAL_LTDC_IRQHandler
 .text.HAL_LTDC_ErrorCallback
                0x0000000008006d98       0x14 ./Drivers/STM32F4xx_HAL_Driver/stm32f4xx_hal_ltdc.o
                0x0000000008006d98                HAL_LTDC_ErrorCallback
 .text.HAL_LTDC_LineEventCallback
                0x0000000008006dac       0x14 ./Drivers/STM32F4xx_HAL_Driver/stm32f4xx_hal_ltdc.o
                0x0000000008006dac                HAL_LTDC_LineEventCallback
 .text.HAL_LTDC_ReloadEventCallback
                0x0000000008006dc0       0x14 ./Drivers/STM32F4xx_HAL_Driver/stm32f4xx_hal_ltdc.o
                0x0000000008006dc0                HAL_LTDC_ReloadEventCallback
 .text.HAL_LTDC_ConfigLayer
                0x0000000008006dd4       0x7c ./Drivers/STM32F4xx_HAL_Driver/stm32f4xx_hal_ltdc.o
                0x0000000008006dd4                HAL_LTDC_ConfigLayer
 .text.HAL_LTDC_ConfigColorKeying
                0x0000000008006e50       0x88 ./Drivers/STM32F4xx_HAL_Driver/stm32f4xx_hal_ltdc.o
                0x0000000008006e50                HAL_LTDC_ConfigColorKeying
 .text.HAL_LTDC_EnableColorKeying
                0x0000000008006ed8       0x72 ./Drivers/STM32F4xx_HAL_Driver/stm32f4xx_hal_ltdc.o
                0x0000000008006ed8                HAL_LTDC_EnableColorKeying
 *fill*         0x0000000008006f4a        0x2 
 .text.HAL_LTDC_EnableDither
                0x0000000008006f4c       0x54 ./Drivers/STM32F4xx_HAL_Driver/stm32f4xx_hal_ltdc.o
                0x0000000008006f4c                HAL_LTDC_EnableDither
 .text.LTDC_SetConfig
                0x0000000008006fa0      0x32e ./Drivers/STM32F4xx_HAL_Driver/stm32f4xx_hal_ltdc.o
 *fill*         0x00000000080072ce        0x2 
 .text.HAL_RCC_OscConfig
                0x00000000080072d0      0x4f0 ./Drivers/STM32F4xx_HAL_Driver/stm32f4xx_hal_rcc.o
                0x00000000080072d0                HAL_RCC_OscConfig
 .text.HAL_RCC_ClockConfig
                0x00000000080077c0      0x1cc ./Drivers/STM32F4xx_HAL_Driver/stm32f4xx_hal_rcc.o
                0x00000000080077c0                HAL_RCC_ClockConfig
 .text.HAL_RCC_GetSysClockFreq
                0x000000000800798c      0x20c ./Drivers/STM32F4xx_HAL_Driver/stm32f4xx_hal_rcc.o
                0x000000000800798c                HAL_RCC_GetSysClockFreq
 .text.HAL_RCC_GetHCLKFreq
                0x0000000008007b98       0x18 ./Drivers/STM32F4xx_HAL_Driver/stm32f4xx_hal_rcc.o
                0x0000000008007b98                HAL_RCC_GetHCLKFreq
 .text.HAL_RCC_GetPCLK1Freq
                0x0000000008007bb0       0x28 ./Drivers/STM32F4xx_HAL_Driver/stm32f4xx_hal_rcc.o
                0x0000000008007bb0                HAL_RCC_GetPCLK1Freq
 .text.HAL_RCC_GetPCLK2Freq
                0x0000000008007bd8       0x28 ./Drivers/STM32F4xx_HAL_Driver/stm32f4xx_hal_rcc.o
                0x0000000008007bd8                HAL_RCC_GetPCLK2Freq
 .text.HAL_RCC_GetClockConfig
                0x0000000008007c00       0x64 ./Drivers/STM32F4xx_HAL_Driver/stm32f4xx_hal_rcc.o
                0x0000000008007c00                HAL_RCC_GetClockConfig
 .text.HAL_RCCEx_PeriphCLKConfig
                0x0000000008007c64      0x380 ./Drivers/STM32F4xx_HAL_Driver/stm32f4xx_hal_rcc_ex.o
                0x0000000008007c64                HAL_RCCEx_PeriphCLKConfig
 .text.HAL_SDRAM_Init
                0x0000000008007fe4       0x68 ./Drivers/STM32F4xx_HAL_Driver/stm32f4xx_hal_sdram.o
                0x0000000008007fe4                HAL_SDRAM_Init
 .text.HAL_SDRAM_SendCommand
                0x000000000800804c       0x6a ./Drivers/STM32F4xx_HAL_Driver/stm32f4xx_hal_sdram.o
                0x000000000800804c                HAL_SDRAM_SendCommand
 .text.HAL_SDRAM_ProgramRefreshRate
                0x00000000080080b6       0x50 ./Drivers/STM32F4xx_HAL_Driver/stm32f4xx_hal_sdram.o
                0x00000000080080b6                HAL_SDRAM_ProgramRefreshRate
 .text.HAL_SPI_Init
                0x0000000008008106      0x112 ./Drivers/STM32F4xx_HAL_Driver/stm32f4xx_hal_spi.o
                0x0000000008008106                HAL_SPI_Init
 .text.HAL_SPI_DeInit
                0x0000000008008218       0x50 ./Drivers/STM32F4xx_HAL_Driver/stm32f4xx_hal_spi.o
                0x0000000008008218                HAL_SPI_DeInit
 .text.HAL_SPI_Transmit
                0x0000000008008268      0x278 ./Drivers/STM32F4xx_HAL_Driver/stm32f4xx_hal_spi.o
                0x0000000008008268                HAL_SPI_Transmit
 .text.HAL_SPI_Receive
                0x00000000080084e0      0x222 ./Drivers/STM32F4xx_HAL_Driver/stm32f4xx_hal_spi.o
                0x00000000080084e0                HAL_SPI_Receive
 .text.HAL_SPI_TransmitReceive
                0x0000000008008702      0x344 ./Drivers/STM32F4xx_HAL_Driver/stm32f4xx_hal_spi.o
                0x0000000008008702                HAL_SPI_TransmitReceive
 .text.HAL_SPI_GetState
                0x0000000008008a46       0x1c ./Drivers/STM32F4xx_HAL_Driver/stm32f4xx_hal_spi.o
                0x0000000008008a46                HAL_SPI_GetState
 *fill*         0x0000000008008a62        0x2 
 .text.SPI_WaitFlagStateUntilTimeout
                0x0000000008008a64      0x110 ./Drivers/STM32F4xx_HAL_Driver/stm32f4xx_hal_spi.o
 .text.SPI_EndRxTransaction
                0x0000000008008b74       0xca ./Drivers/STM32F4xx_HAL_Driver/stm32f4xx_hal_spi.o
 *fill*         0x0000000008008c3e        0x2 
 .text.SPI_EndRxTxTransaction
                0x0000000008008c40       0x84 ./Drivers/STM32F4xx_HAL_Driver/stm32f4xx_hal_spi.o
 .text.HAL_TIM_Base_Init
                0x0000000008008cc4       0x9e ./Drivers/STM32F4xx_HAL_Driver/stm32f4xx_hal_tim.o
                0x0000000008008cc4                HAL_TIM_Base_Init
 *fill*         0x0000000008008d62        0x2 
 .text.HAL_TIM_Base_Start_IT
                0x0000000008008d64       0xe0 ./Drivers/STM32F4xx_HAL_Driver/stm32f4xx_hal_tim.o
                0x0000000008008d64                HAL_TIM_Base_Start_IT
 .text.HAL_TIM_IRQHandler
                0x0000000008008e44      0x210 ./Drivers/STM32F4xx_HAL_Driver/stm32f4xx_hal_tim.o
                0x0000000008008e44                HAL_TIM_IRQHandler
 .text.HAL_TIM_ConfigClockSource
                0x0000000008009054      0x18e ./Drivers/STM32F4xx_HAL_Driver/stm32f4xx_hal_tim.o
                0x0000000008009054                HAL_TIM_ConfigClockSource
 .text.HAL_TIM_OC_DelayElapsedCallback
                0x00000000080091e2       0x14 ./Drivers/STM32F4xx_HAL_Driver/stm32f4xx_hal_tim.o
                0x00000000080091e2                HAL_TIM_OC_DelayElapsedCallback
 .text.HAL_TIM_IC_CaptureCallback
                0x00000000080091f6       0x14 ./Drivers/STM32F4xx_HAL_Driver/stm32f4xx_hal_tim.o
                0x00000000080091f6                HAL_TIM_IC_CaptureCallback
 .text.HAL_TIM_PWM_PulseFinishedCallback
                0x000000000800920a       0x14 ./Drivers/STM32F4xx_HAL_Driver/stm32f4xx_hal_tim.o
                0x000000000800920a                HAL_TIM_PWM_PulseFinishedCallback
 .text.HAL_TIM_TriggerCallback
                0x000000000800921e       0x14 ./Drivers/STM32F4xx_HAL_Driver/stm32f4xx_hal_tim.o
                0x000000000800921e                HAL_TIM_TriggerCallback
 *fill*         0x0000000008009232        0x2 
 .text.TIM_Base_SetConfig
                0x0000000008009234      0x140 ./Drivers/STM32F4xx_HAL_Driver/stm32f4xx_hal_tim.o
                0x0000000008009234                TIM_Base_SetConfig
 .text.TIM_TI1_ConfigInputStage
                0x0000000008009374       0x5e ./Drivers/STM32F4xx_HAL_Driver/stm32f4xx_hal_tim.o
 .text.TIM_TI2_ConfigInputStage
                0x00000000080093d2       0x60 ./Drivers/STM32F4xx_HAL_Driver/stm32f4xx_hal_tim.o
 .text.TIM_ITRx_SetConfig
                0x0000000008009432       0x36 ./Drivers/STM32F4xx_HAL_Driver/stm32f4xx_hal_tim.o
 .text.TIM_ETR_SetConfig
                0x0000000008009468       0x40 ./Drivers/STM32F4xx_HAL_Driver/stm32f4xx_hal_tim.o
                0x0000000008009468                TIM_ETR_SetConfig
 .text.HAL_TIMEx_MasterConfigSynchronization
                0x00000000080094a8       0xf8 ./Drivers/STM32F4xx_HAL_Driver/stm32f4xx_hal_tim_ex.o
                0x00000000080094a8                HAL_TIMEx_MasterConfigSynchronization
 .text.HAL_TIMEx_CommutCallback
                0x00000000080095a0       0x14 ./Drivers/STM32F4xx_HAL_Driver/stm32f4xx_hal_tim_ex.o
                0x00000000080095a0                HAL_TIMEx_CommutCallback
 .text.HAL_TIMEx_BreakCallback
                0x00000000080095b4       0x14 ./Drivers/STM32F4xx_HAL_Driver/stm32f4xx_hal_tim_ex.o
                0x00000000080095b4                HAL_TIMEx_BreakCallback
 .text.HAL_UART_Init
                0x00000000080095c8       0x9a ./Drivers/STM32F4xx_HAL_Driver/stm32f4xx_hal_uart.o
                0x00000000080095c8                HAL_UART_Init
 .text.HAL_UART_Transmit
                0x0000000008009662      0x124 ./Drivers/STM32F4xx_HAL_Driver/stm32f4xx_hal_uart.o
                0x0000000008009662                HAL_UART_Transmit
 .text.UART_WaitOnFlagUntilTimeout
                0x0000000008009786       0xdc ./Drivers/STM32F4xx_HAL_Driver/stm32f4xx_hal_uart.o
 *fill*         0x0000000008009862        0x2 
 .text.UART_SetConfig
                0x0000000008009864      0x4e8 ./Drivers/STM32F4xx_HAL_Driver/stm32f4xx_hal_uart.o
 .text.FMC_SDRAM_Init
                0x0000000008009d4c       0xba ./Drivers/STM32F4xx_HAL_Driver/stm32f4xx_ll_fmc.o
                0x0000000008009d4c                FMC_SDRAM_Init
 .text.FMC_SDRAM_Timing_Init
                0x0000000008009e06       0xd2 ./Drivers/STM32F4xx_HAL_Driver/stm32f4xx_ll_fmc.o
                0x0000000008009e06                FMC_SDRAM_Timing_Init
 .text.FMC_SDRAM_SendCommand
                0x0000000008009ed8       0x7a ./Drivers/STM32F4xx_HAL_Driver/stm32f4xx_ll_fmc.o
                0x0000000008009ed8                FMC_SDRAM_SendCommand
 .text.FMC_SDRAM_ProgramRefreshRate
                0x0000000008009f52       0x2e ./Drivers/STM32F4xx_HAL_Driver/stm32f4xx_ll_fmc.o
                0x0000000008009f52                FMC_SDRAM_ProgramRefreshRate
 .text.USB_CoreInit
                0x0000000008009f80       0xc2 ./Drivers/STM32F4xx_HAL_Driver/stm32f4xx_ll_usb.o
                0x0000000008009f80                USB_CoreInit
 .text.USB_EnableGlobalInt
                0x000000000800a042       0x22 ./Drivers/STM32F4xx_HAL_Driver/stm32f4xx_ll_usb.o
                0x000000000800a042                USB_EnableGlobalInt
 .text.USB_DisableGlobalInt
                0x000000000800a064       0x22 ./Drivers/STM32F4xx_HAL_Driver/stm32f4xx_ll_usb.o
                0x000000000800a064                USB_DisableGlobalInt
 .text.USB_SetCurrentMode
                0x000000000800a086       0x98 ./Drivers/STM32F4xx_HAL_Driver/stm32f4xx_ll_usb.o
                0x000000000800a086                USB_SetCurrentMode
 *fill*         0x000000000800a11e        0x2 
 .text.USB_FlushTxFifo
                0x000000000800a120       0x68 ./Drivers/STM32F4xx_HAL_Driver/stm32f4xx_ll_usb.o
                0x000000000800a120                USB_FlushTxFifo
 .text.USB_FlushRxFifo
                0x000000000800a188       0x60 ./Drivers/STM32F4xx_HAL_Driver/stm32f4xx_ll_usb.o
                0x000000000800a188                USB_FlushRxFifo
 .text.USB_WritePacket
                0x000000000800a1e8       0x7c ./Drivers/STM32F4xx_HAL_Driver/stm32f4xx_ll_usb.o
                0x000000000800a1e8                USB_WritePacket
 .text.USB_ReadPacket
                0x000000000800a264       0xb0 ./Drivers/STM32F4xx_HAL_Driver/stm32f4xx_ll_usb.o
                0x000000000800a264                USB_ReadPacket
 .text.USB_ReadInterrupts
                0x000000000800a314       0x26 ./Drivers/STM32F4xx_HAL_Driver/stm32f4xx_ll_usb.o
                0x000000000800a314                USB_ReadInterrupts
 .text.USB_GetMode
                0x000000000800a33a       0x1c ./Drivers/STM32F4xx_HAL_Driver/stm32f4xx_ll_usb.o
                0x000000000800a33a                USB_GetMode
 *fill*         0x000000000800a356        0x2 
 .text.USB_CoreReset
                0x000000000800a358       0x68 ./Drivers/STM32F4xx_HAL_Driver/stm32f4xx_ll_usb.o
 .text.USB_HostInit
                0x000000000800a3c0      0x180 ./Drivers/STM32F4xx_HAL_Driver/stm32f4xx_ll_usb.o
                0x000000000800a3c0                USB_HostInit
 .text.USB_InitFSLSPClkSel
                0x000000000800a540       0x74 ./Drivers/STM32F4xx_HAL_Driver/stm32f4xx_ll_usb.o
                0x000000000800a540                USB_InitFSLSPClkSel
 .text.USB_ResetPort
                0x000000000800a5b4       0x54 ./Drivers/STM32F4xx_HAL_Driver/stm32f4xx_ll_usb.o
                0x000000000800a5b4                USB_ResetPort
 .text.USB_DriveVbus
                0x000000000800a608       0x72 ./Drivers/STM32F4xx_HAL_Driver/stm32f4xx_ll_usb.o
                0x000000000800a608                USB_DriveVbus
 .text.USB_GetHostSpeed
                0x000000000800a67a       0x2e ./Drivers/STM32F4xx_HAL_Driver/stm32f4xx_ll_usb.o
                0x000000000800a67a                USB_GetHostSpeed
 .text.USB_GetCurrentFrame
                0x000000000800a6a8       0x22 ./Drivers/STM32F4xx_HAL_Driver/stm32f4xx_ll_usb.o
                0x000000000800a6a8                USB_GetCurrentFrame
 *fill*         0x000000000800a6ca        0x2 
 .text.USB_HC_Init
                0x000000000800a6cc      0x244 ./Drivers/STM32F4xx_HAL_Driver/stm32f4xx_ll_usb.o
                0x000000000800a6cc                USB_HC_Init
 .text.USB_HC_StartXfer
                0x000000000800a910      0x284 ./Drivers/STM32F4xx_HAL_Driver/stm32f4xx_ll_usb.o
                0x000000000800a910                USB_HC_StartXfer
 .text.USB_HC_ReadInterrupt
                0x000000000800ab94       0x22 ./Drivers/STM32F4xx_HAL_Driver/stm32f4xx_ll_usb.o
                0x000000000800ab94                USB_HC_ReadInterrupt
 .text.USB_HC_Halt
                0x000000000800abb6      0x1f8 ./Drivers/STM32F4xx_HAL_Driver/stm32f4xx_ll_usb.o
                0x000000000800abb6                USB_HC_Halt
 *fill*         0x000000000800adae        0x2 
 .text.USB_DoPing
                0x000000000800adb0       0x78 ./Drivers/STM32F4xx_HAL_Driver/stm32f4xx_ll_usb.o
                0x000000000800adb0                USB_DoPing
 .text.USB_StopHost
                0x000000000800ae28      0x124 ./Drivers/STM32F4xx_HAL_Driver/stm32f4xx_ll_usb.o
                0x000000000800ae28                USB_StopHost
 .text.makeFreeRtosPriority
                0x000000000800af4c       0x30 ./Middlewares/FreeRTOS/cmsis_os.o
 .text.inHandlerMode
                0x000000000800af7c       0x24 ./Middlewares/FreeRTOS/cmsis_os.o
 .text.osKernelStart
                0x000000000800afa0        0xe ./Middlewares/FreeRTOS/cmsis_os.o
                0x000000000800afa0                osKernelStart
 .text.osThreadCreate
                0x000000000800afae       0x98 ./Middlewares/FreeRTOS/cmsis_os.o
                0x000000000800afae                osThreadCreate
 .text.osDelay  0x000000000800b046       0x28 ./Middlewares/FreeRTOS/cmsis_os.o
                0x000000000800b046                osDelay
 .text.osMessageCreate
                0x000000000800b06e       0x50 ./Middlewares/FreeRTOS/cmsis_os.o
                0x000000000800b06e                osMessageCreate
 *fill*         0x000000000800b0be        0x2 
 .text.osMessagePut
                0x000000000800b0c0       0x80 ./Middlewares/FreeRTOS/cmsis_os.o
                0x000000000800b0c0                osMessagePut
 .text.osMessageGet
                0x000000000800b140       0xe8 ./Middlewares/FreeRTOS/cmsis_os.o
                0x000000000800b140                osMessageGet
 .text.pvPortMalloc
                0x000000000800b228      0x198 ./Middlewares/FreeRTOS/heap_4.o
                0x000000000800b228                pvPortMalloc
 .text.vPortFree
                0x000000000800b3c0       0xc4 ./Middlewares/FreeRTOS/heap_4.o
                0x000000000800b3c0                vPortFree
 .text.prvHeapInit
                0x000000000800b484       0xc4 ./Middlewares/FreeRTOS/heap_4.o
 .text.prvInsertBlockIntoFreeList
                0x000000000800b548       0xb4 ./Middlewares/FreeRTOS/heap_4.o
 .text.vListInitialise
                0x000000000800b5fc       0x40 ./Middlewares/FreeRTOS/list.o
                0x000000000800b5fc                vListInitialise
 .text.vListInitialiseItem
                0x000000000800b63c       0x1a ./Middlewares/FreeRTOS/list.o
                0x000000000800b63c                vListInitialiseItem
 .text.vListInsertEnd
                0x000000000800b656       0x48 ./Middlewares/FreeRTOS/list.o
                0x000000000800b656                vListInsertEnd
 .text.vListInsert
                0x000000000800b69e       0x72 ./Middlewares/FreeRTOS/list.o
                0x000000000800b69e                vListInsert
 .text.uxListRemove
                0x000000000800b710       0x54 ./Middlewares/FreeRTOS/list.o
                0x000000000800b710                uxListRemove
 .text.pxPortInitialiseStack
                0x000000000800b764       0x68 ./Middlewares/FreeRTOS/port.o
                0x000000000800b764                pxPortInitialiseStack
 .text.prvTaskExitError
                0x000000000800b7cc       0x58 ./Middlewares/FreeRTOS/port.o
 *fill*         0x000000000800b824        0xc 
 .text.SVC_Handler
                0x000000000800b830       0x28 ./Middlewares/FreeRTOS/port.o
                0x000000000800b830                SVC_Handler
 .text.prvPortStartFirstTask
                0x000000000800b858       0x28 ./Middlewares/FreeRTOS/port.o
 .text.xPortStartScheduler
                0x000000000800b880      0x144 ./Middlewares/FreeRTOS/port.o
                0x000000000800b880                xPortStartScheduler
 .text.vPortEnterCritical
                0x000000000800b9c4       0x60 ./Middlewares/FreeRTOS/port.o
                0x000000000800b9c4                vPortEnterCritical
 .text.vPortExitCritical
                0x000000000800ba24       0x54 ./Middlewares/FreeRTOS/port.o
                0x000000000800ba24                vPortExitCritical
 *fill*         0x000000000800ba78        0x8 
 .text.PendSV_Handler
                0x000000000800ba80       0x68 ./Middlewares/FreeRTOS/port.o
                0x000000000800ba80                PendSV_Handler
 .text.SysTick_Handler
                0x000000000800bae8       0x44 ./Middlewares/FreeRTOS/port.o
                0x000000000800bae8                SysTick_Handler
 .text.vPortSetupTimerInterrupt
                0x000000000800bb2c       0x48 ./Middlewares/FreeRTOS/port.o
                0x000000000800bb2c                vPortSetupTimerInterrupt
 .text.vPortEnableVFP
                0x000000000800bb74       0x14 ./Middlewares/FreeRTOS/port.o
 .text.vPortValidateInterruptPriority
                0x000000000800bb88       0x80 ./Middlewares/FreeRTOS/port.o
                0x000000000800bb88                vPortValidateInterruptPriority
 .text.xQueueGenericReset
                0x000000000800bc08       0xd0 ./Middlewares/FreeRTOS/queue.o
                0x000000000800bc08                xQueueGenericReset
 .text.xQueueGenericCreateStatic
                0x000000000800bcd8       0xf0 ./Middlewares/FreeRTOS/queue.o
                0x000000000800bcd8                xQueueGenericCreateStatic
 .text.xQueueGenericCreate
                0x000000000800bdc8       0x74 ./Middlewares/FreeRTOS/queue.o
                0x000000000800bdc8                xQueueGenericCreate
 .text.prvInitialiseNewQueue
                0x000000000800be3c       0x3e ./Middlewares/FreeRTOS/queue.o
 *fill*         0x000000000800be7a        0x2 
 .text.xQueueGenericSend
                0x000000000800be7c      0x1fc ./Middlewares/FreeRTOS/queue.o
                0x000000000800be7c                xQueueGenericSend
 .text.xQueueGenericSendFromISR
                0x000000000800c078      0x136 ./Middlewares/FreeRTOS/queue.o
                0x000000000800c078                xQueueGenericSendFromISR
 *fill*         0x000000000800c1ae        0x2 
 .text.xQueueReceive
                0x000000000800c1b0      0x1c0 ./Middlewares/FreeRTOS/queue.o
                0x000000000800c1b0                xQueueReceive
 .text.xQueueReceiveFromISR
                0x000000000800c370      0x100 ./Middlewares/FreeRTOS/queue.o
                0x000000000800c370                xQueueReceiveFromISR
 .text.prvCopyDataToQueue
                0x000000000800c470       0xd4 ./Middlewares/FreeRTOS/queue.o
 .text.prvCopyDataFromQueue
                0x000000000800c544       0x4c ./Middlewares/FreeRTOS/queue.o
 .text.prvUnlockQueue
                0x000000000800c590       0xa4 ./Middlewares/FreeRTOS/queue.o
 .text.prvIsQueueEmpty
                0x000000000800c634       0x2c ./Middlewares/FreeRTOS/queue.o
 .text.prvIsQueueFull
                0x000000000800c660       0x30 ./Middlewares/FreeRTOS/queue.o
 .text.xTaskCreateStatic
                0x000000000800c690       0xba ./Middlewares/FreeRTOS/tasks.o
                0x000000000800c690                xTaskCreateStatic
 .text.xTaskCreate
                0x000000000800c74a       0x8a ./Middlewares/FreeRTOS/tasks.o
                0x000000000800c74a                xTaskCreate
 .text.prvInitialiseNewTask
                0x000000000800c7d4      0x10e ./Middlewares/FreeRTOS/tasks.o
 *fill*         0x000000000800c8e2        0x2 
 .text.prvAddNewTaskToReadyList
                0x000000000800c8e4       0xd4 ./Middlewares/FreeRTOS/tasks.o
 .text.vTaskDelete
                0x000000000800c9b8      0x120 ./Middlewares/FreeRTOS/tasks.o
                0x000000000800c9b8                vTaskDelete
 .text.vTaskDelay
                0x000000000800cad8       0x68 ./Middlewares/FreeRTOS/tasks.o
                0x000000000800cad8                vTaskDelay
 .text.vTaskStartScheduler
                0x000000000800cb40       0xc0 ./Middlewares/FreeRTOS/tasks.o
                0x000000000800cb40                vTaskStartScheduler
 .text.vTaskSuspendAll
                0x000000000800cc00       0x1c ./Middlewares/FreeRTOS/tasks.o
                0x000000000800cc00                vTaskSuspendAll
 .text.xTaskResumeAll
                0x000000000800cc1c      0x138 ./Middlewares/FreeRTOS/tasks.o
                0x000000000800cc1c                xTaskResumeAll
 .text.xTaskIncrementTick
                0x000000000800cd54      0x170 ./Middlewares/FreeRTOS/tasks.o
                0x000000000800cd54                xTaskIncrementTick
 .text.vTaskSwitchContext
                0x000000000800cec4       0xb8 ./Middlewares/FreeRTOS/tasks.o
                0x000000000800cec4                vTaskSwitchContext
 .text.vTaskPlaceOnEventList
                0x000000000800cf7c       0x48 ./Middlewares/FreeRTOS/tasks.o
                0x000000000800cf7c                vTaskPlaceOnEventList
 .text.xTaskRemoveFromEventList
                0x000000000800cfc4       0xc4 ./Middlewares/FreeRTOS/tasks.o
                0x000000000800cfc4                xTaskRemoveFromEventList
 .text.vTaskInternalSetTimeOutState
                0x000000000800d088       0x2c ./Middlewares/FreeRTOS/tasks.o
                0x000000000800d088                vTaskInternalSetTimeOutState
 .text.xTaskCheckForTimeOut
                0x000000000800d0b4       0xc4 ./Middlewares/FreeRTOS/tasks.o
                0x000000000800d0b4                xTaskCheckForTimeOut
 .text.vTaskMissedYield
                0x000000000800d178       0x18 ./Middlewares/FreeRTOS/tasks.o
                0x000000000800d178                vTaskMissedYield
 .text.prvIdleTask
                0x000000000800d190       0x30 ./Middlewares/FreeRTOS/tasks.o
 .text.prvInitialiseTaskLists
                0x000000000800d1c0       0x80 ./Middlewares/FreeRTOS/tasks.o
 .text.prvCheckTasksWaitingTermination
                0x000000000800d240       0x5c ./Middlewares/FreeRTOS/tasks.o
 .text.prvDeleteTCB
                0x000000000800d29c       0x5e ./Middlewares/FreeRTOS/tasks.o
 *fill*         0x000000000800d2fa        0x2 
 .text.prvResetNextTaskUnblockTime
                0x000000000800d2fc       0x40 ./Middlewares/FreeRTOS/tasks.o
 .text.xTaskGetSchedulerState
                0x000000000800d33c       0x3c ./Middlewares/FreeRTOS/tasks.o
                0x000000000800d33c                xTaskGetSchedulerState
 .text.xTaskPriorityDisinherit
                0x000000000800d378      0x10c ./Middlewares/FreeRTOS/tasks.o
                0x000000000800d378                xTaskPriorityDisinherit
 .text.prvAddCurrentTaskToDelayedList
                0x000000000800d484       0xcc ./Middlewares/FreeRTOS/tasks.o
 .text.USBH_CDC_InterfaceInit
                0x000000000800d550      0x2ac ./Middlewares/USB_Host_Library/usbh_cdc.o
 .text.USBH_CDC_InterfaceDeInit
                0x000000000800d7fc       0xb2 ./Middlewares/USB_Host_Library/usbh_cdc.o
 .text.USBH_CDC_ClassRequest
                0x000000000800d8ae       0x3e ./Middlewares/USB_Host_Library/usbh_cdc.o
 .text.USBH_CDC_Process
                0x000000000800d8ec      0x12c ./Middlewares/USB_Host_Library/usbh_cdc.o
 .text.USBH_CDC_SOFProcess
                0x000000000800da18       0x16 ./Middlewares/USB_Host_Library/usbh_cdc.o
 .text.GetLineCoding
                0x000000000800da2e       0x3e ./Middlewares/USB_Host_Library/usbh_cdc.o
 .text.SetLineCoding
                0x000000000800da6c       0x3e ./Middlewares/USB_Host_Library/usbh_cdc.o
 .text.CDC_ProcessTransmission
                0x000000000800daaa      0x124 ./Middlewares/USB_Host_Library/usbh_cdc.o
 .text.CDC_ProcessReception
                0x000000000800dbce       0xd2 ./Middlewares/USB_Host_Library/usbh_cdc.o
 .text.USBH_CDC_TransmitCallback
                0x000000000800dca0       0x14 ./Middlewares/USB_Host_Library/usbh_cdc.o
                0x000000000800dca0                USBH_CDC_TransmitCallback
 .text.USBH_CDC_ReceiveCallback
                0x000000000800dcb4       0x14 ./Middlewares/USB_Host_Library/usbh_cdc.o
                0x000000000800dcb4                USBH_CDC_ReceiveCallback
 .text.USBH_CDC_LineCodingChanged
                0x000000000800dcc8       0x14 ./Middlewares/USB_Host_Library/usbh_cdc.o
                0x000000000800dcc8                USBH_CDC_LineCodingChanged
 .text.USBH_Init
                0x000000000800dcdc       0xc4 ./Middlewares/USB_Host_Library/usbh_core.o
                0x000000000800dcdc                USBH_Init
 .text.DeInitStateMachine
                0x000000000800dda0       0xa8 ./Middlewares/USB_Host_Library/usbh_core.o
 .text.USBH_RegisterClass
                0x000000000800de48       0x54 ./Middlewares/USB_Host_Library/usbh_core.o
                0x000000000800de48                USBH_RegisterClass
 .text.USBH_SelectInterface
                0x000000000800de9c       0x38 ./Middlewares/USB_Host_Library/usbh_core.o
                0x000000000800de9c                USBH_SelectInterface
 .text.USBH_FindInterface
                0x000000000800ded4       0x8c ./Middlewares/USB_Host_Library/usbh_core.o
                0x000000000800ded4                USBH_FindInterface
 .text.USBH_Start
                0x000000000800df60       0x20 ./Middlewares/USB_Host_Library/usbh_core.o
                0x000000000800df60                USBH_Start
 .text.USBH_Process
                0x000000000800df80      0x4d8 ./Middlewares/USB_Host_Library/usbh_core.o
                0x000000000800df80                USBH_Process
 .text.USBH_HandleEnum
                0x000000000800e458      0x458 ./Middlewares/USB_Host_Library/usbh_core.o
 .text.USBH_LL_SetTimer
                0x000000000800e8b0       0x1e ./Middlewares/USB_Host_Library/usbh_core.o
                0x000000000800e8b0                USBH_LL_SetTimer
 .text.USBH_LL_IncTimer
                0x000000000800e8ce       0x24 ./Middlewares/USB_Host_Library/usbh_core.o
                0x000000000800e8ce                USBH_LL_IncTimer
 .text.USBH_HandleSof
                0x000000000800e8f2       0x30 ./Middlewares/USB_Host_Library/usbh_core.o
 .text.USBH_LL_PortEnabled
                0x000000000800e922       0x34 ./Middlewares/USB_Host_Library/usbh_core.o
                0x000000000800e922                USBH_LL_PortEnabled
 .text.USBH_LL_PortDisabled
                0x000000000800e956       0x1c ./Middlewares/USB_Host_Library/usbh_core.o
                0x000000000800e956                USBH_LL_PortDisabled
 .text.USBH_LL_Connect
                0x000000000800e972       0x46 ./Middlewares/USB_Host_Library/usbh_core.o
                0x000000000800e972                USBH_LL_Connect
 .text.USBH_LL_Disconnect
                0x000000000800e9b8       0x64 ./Middlewares/USB_Host_Library/usbh_core.o
                0x000000000800e9b8                USBH_LL_Disconnect
 .text.USBH_Process_OS
                0x000000000800ea1c       0x2a ./Middlewares/USB_Host_Library/usbh_core.o
 .text.USBH_LL_NotifyURBChange
                0x000000000800ea46       0x2e ./Middlewares/USB_Host_Library/usbh_core.o
                0x000000000800ea46                USBH_LL_NotifyURBChange
 .text.USBH_Get_DevDesc
                0x000000000800ea74       0x50 ./Middlewares/USB_Host_Library/usbh_ctlreq.o
                0x000000000800ea74                USBH_Get_DevDesc
 .text.USBH_Get_CfgDesc
                0x000000000800eac4       0x48 ./Middlewares/USB_Host_Library/usbh_ctlreq.o
                0x000000000800eac4                USBH_Get_CfgDesc
 .text.USBH_Get_StringDesc
                0x000000000800eb0c       0x56 ./Middlewares/USB_Host_Library/usbh_ctlreq.o
                0x000000000800eb0c                USBH_Get_StringDesc
 .text.USBH_GetDescriptor
                0x000000000800eb62       0x6a ./Middlewares/USB_Host_Library/usbh_ctlreq.o
                0x000000000800eb62                USBH_GetDescriptor
 .text.USBH_SetAddress
                0x000000000800ebcc       0x48 ./Middlewares/USB_Host_Library/usbh_ctlreq.o
                0x000000000800ebcc                USBH_SetAddress
 .text.USBH_SetCfg
                0x000000000800ec14       0x46 ./Middlewares/USB_Host_Library/usbh_ctlreq.o
                0x000000000800ec14                USBH_SetCfg
 .text.USBH_SetFeature
                0x000000000800ec5a       0x48 ./Middlewares/USB_Host_Library/usbh_ctlreq.o
                0x000000000800ec5a                USBH_SetFeature
 .text.USBH_ClrFeature
                0x000000000800eca2       0x48 ./Middlewares/USB_Host_Library/usbh_ctlreq.o
                0x000000000800eca2                USBH_ClrFeature
 .text.USBH_ParseDevDesc
                0x000000000800ecea      0x122 ./Middlewares/USB_Host_Library/usbh_ctlreq.o
 .text.USBH_ParseCfgDesc
                0x000000000800ee0c      0x1ec ./Middlewares/USB_Host_Library/usbh_ctlreq.o
 .text.USBH_ParseInterfaceDesc
                0x000000000800eff8       0x5e ./Middlewares/USB_Host_Library/usbh_ctlreq.o
 .text.USBH_ParseEPDesc
                0x000000000800f056      0x14a ./Middlewares/USB_Host_Library/usbh_ctlreq.o
 .text.USBH_ParseStringDesc
                0x000000000800f1a0       0x66 ./Middlewares/USB_Host_Library/usbh_ctlreq.o
 .text.USBH_GetNextDesc
                0x000000000800f206       0x36 ./Middlewares/USB_Host_Library/usbh_ctlreq.o
                0x000000000800f206                USBH_GetNextDesc
 .text.USBH_CtlReq
                0x000000000800f23c       0xb2 ./Middlewares/USB_Host_Library/usbh_ctlreq.o
                0x000000000800f23c                USBH_CtlReq
 *fill*         0x000000000800f2ee        0x2 
 .text.USBH_HandleControl
                0x000000000800f2f0      0x490 ./Middlewares/USB_Host_Library/usbh_ctlreq.o
 .text.USBH_CtlSendSetup
                0x000000000800f780       0x34 ./Middlewares/USB_Host_Library/usbh_ioreq.o
                0x000000000800f780                USBH_CtlSendSetup
 .text.USBH_CtlSendData
                0x000000000800f7b4       0x4a ./Middlewares/USB_Host_Library/usbh_ioreq.o
                0x000000000800f7b4                USBH_CtlSendData
 .text.USBH_CtlReceiveData
                0x000000000800f7fe       0x3c ./Middlewares/USB_Host_Library/usbh_ioreq.o
                0x000000000800f7fe                USBH_CtlReceiveData
 .text.USBH_BulkSendData
                0x000000000800f83a       0x4a ./Middlewares/USB_Host_Library/usbh_ioreq.o
                0x000000000800f83a                USBH_BulkSendData
 .text.USBH_BulkReceiveData
                0x000000000800f884       0x3c ./Middlewares/USB_Host_Library/usbh_ioreq.o
                0x000000000800f884                USBH_BulkReceiveData
 .text.USBH_OpenPipe
                0x000000000800f8c0       0x3e ./Middlewares/USB_Host_Library/usbh_pipes.o
                0x000000000800f8c0                USBH_OpenPipe
 .text.USBH_ClosePipe
                0x000000000800f8fe       0x20 ./Middlewares/USB_Host_Library/usbh_pipes.o
                0x000000000800f8fe                USBH_ClosePipe
 .text.USBH_AllocPipe
                0x000000000800f91e       0x42 ./Middlewares/USB_Host_Library/usbh_pipes.o
                0x000000000800f91e                USBH_AllocPipe
 .text.USBH_FreePipe
                0x000000000800f960       0x3c ./Middlewares/USB_Host_Library/usbh_pipes.o
                0x000000000800f960                USBH_FreePipe
 .text.USBH_GetFreePipe
                0x000000000800f99c       0x48 ./Middlewares/USB_Host_Library/usbh_pipes.o
 .text.MX_USB_HOST_Init
                0x000000000800f9e4       0x4c ./USB_HOST/App/usb_host.o
                0x000000000800f9e4                MX_USB_HOST_Init
 .text.USBH_UserProcess
                0x000000000800fa30       0x5c ./USB_HOST/App/usb_host.o
 .text.HAL_HCD_MspInit
                0x000000000800fa8c       0xbc ./USB_HOST/Target/usbh_conf.o
                0x000000000800fa8c                HAL_HCD_MspInit
 .text.HAL_HCD_SOF_Callback
                0x000000000800fb48       0x1c ./USB_HOST/Target/usbh_conf.o
                0x000000000800fb48                HAL_HCD_SOF_Callback
 .text.HAL_HCD_Connect_Callback
                0x000000000800fb64       0x1c ./USB_HOST/Target/usbh_conf.o
                0x000000000800fb64                HAL_HCD_Connect_Callback
 .text.HAL_HCD_Disconnect_Callback
                0x000000000800fb80       0x1c ./USB_HOST/Target/usbh_conf.o
                0x000000000800fb80                HAL_HCD_Disconnect_Callback
 .text.HAL_HCD_HC_NotifyURBChange_Callback
                0x000000000800fb9c       0x24 ./USB_HOST/Target/usbh_conf.o
                0x000000000800fb9c                HAL_HCD_HC_NotifyURBChange_Callback
 .text.HAL_HCD_PortEnabled_Callback
                0x000000000800fbc0       0x1c ./USB_HOST/Target/usbh_conf.o
                0x000000000800fbc0                HAL_HCD_PortEnabled_Callback
 .text.HAL_HCD_PortDisabled_Callback
                0x000000000800fbdc       0x1c ./USB_HOST/Target/usbh_conf.o
                0x000000000800fbdc                HAL_HCD_PortDisabled_Callback
 .text.USBH_LL_Init
                0x000000000800fbf8       0x8c ./USB_HOST/Target/usbh_conf.o
                0x000000000800fbf8                USBH_LL_Init
 .text.USBH_LL_Start
                0x000000000800fc84       0x36 ./USB_HOST/Target/usbh_conf.o
                0x000000000800fc84                USBH_LL_Start
 .text.USBH_LL_Stop
                0x000000000800fcba       0x36 ./USB_HOST/Target/usbh_conf.o
                0x000000000800fcba                USBH_LL_Stop
 .text.USBH_LL_GetSpeed
                0x000000000800fcf0       0x4e ./USB_HOST/Target/usbh_conf.o
                0x000000000800fcf0                USBH_LL_GetSpeed
 .text.USBH_LL_ResetPort
                0x000000000800fd3e       0x36 ./USB_HOST/Target/usbh_conf.o
                0x000000000800fd3e                USBH_LL_ResetPort
 .text.USBH_LL_GetLastXferSize
                0x000000000800fd74       0x26 ./USB_HOST/Target/usbh_conf.o
                0x000000000800fd74                USBH_LL_GetLastXferSize
 .text.USBH_LL_OpenPipe
                0x000000000800fd9a       0x5e ./USB_HOST/Target/usbh_conf.o
                0x000000000800fd9a                USBH_LL_OpenPipe
 .text.USBH_LL_ClosePipe
                0x000000000800fdf8       0x3e ./USB_HOST/Target/usbh_conf.o
                0x000000000800fdf8                USBH_LL_ClosePipe
 .text.USBH_LL_SubmitURB
                0x000000000800fe36       0x62 ./USB_HOST/Target/usbh_conf.o
                0x000000000800fe36                USBH_LL_SubmitURB
 .text.USBH_LL_GetURBState
                0x000000000800fe98       0x26 ./USB_HOST/Target/usbh_conf.o
                0x000000000800fe98                USBH_LL_GetURBState
 .text.USBH_LL_DriverVBUS
                0x000000000800febe       0x2e ./USB_HOST/Target/usbh_conf.o
                0x000000000800febe                USBH_LL_DriverVBUS
 .text.USBH_LL_SetToggle
                0x000000000800feec       0x60 ./USB_HOST/Target/usbh_conf.o
                0x000000000800feec                USBH_LL_SetToggle
 .text.USBH_Delay
                0x000000000800ff4c       0x16 ./USB_HOST/Target/usbh_conf.o
                0x000000000800ff4c                USBH_Delay
 *fill*         0x000000000800ff62        0x2 
 .text.USBH_Get_USB_Status
                0x000000000800ff64       0x58 ./USB_HOST/Target/usbh_conf.o
                0x000000000800ff64                USBH_Get_USB_Status
 .text.MX_DriverVbusHS
                0x000000000800ffbc       0x38 ./USB_HOST/Target/usbh_platform.o
                0x000000000800ffbc                MX_DriverVbusHS
 .text.__errno  0x000000000800fff4        0xc c:/st/stm32cubeide_1.4.0/stm32cubeide/plugins/com.st.stm32cube.ide.mcu.externaltools.gnu-tools-for-stm32.10.3-2021.10.win32_1.0.200.202301161003/tools/bin/../lib/gcc/arm-none-eabi/10.3.1/../../../../arm-none-eabi/lib/thumb/v7e-m+fp/hard\libc_nano.a(lib_a-errno.o)
                0x000000000800fff4                __errno
 .text.__libc_init_array
                0x0000000008010000       0x48 c:/st/stm32cubeide_1.4.0/stm32cubeide/plugins/com.st.stm32cube.ide.mcu.externaltools.gnu-tools-for-stm32.10.3-2021.10.win32_1.0.200.202301161003/tools/bin/../lib/gcc/arm-none-eabi/10.3.1/../../../../arm-none-eabi/lib/thumb/v7e-m+fp/hard\libc_nano.a(lib_a-init.o)
                0x0000000008010000                __libc_init_array
 .text.malloc   0x0000000008010048       0x10 c:/st/stm32cubeide_1.4.0/stm32cubeide/plugins/com.st.stm32cube.ide.mcu.externaltools.gnu-tools-for-stm32.10.3-2021.10.win32_1.0.200.202301161003/tools/bin/../lib/gcc/arm-none-eabi/10.3.1/../../../../arm-none-eabi/lib/thumb/v7e-m+fp/hard\libc_nano.a(lib_a-malloc.o)
                0x0000000008010048                malloc
 .text.free     0x0000000008010058       0x10 c:/st/stm32cubeide_1.4.0/stm32cubeide/plugins/com.st.stm32cube.ide.mcu.externaltools.gnu-tools-for-stm32.10.3-2021.10.win32_1.0.200.202301161003/tools/bin/../lib/gcc/arm-none-eabi/10.3.1/../../../../arm-none-eabi/lib/thumb/v7e-m+fp/hard\libc_nano.a(lib_a-malloc.o)
                0x0000000008010058                free
 .text.memcpy   0x0000000008010068       0x1c c:/st/stm32cubeide_1.4.0/stm32cubeide/plugins/com.st.stm32cube.ide.mcu.externaltools.gnu-tools-for-stm32.10.3-2021.10.win32_1.0.200.202301161003/tools/bin/../lib/gcc/arm-none-eabi/10.3.1/../../../../arm-none-eabi/lib/thumb/v7e-m+fp/hard\libc_nano.a(lib_a-memcpy-stub.o)
                0x0000000008010068                memcpy
 .text.memset   0x0000000008010084       0x10 c:/st/stm32cubeide_1.4.0/stm32cubeide/plugins/com.st.stm32cube.ide.mcu.externaltools.gnu-tools-for-stm32.10.3-2021.10.win32_1.0.200.202301161003/tools/bin/../lib/gcc/arm-none-eabi/10.3.1/../../../../arm-none-eabi/lib/thumb/v7e-m+fp/hard\libc_nano.a(lib_a-memset.o)
                0x0000000008010084                memset
 .text._free_r  0x0000000008010094       0x98 c:/st/stm32cubeide_1.4.0/stm32cubeide/plugins/com.st.stm32cube.ide.mcu.externaltools.gnu-tools-for-stm32.10.3-2021.10.win32_1.0.200.202301161003/tools/bin/../lib/gcc/arm-none-eabi/10.3.1/../../../../arm-none-eabi/lib/thumb/v7e-m+fp/hard\libc_nano.a(lib_a-nano-freer.o)
                0x0000000008010094                _free_r
 .text.sbrk_aligned
                0x000000000801012c       0x40 c:/st/stm32cubeide_1.4.0/stm32cubeide/plugins/com.st.stm32cube.ide.mcu.externaltools.gnu-tools-for-stm32.10.3-2021.10.win32_1.0.200.202301161003/tools/bin/../lib/gcc/arm-none-eabi/10.3.1/../../../../arm-none-eabi/lib/thumb/v7e-m+fp/hard\libc_nano.a(lib_a-nano-mallocr.o)
 .text._malloc_r
                0x000000000801016c       0xe8 c:/st/stm32cubeide_1.4.0/stm32cubeide/plugins/com.st.stm32cube.ide.mcu.externaltools.gnu-tools-for-stm32.10.3-2021.10.win32_1.0.200.202301161003/tools/bin/../lib/gcc/arm-none-eabi/10.3.1/../../../../arm-none-eabi/lib/thumb/v7e-m+fp/hard\libc_nano.a(lib_a-nano-mallocr.o)
                0x000000000801016c                _malloc_r
 .text._sbrk_r  0x0000000008010254       0x20 c:/st/stm32cubeide_1.4.0/stm32cubeide/plugins/com.st.stm32cube.ide.mcu.externaltools.gnu-tools-for-stm32.10.3-2021.10.win32_1.0.200.202301161003/tools/bin/../lib/gcc/arm-none-eabi/10.3.1/../../../../arm-none-eabi/lib/thumb/v7e-m+fp/hard\libc_nano.a(lib_a-sbrkr.o)
                0x0000000008010254                _sbrk_r
 .text.__malloc_lock
                0x0000000008010274        0xc c:/st/stm32cubeide_1.4.0/stm32cubeide/plugins/com.st.stm32cube.ide.mcu.externaltools.gnu-tools-for-stm32.10.3-2021.10.win32_1.0.200.202301161003/tools/bin/../lib/gcc/arm-none-eabi/10.3.1/../../../../arm-none-eabi/lib/thumb/v7e-m+fp/hard\libc_nano.a(lib_a-mlock.o)
                0x0000000008010274                __malloc_lock
 .text.__malloc_unlock
                0x0000000008010280        0xc c:/st/stm32cubeide_1.4.0/stm32cubeide/plugins/com.st.stm32cube.ide.mcu.externaltools.gnu-tools-for-stm32.10.3-2021.10.win32_1.0.200.202301161003/tools/bin/../lib/gcc/arm-none-eabi/10.3.1/../../../../arm-none-eabi/lib/thumb/v7e-m+fp/hard\libc_nano.a(lib_a-mlock.o)
                0x0000000008010280                __malloc_unlock
 .text.__retarget_lock_acquire_recursive
                0x000000000801028c        0x2 c:/st/stm32cubeide_1.4.0/stm32cubeide/plugins/com.st.stm32cube.ide.mcu.externaltools.gnu-tools-for-stm32.10.3-2021.10.win32_1.0.200.202301161003/tools/bin/../lib/gcc/arm-none-eabi/10.3.1/../../../../arm-none-eabi/lib/thumb/v7e-m+fp/hard\libc_nano.a(lib_a-lock.o)
                0x000000000801028c                __retarget_lock_acquire_recursive
 .text.__retarget_lock_release_recursive
                0x000000000801028e        0x2 c:/st/stm32cubeide_1.4.0/stm32cubeide/plugins/com.st.stm32cube.ide.mcu.externaltools.gnu-tools-for-stm32.10.3-2021.10.win32_1.0.200.202301161003/tools/bin/../lib/gcc/arm-none-eabi/10.3.1/../../../../arm-none-eabi/lib/thumb/v7e-m+fp/hard\libc_nano.a(lib_a-lock.o)
                0x000000000801028e                __retarget_lock_release_recursive
 *(.glue_7)
 .glue_7        0x0000000008010290        0x0 linker stubs
 *(.glue_7t)
 .glue_7t       0x0000000008010290        0x0 linker stubs
 *(.eh_frame)
 .eh_frame      0x0000000008010290        0x0 c:/st/stm32cubeide_1.4.0/stm32cubeide/plugins/com.st.stm32cube.ide.mcu.externaltools.gnu-tools-for-stm32.10.3-2021.10.win32_1.0.200.202301161003/tools/bin/../lib/gcc/arm-none-eabi/10.3.1/thumb/v7e-m+fp/hard/crtbegin.o
 *(.init)
 .init          0x0000000008010290        0x4 c:/st/stm32cubeide_1.4.0/stm32cubeide/plugins/com.st.stm32cube.ide.mcu.externaltools.gnu-tools-for-stm32.10.3-2021.10.win32_1.0.200.202301161003/tools/bin/../lib/gcc/arm-none-eabi/10.3.1/thumb/v7e-m+fp/hard/crti.o
                0x0000000008010290                _init
 .init          0x0000000008010294        0x8 c:/st/stm32cubeide_1.4.0/stm32cubeide/plugins/com.st.stm32cube.ide.mcu.externaltools.gnu-tools-for-stm32.10.3-2021.10.win32_1.0.200.202301161003/tools/bin/../lib/gcc/arm-none-eabi/10.3.1/thumb/v7e-m+fp/hard/crtn.o
 *(.fini)
 .fini          0x000000000801029c        0x4 c:/st/stm32cubeide_1.4.0/stm32cubeide/plugins/com.st.stm32cube.ide.mcu.externaltools.gnu-tools-for-stm32.10.3-2021.10.win32_1.0.200.202301161003/tools/bin/../lib/gcc/arm-none-eabi/10.3.1/thumb/v7e-m+fp/hard/crti.o
                0x000000000801029c                _fini
 .fini          0x00000000080102a0        0x8 c:/st/stm32cubeide_1.4.0/stm32cubeide/plugins/com.st.stm32cube.ide.mcu.externaltools.gnu-tools-for-stm32.10.3-2021.10.win32_1.0.200.202301161003/tools/bin/../lib/gcc/arm-none-eabi/10.3.1/thumb/v7e-m+fp/hard/crtn.o
                0x00000000080102a8                . = ALIGN (0x4)
                0x00000000080102a8                _etext = .

.vfp11_veneer   0x00000000080102a8        0x0
 .vfp11_veneer  0x00000000080102a8        0x0 linker stubs

.v4_bx          0x00000000080102a8        0x0
 .v4_bx         0x00000000080102a8        0x0 linker stubs

.iplt           0x00000000080102a8        0x0
 .iplt          0x00000000080102a8        0x0 c:/st/stm32cubeide_1.4.0/stm32cubeide/plugins/com.st.stm32cube.ide.mcu.externaltools.gnu-tools-for-stm32.10.3-2021.10.win32_1.0.200.202301161003/tools/bin/../lib/gcc/arm-none-eabi/10.3.1/thumb/v7e-m+fp/hard/crtbegin.o

.rodata         0x00000000080102a8     0x2a7c
                0x00000000080102a8                . = ALIGN (0x4)
 *(.rodata)
 .rodata        0x00000000080102a8       0x86 ./Core/Src/main.o
 *fill*         0x000000000801032e        0x2 
 .rodata        0x0000000008010330        0x5 ./Middlewares/FreeRTOS/tasks.o
 *fill*         0x0000000008010335        0x3 
 .rodata        0x0000000008010338        0x4 ./Middlewares/USB_Host_Library/usbh_cdc.o
 .rodata        0x000000000801033c       0x38 ./Middlewares/USB_Host_Library/usbh_core.o
 *(.rodata*)
 .rodata.Font24_Table
                0x0000000008010374     0x1ab8 ./Core/Src/stm32f429i_discovery_lcd.o
                0x0000000008010374                Font24_Table
 .rodata.Font20_Table
                0x0000000008011e2c      0xed8 ./Core/Src/stm32f429i_discovery_lcd.o
                0x0000000008011e2c                Font20_Table
 .rodata.AHBPrescTable
                0x0000000008012d04       0x10 ./Core/Src/system_stm32f4xx.o
                0x0000000008012d04                AHBPrescTable
 .rodata.APBPrescTable
                0x0000000008012d14        0x8 ./Core/Src/system_stm32f4xx.o
                0x0000000008012d14                APBPrescTable
 .rodata.flagBitshiftOffset.0
                0x0000000008012d1c        0x8 ./Drivers/STM32F4xx_HAL_Driver/stm32f4xx_hal_dma.o
                0x0000000008012d24                . = ALIGN (0x4)

.ARM.extab      0x0000000008012d24        0x0
                0x0000000008012d24                . = ALIGN (0x4)
 *(.ARM.extab* .gnu.linkonce.armextab.*)
                0x0000000008012d24                . = ALIGN (0x4)

.ARM            0x0000000008012d24        0x8
                0x0000000008012d24                . = ALIGN (0x4)
                0x0000000008012d24                __exidx_start = .
 *(.ARM.exidx*)
 .ARM.exidx     0x0000000008012d24        0x8 c:/st/stm32cubeide_1.4.0/stm32cubeide/plugins/com.st.stm32cube.ide.mcu.externaltools.gnu-tools-for-stm32.10.3-2021.10.win32_1.0.200.202301161003/tools/bin/../lib/gcc/arm-none-eabi/10.3.1/thumb/v7e-m+fp/hard\libgcc.a(_udivmoddi4.o)
                0x0000000008012d2c                __exidx_end = .
                0x0000000008012d2c                . = ALIGN (0x4)

.rel.dyn        0x0000000008012d2c        0x0
 .rel.iplt      0x0000000008012d2c        0x0 c:/st/stm32cubeide_1.4.0/stm32cubeide/plugins/com.st.stm32cube.ide.mcu.externaltools.gnu-tools-for-stm32.10.3-2021.10.win32_1.0.200.202301161003/tools/bin/../lib/gcc/arm-none-eabi/10.3.1/thumb/v7e-m+fp/hard/crtbegin.o

.preinit_array  0x0000000008012d2c        0x0
                0x0000000008012d2c                . = ALIGN (0x4)
                0x0000000008012d2c                PROVIDE (__preinit_array_start = .)
 *(.preinit_array*)
                0x0000000008012d2c                PROVIDE (__preinit_array_end = .)
                0x0000000008012d2c                . = ALIGN (0x4)

.init_array     0x0000000008012d2c        0x4
                0x0000000008012d2c                . = ALIGN (0x4)
                0x0000000008012d2c                PROVIDE (__init_array_start = .)
 *(SORT_BY_NAME(.init_array.*))
 *(.init_array*)
 .init_array    0x0000000008012d2c        0x4 c:/st/stm32cubeide_1.4.0/stm32cubeide/plugins/com.st.stm32cube.ide.mcu.externaltools.gnu-tools-for-stm32.10.3-2021.10.win32_1.0.200.202301161003/tools/bin/../lib/gcc/arm-none-eabi/10.3.1/thumb/v7e-m+fp/hard/crtbegin.o
                0x0000000008012d30                PROVIDE (__init_array_end = .)
                0x0000000008012d30                . = ALIGN (0x4)

.fini_array     0x0000000008012d30        0x4
                0x0000000008012d30                . = ALIGN (0x4)
                [!provide]                        PROVIDE (__fini_array_start = .)
 *(SORT_BY_NAME(.fini_array.*))
 *(.fini_array*)
 .fini_array    0x0000000008012d30        0x4 c:/st/stm32cubeide_1.4.0/stm32cubeide/plugins/com.st.stm32cube.ide.mcu.externaltools.gnu-tools-for-stm32.10.3-2021.10.win32_1.0.200.202301161003/tools/bin/../lib/gcc/arm-none-eabi/10.3.1/thumb/v7e-m+fp/hard/crtbegin.o
                [!provide]                        PROVIDE (__fini_array_end = .)
                0x0000000008012d34                . = ALIGN (0x4)
                0x0000000008012d34                _sidata = LOADADDR (.data)

.data           0x0000000020000000       0xf0 load address 0x0000000008012d34
                0x0000000020000000                . = ALIGN (0x4)
                0x0000000020000000                _sdata = .
 *(.data)
 *(.data*)
 .data.ili9341_drv
                0x0000000020000000       0x38 ./Core/Src/ili9341.o
                0x0000000020000000                ili9341_drv
 .data.sec      0x0000000020000038        0x2 ./Core/Src/main.o
                0x0000000020000038                sec
 *fill*         0x000000002000003a        0x2 
 .data.min      0x000000002000003c        0x2 ./Core/Src/main.o
                0x000000002000003c                min
 *fill*         0x000000002000003e        0x2 
 .data.hora     0x0000000020000040        0x2 ./Core/Src/main.o
                0x0000000020000040                hora
 *fill*         0x0000000020000042        0x2 
 .data.SpixTimeout
                0x0000000020000044        0x4 ./Core/Src/stm32f429i_discovery.o
                0x0000000020000044                SpixTimeout
 .data.Font24   0x0000000020000048        0x8 ./Core/Src/stm32f429i_discovery_lcd.o
                0x0000000020000048                Font24
 .data.Font20   0x0000000020000050        0x8 ./Core/Src/stm32f429i_discovery_lcd.o
                0x0000000020000050                Font20
 .data.sdramstatus.2
                0x0000000020000058        0x1 ./Core/Src/stm32f429i_discovery_sdram.o
 *fill*         0x0000000020000059        0x3 
 .data.SystemCoreClock
                0x000000002000005c        0x4 ./Core/Src/system_stm32f4xx.o
                0x000000002000005c                SystemCoreClock
 .data.uwTickPrio
                0x0000000020000060        0x4 ./Drivers/STM32F4xx_HAL_Driver/stm32f4xx_hal.o
                0x0000000020000060                uwTickPrio
 .data.uwTickFreq
                0x0000000020000064        0x1 ./Drivers/STM32F4xx_HAL_Driver/stm32f4xx_hal.o
                0x0000000020000064                uwTickFreq
 *fill*         0x0000000020000065        0x3 
 .data.uxCriticalNesting
                0x0000000020000068        0x4 ./Middlewares/FreeRTOS/port.o
 .data.CDC_Class
                0x000000002000006c       0x20 ./Middlewares/USB_Host_Library/usbh_cdc.o
                0x000000002000006c                CDC_Class
 .data._impure_ptr
                0x000000002000008c        0x4 c:/st/stm32cubeide_1.4.0/stm32cubeide/plugins/com.st.stm32cube.ide.mcu.externaltools.gnu-tools-for-stm32.10.3-2021.10.win32_1.0.200.202301161003/tools/bin/../lib/gcc/arm-none-eabi/10.3.1/../../../../arm-none-eabi/lib/thumb/v7e-m+fp/hard\libc_nano.a(lib_a-impure.o)
                0x000000002000008c                _impure_ptr
 .data.impure_data
                0x0000000020000090       0x60 c:/st/stm32cubeide_1.4.0/stm32cubeide/plugins/com.st.stm32cube.ide.mcu.externaltools.gnu-tools-for-stm32.10.3-2021.10.win32_1.0.200.202301161003/tools/bin/../lib/gcc/arm-none-eabi/10.3.1/../../../../arm-none-eabi/lib/thumb/v7e-m+fp/hard\libc_nano.a(lib_a-impure.o)
 *(.RamFunc)
 *(.RamFunc*)
                0x00000000200000f0                . = ALIGN (0x4)
                0x00000000200000f0                _edata = .
                0x0000000008012e24                _siccmram = LOADADDR (.ccmram)

.igot.plt       0x00000000200000f0        0x0 load address 0x0000000008012e24
 .igot.plt      0x00000000200000f0        0x0 c:/st/stm32cubeide_1.4.0/stm32cubeide/plugins/com.st.stm32cube.ide.mcu.externaltools.gnu-tools-for-stm32.10.3-2021.10.win32_1.0.200.202301161003/tools/bin/../lib/gcc/arm-none-eabi/10.3.1/thumb/v7e-m+fp/hard/crtbegin.o

.ccmram         0x0000000010000000        0x0 load address 0x0000000008012e24
                0x0000000010000000                . = ALIGN (0x4)
                0x0000000010000000                _sccmram = .
 *(.ccmram)
 *(.ccmram*)
                0x0000000010000000                . = ALIGN (0x4)
                0x0000000010000000                _eccmram = .
                0x0000000010000000                . = ALIGN (0x4)

.bss            0x00000000200000f0     0x4c90
                0x00000000200000f0                _sbss = .
                0x00000000200000f0                __bss_start__ = _sbss
 *(.bss)
 .bss           0x00000000200000f0       0x1c c:/st/stm32cubeide_1.4.0/stm32cubeide/plugins/com.st.stm32cube.ide.mcu.externaltools.gnu-tools-for-stm32.10.3-2021.10.win32_1.0.200.202301161003/tools/bin/../lib/gcc/arm-none-eabi/10.3.1/thumb/v7e-m+fp/hard/crtbegin.o
 *(.bss*)
 .bss.xIdleTaskTCBBuffer
                0x000000002000010c       0x54 ./Core/Src/freertos.o
 .bss.xIdleStack
                0x0000000020000160      0x200 ./Core/Src/freertos.o
 .bss.hadc1     0x0000000020000360       0x48 ./Core/Src/main.o
                0x0000000020000360                hadc1
 .bss.hcrc      0x00000000200003a8        0x8 ./Core/Src/main.o
                0x00000000200003a8                hcrc
 .bss.hdma2d    0x00000000200003b0       0x40 ./Core/Src/main.o
                0x00000000200003b0                hdma2d
 .bss.hi2c3     0x00000000200003f0       0x54 ./Core/Src/main.o
                0x00000000200003f0                hi2c3
 .bss.hltdc     0x0000000020000444       0xa8 ./Core/Src/main.o
                0x0000000020000444                hltdc
 .bss.hspi5     0x00000000200004ec       0x58 ./Core/Src/main.o
                0x00000000200004ec                hspi5
 .bss.htim1     0x0000000020000544       0x48 ./Core/Src/main.o
                0x0000000020000544                htim1
 .bss.huart5    0x000000002000058c       0x44 ./Core/Src/main.o
                0x000000002000058c                huart5
 .bss.huart1    0x00000000200005d0       0x44 ./Core/Src/main.o
                0x00000000200005d0                huart1
 .bss.hsdram1   0x0000000020000614       0x34 ./Core/Src/main.o
                0x0000000020000614                hsdram1
 .bss.defaultTaskHandle
                0x0000000020000648        0x4 ./Core/Src/main.o
                0x0000000020000648                defaultTaskHandle
 .bss.ExecutionTime_Handler
                0x000000002000064c        0x4 ./Core/Src/main.o
                0x000000002000064c                ExecutionTime_Handler
 .bss.SequenceTask_Handler
                0x0000000020000650        0x4 ./Core/Src/main.o
                0x0000000020000650                SequenceTask_Handler
 .bss.ADC1_IN5_Handler
                0x0000000020000654        0x4 ./Core/Src/main.o
                0x0000000020000654                ADC1_IN5_Handler