../Core/Src/main.c:148:5:main	48	static
../Core/Src/main.c:229:6:SystemClock_Config	88	static
../Core/Src/main.c:275:13:MX_ADC1_Init	24	static
../Core/Src/main.c:327:13:MX_CRC_Init	8	static
../Core/Src/main.c:353:13:MX_DMA2D_Init	8	static
../Core/Src/main.c:390:13:MX_I2C3_Init	8	static
../Core/Src/main.c:438:13:MX_LTDC_Init	64	static
../Core/Src/main.c:500:13:MX_SPI5_Init	8	static
../Core/Src/main.c:538:13:MX_TIM1_Init	32	static
../Core/Src/main.c:584:13:MX_UART5_Init	8	static
../Core/Src/main.c:617:13:MX_USART1_UART_Init	8	static
../Core/Src/main.c:646:13:MX_FMC_Init	40	static
../Core/Src/main.c:697:13:MX_GPIO_Init	64	static
../Core/Src/main.c:792:6:apaga_leds	8	static
../Core/Src/main.c:799:6:float_to_char	264	static
../Core/Src/main.c:850:6:ExecutionTime_task	32	static
../Core/Src/main.c:969:6:Sequence_task	16	static
../Core/Src/main.c:1008:6:ADC1_IN5_task	16	static
../Core/Src/main.c:1058:6:StartDefaultTask	24	static
../Core/Src/main.c:1102:6:HAL_TIM_PeriodElapsedCallback	16	static
../Core/Src/main.c:1119:6:Error_Handler	4	static,ignoring_inline_asm
